Archive member included to satisfy reference by file (symbol)

C:/ST/STM32CubeIDE_1.15.1/STM32CubeIDE/plugins/com.st.stm32cube.ide.mcu.externaltools.gnu-tools-for-stm32.12.3.rel1.win32_1.0.200.202406191623/tools/bin/../lib/gcc/arm-none-eabi/12.3.1/../../../../arm-none-eabi/lib/thumb/v7e-m+fp/hard\libc_nano.a(libc_a-exit.o)
                              C:/ST/STM32CubeIDE_1.15.1/STM32CubeIDE/plugins/com.st.stm32cube.ide.mcu.externaltools.gnu-tools-for-stm32.12.3.rel1.win32_1.0.200.202406191623/tools/bin/../lib/gcc/arm-none-eabi/12.3.1/../../../../arm-none-eabi/lib/thumb/v7e-m+fp/hard/crt0.o (exit)
C:/ST/STM32CubeIDE_1.15.1/STM32CubeIDE/plugins/com.st.stm32cube.ide.mcu.externaltools.gnu-tools-for-stm32.12.3.rel1.win32_1.0.200.202406191623/tools/bin/../lib/gcc/arm-none-eabi/12.3.1/../../../../arm-none-eabi/lib/thumb/v7e-m+fp/hard\libc_nano.a(libc_a-findfp.o)
                              C:/ST/STM32CubeIDE_1.15.1/STM32CubeIDE/plugins/com.st.stm32cube.ide.mcu.externaltools.gnu-tools-for-stm32.12.3.rel1.win32_1.0.200.202406191623/tools/bin/../lib/gcc/arm-none-eabi/12.3.1/../../../../arm-none-eabi/lib/thumb/v7e-m+fp/hard\libc_nano.a(libc_a-exit.o) (__stdio_exit_handler)
C:/ST/STM32CubeIDE_1.15.1/STM32CubeIDE/plugins/com.st.stm32cube.ide.mcu.externaltools.gnu-tools-for-stm32.12.3.rel1.win32_1.0.200.202406191623/tools/bin/../lib/gcc/arm-none-eabi/12.3.1/../../../../arm-none-eabi/lib/thumb/v7e-m+fp/hard\libc_nano.a(libc_a-fwalk.o)
                              C:/ST/STM32CubeIDE_1.15.1/STM32CubeIDE/plugins/com.st.stm32cube.ide.mcu.externaltools.gnu-tools-for-stm32.12.3.rel1.win32_1.0.200.202406191623/tools/bin/../lib/gcc/arm-none-eabi/12.3.1/../../../../arm-none-eabi/lib/thumb/v7e-m+fp/hard\libc_nano.a(libc_a-findfp.o) (_fwalk_sglue)
C:/ST/STM32CubeIDE_1.15.1/STM32CubeIDE/plugins/com.st.stm32cube.ide.mcu.externaltools.gnu-tools-for-stm32.12.3.rel1.win32_1.0.200.202406191623/tools/bin/../lib/gcc/arm-none-eabi/12.3.1/../../../../arm-none-eabi/lib/thumb/v7e-m+fp/hard\libc_nano.a(libc_a-stdio.o)
                              C:/ST/STM32CubeIDE_1.15.1/STM32CubeIDE/plugins/com.st.stm32cube.ide.mcu.externaltools.gnu-tools-for-stm32.12.3.rel1.win32_1.0.200.202406191623/tools/bin/../lib/gcc/arm-none-eabi/12.3.1/../../../../arm-none-eabi/lib/thumb/v7e-m+fp/hard\libc_nano.a(libc_a-findfp.o) (__sread)
C:/ST/STM32CubeIDE_1.15.1/STM32CubeIDE/plugins/com.st.stm32cube.ide.mcu.externaltools.gnu-tools-for-stm32.12.3.rel1.win32_1.0.200.202406191623/tools/bin/../lib/gcc/arm-none-eabi/12.3.1/../../../../arm-none-eabi/lib/thumb/v7e-m+fp/hard\libc_nano.a(libc_a-memset.o)
                              C:/ST/STM32CubeIDE_1.15.1/STM32CubeIDE/plugins/com.st.stm32cube.ide.mcu.externaltools.gnu-tools-for-stm32.12.3.rel1.win32_1.0.200.202406191623/tools/bin/../lib/gcc/arm-none-eabi/12.3.1/../../../../arm-none-eabi/lib/thumb/v7e-m+fp/hard/crt0.o (memset)
C:/ST/STM32CubeIDE_1.15.1/STM32CubeIDE/plugins/com.st.stm32cube.ide.mcu.externaltools.gnu-tools-for-stm32.12.3.rel1.win32_1.0.200.202406191623/tools/bin/../lib/gcc/arm-none-eabi/12.3.1/../../../../arm-none-eabi/lib/thumb/v7e-m+fp/hard\libc_nano.a(libc_a-closer.o)
                              C:/ST/STM32CubeIDE_1.15.1/STM32CubeIDE/plugins/com.st.stm32cube.ide.mcu.externaltools.gnu-tools-for-stm32.12.3.rel1.win32_1.0.200.202406191623/tools/bin/../lib/gcc/arm-none-eabi/12.3.1/../../../../arm-none-eabi/lib/thumb/v7e-m+fp/hard\libc_nano.a(libc_a-stdio.o) (_close_r)
C:/ST/STM32CubeIDE_1.15.1/STM32CubeIDE/plugins/com.st.stm32cube.ide.mcu.externaltools.gnu-tools-for-stm32.12.3.rel1.win32_1.0.200.202406191623/tools/bin/../lib/gcc/arm-none-eabi/12.3.1/../../../../arm-none-eabi/lib/thumb/v7e-m+fp/hard\libc_nano.a(libc_a-reent.o)
                              C:/ST/STM32CubeIDE_1.15.1/STM32CubeIDE/plugins/com.st.stm32cube.ide.mcu.externaltools.gnu-tools-for-stm32.12.3.rel1.win32_1.0.200.202406191623/tools/bin/../lib/gcc/arm-none-eabi/12.3.1/../../../../arm-none-eabi/lib/thumb/v7e-m+fp/hard\libc_nano.a(libc_a-closer.o) (errno)
C:/ST/STM32CubeIDE_1.15.1/STM32CubeIDE/plugins/com.st.stm32cube.ide.mcu.externaltools.gnu-tools-for-stm32.12.3.rel1.win32_1.0.200.202406191623/tools/bin/../lib/gcc/arm-none-eabi/12.3.1/../../../../arm-none-eabi/lib/thumb/v7e-m+fp/hard\libc_nano.a(libc_a-impure.o)
                              C:/ST/STM32CubeIDE_1.15.1/STM32CubeIDE/plugins/com.st.stm32cube.ide.mcu.externaltools.gnu-tools-for-stm32.12.3.rel1.win32_1.0.200.202406191623/tools/bin/../lib/gcc/arm-none-eabi/12.3.1/../../../../arm-none-eabi/lib/thumb/v7e-m+fp/hard\libc_nano.a(libc_a-reent.o) (_impure_ptr)
C:/ST/STM32CubeIDE_1.15.1/STM32CubeIDE/plugins/com.st.stm32cube.ide.mcu.externaltools.gnu-tools-for-stm32.12.3.rel1.win32_1.0.200.202406191623/tools/bin/../lib/gcc/arm-none-eabi/12.3.1/../../../../arm-none-eabi/lib/thumb/v7e-m+fp/hard\libc_nano.a(libc_a-lseekr.o)
[...]
Memory Configuration

Name             Origin             Length             Attributes
RAM              0x20000000         0x00008000         xrw
FLASH            0x08000000         0x00020000         xr
*default*        0x00000000         0xffffffff

Linker script and memory map

LOAD C:/ST/STM32CubeIDE_1.15.1/STM32CubeIDE/plugins/com.st.stm32cube.ide.mcu.externaltools.gnu-tools-for-stm32.12.3.rel1.win32_1.0.200.202406191623/tools/bin/../lib/gcc/arm-none-eabi/12.3.1/thumb/v7e-m+fp/hard/crti.o
LOAD C:/ST/STM32CubeIDE_1.15.1/STM32CubeIDE/plugins/com.st.stm32cube.ide.mcu.externaltools.gnu-tools-for-stm32.12.3.rel1.win32_1.0.200.202406191623/tools/bin/../lib/gcc/arm-none-eabi/12.3.1/thumb/v7e-m+fp/hard/crtbegin.o
LOAD C:/ST/STM32CubeIDE_1.15.1/STM32CubeIDE/plugins/com.st.stm32cube.ide.mcu.externaltools.gnu-tools-for-stm32.12.3.rel1.win32_1.0.200.202406191623/tools/bin/../lib/gcc/arm-none-eabi/12.3.1/../../../../arm-none-eabi/lib/thumb/v7e-m+fp/hard/crt0.o
LOAD ./Core/Src/commands.o
LOAD ./Core/Src/config.o
LOAD ./Core/Src/functions.o
LOAD ./Core/Src/main.o
LOAD ./Core/Src/stm32g4xx_hal_msp.o
LOAD ./Core/Src/stm32g4xx_it.o
LOAD ./Core/Src/syscalls.o
LOAD ./Core/Src/sysmem.o
LOAD ./Core/Src/system_stm32g4xx.o
LOAD ./Core/Startup/startup_stm32g431kbtx.o
LOAD ./Drivers/STM32G4xx_HAL_Driver/Src/stm32g4xx_hal.o
LOAD ./Drivers/STM32G4xx_HAL_Driver/Src/stm32g4xx_hal_adc.o
LOAD ./Drivers/STM32G4xx_HAL_Driver/Src/stm32g4xx_hal_adc_ex.o
LOAD ./Drivers/STM32G4xx_HAL_Driver/Src/stm32g4xx_hal_cortex.o
LOAD ./Drivers/STM32G4xx_HAL_Driver/Src/stm32g4xx_hal_dma.o
LOAD ./Drivers/STM32G4xx_HAL_Driver/Src/stm32g4xx_hal_dma_ex.o
LOAD ./Drivers/STM32G4xx_HAL_Driver/Src/stm32g4xx_hal_exti.o
LOAD ./Drivers/STM32G4xx_HAL_Driver/Src/stm32g4xx_hal_fdcan.o
LOAD ./Drivers/STM32G4xx_HAL_Driver/Src/stm32g4xx_hal_flash.o
LOAD ./Drivers/STM32G4xx_HAL_Driver/Src/stm32g4xx_hal_flash_ex.o
LOAD ./Drivers/STM32G4xx_HAL_Driver/Src/stm32g4xx_hal_flash_ramfunc.o
LOAD ./Drivers/STM32G4xx_HAL_Driver/Src/stm32g4xx_hal_gpio.o
LOAD ./Drivers/STM32G4xx_HAL_Driver/Src/stm32g4xx_hal_pwr.o
LOAD ./Drivers/STM32G4xx_HAL_Driver/Src/stm32g4xx_hal_pwr_ex.o
LOAD ./Drivers/STM32G4xx_HAL_Driver/Src/stm32g4xx_hal_rcc.o
LOAD ./Drivers/STM32G4xx_HAL_Driver/Src/stm32g4xx_hal_rcc_ex.o
LOAD ./Drivers/STM32G4xx_HAL_Driver/Src/stm32g4xx_hal_tim.o
LOAD ./Drivers/STM32G4xx_HAL_Driver/Src/stm32g4xx_hal_tim_ex.o
LOAD ./Drivers/STM32G4xx_HAL_Driver/Src/stm32g4xx_ll_adc.o
START GROUP
LOAD C:/ST/STM32CubeIDE_1.15.1/STM32CubeIDE/plugins/com.st.stm32cube.ide.mcu.externaltools.gnu-tools-for-stm32.12.3.rel1.win32_1.0.200.202406191623/tools/bin/../lib/gcc/arm-none-eabi/12.3.1/../../../../arm-none-eabi/lib/thumb/v7e-m+fp/hard\libc_nano.a
LOAD C:/ST/STM32CubeIDE_1.15.1/STM32CubeIDE/plugins/com.st.stm32cube.ide.mcu.externaltools.gnu-tools-for-stm32.12.3.rel1.win32_1.0.200.202406191623/tools/bin/../lib/gcc/arm-none-eabi/12.3.1/../../../../arm-none-eabi/lib/thumb/v7e-m+fp/hard\libm.a
END GROUP
START GROUP
LOAD C:/ST/STM32CubeIDE_1.15.1/STM32CubeIDE/plugins/com.st.stm32cube.ide.mcu.externaltools.gnu-tools-for-stm32.12.3.rel1.win32_1.0.200.202406191623/tools/bin/../lib/gcc/arm-none-eabi/12.3.1/thumb/v7e-m+fp/hard\libgcc.a
LOAD C:/ST/STM32CubeIDE_1.15.1/STM32CubeIDE/plugins/com.st.stm32cube.ide.mcu.externaltools.gnu-tools-for-stm32.12.3.rel1.win32_1.0.200.202406191623/tools/bin/../lib/gcc/arm-none-eabi/12.3.1/../../../../arm-none-eabi/lib/thumb/v7e-m+fp/hard\libc_nano.a
END GROUP
START GROUP
LOAD C:/ST/STM32CubeIDE_1.15.1/STM32CubeIDE/plugins/com.st.stm32cube.ide.mcu.externaltools.gnu-tools-for-stm32.12.3.rel1.win32_1.0.200.202406191623/tools/bin/../lib/gcc/arm-none-eabi/12.3.1/thumb/v7e-m+fp/hard\libgcc.a
LOAD C:/ST/STM32CubeIDE_1.15.1/STM32CubeIDE/plugins/com.st.stm32cube.ide.mcu.externaltools.gnu-tools-for-stm32.12.3.rel1.win32_1.0.200.202406191623/tools/bin/../lib/gcc/arm-none-eabi/12.3.1/../../../../arm-none-eabi/lib/thumb/v7e-m+fp/hard\libc_nano.a
LOAD C:/ST/STM32CubeIDE_1.15.1/STM32CubeIDE/plugins/com.st.stm32cube.ide.mcu.externaltools.gnu-tools-for-stm32.12.3.rel1.win32_1.0.200.202406191623/tools/bin/../lib/gcc/arm-none-eabi/12.3.1/../../../../arm-none-eabi/lib/thumb/v7e-m+fp/hard\libnosys.a
END GROUP
START GROUP
LOAD C:/ST/STM32CubeIDE_1.15.1/STM32CubeIDE/plugins/com.st.stm32cube.ide.mcu.externaltools.gnu-tools-for-stm32.12.3.rel1.win32_1.0.200.202406191623/tools/bin/../lib/gcc/arm-none-eabi/12.3.1/thumb/v7e-m+fp/hard\libgcc.a
LOAD C:/ST/STM32CubeIDE_1.15.1/STM32CubeIDE/plugins/com.st.stm32cube.ide.mcu.externaltools.gnu-tools-for-stm32.12.3.rel1.win32_1.0.200.202406191623/tools/bin/../lib/gcc/arm-none-eabi/12.3.1/../../../../arm-none-eabi/lib/thumb/v7e-m+fp/hard\libc_nano.a
LOAD C:/ST/STM32CubeIDE_1.15.1/STM32CubeIDE/plugins/com.st.stm32cube.ide.mcu.externaltools.gnu-tools-for-stm32.12.3.rel1.win32_1.0.200.202406191623/tools/bin/../lib/gcc/arm-none-eabi/12.3.1/../../../../arm-none-eabi/lib/thumb/v7e-m+fp/hard\libnosys.a
END GROUP
LOAD C:/ST/STM32CubeIDE_1.15.1/STM32CubeIDE/plugins/com.st.stm32cube.ide.mcu.externaltools.gnu-tools-for-stm32.12.3.rel1.win32_1.0.200.202406191623/tools/bin/../lib/gcc/arm-none-eabi/12.3.1/thumb/v7e-m+fp/hard/crtend.o
LOAD C:/ST/STM32CubeIDE_1.15.1/STM32CubeIDE/plugins/com.st.stm32cube.ide.mcu.externaltools.gnu-tools-for-stm32.12.3.rel1.win32_1.0.200.202406191623/tools/bin/../lib/gcc/arm-none-eabi/12.3.1/thumb/v7e-m+fp/hard/crtn.o
                0x20008000                        _estack = (ORIGIN (RAM) + LENGTH (RAM))
                0x00000200                        _Min_Heap_Size = 0x200
                0x00000400                        _Min_Stack_Size = 0x400

.isr_vector     0x08000000      0x1d8
                0x08000000                        . = ALIGN (0x4)
 *(.isr_vector)
 .isr_vector    0x08000000      0x1d8 ./Core/Startup/startup_stm32g431kbtx.o
                0x08000000                g_pfnVectors
                0x080001d8                        . = ALIGN (0x4)

.text           0x080001d8     0x6fbc
                0x080001d8                        . = ALIGN (0x4)
 *(.text)
 .text          0x080001d8       0x40 C:/ST/STM32CubeIDE_1.15.1/STM32CubeIDE/plugins/com.st.stm32cube.ide.mcu.externaltools.gnu-tools-for-stm32.12.3.rel1.win32_1.0.200.202406191623/tools/bin/../lib/gcc/arm-none-eabi/12.3.1/thumb/v7e-m+fp/hard/crtbegin.o
 *(.text*)
 .text.set_pwm_duty_cycle
                0x08000218       0xb8 ./Core/Src/commands.o
                0x08000218                set_pwm_duty_cycle
 .text.Config_Setup
                0x080002d0        0xc ./Core/Src/config.o
                0x080002d0                Config_Setup
 .text.Config_3
                0x080002dc      0x430 ./Core/Src/config.o
                0x080002dc                Config_3
 .text.HAL_FDCAN_RxFifo0Callback
                0x0800070c       0x74 ./Core/Src/functions.o
                0x0800070c                HAL_FDCAN_RxFifo0Callback
 .text.CanSend  0x08000780       0x48 ./Core/Src/functions.o
                0x08000780                CanSend
 .text.CAN_switch_state
                0x080007c8       0x24 ./Core/Src/functions.o
                0x080007c8                CAN_switch_state
 .text.switch_on_off
                0x080007ec       0x24 ./Core/Src/functions.o
                0x080007ec                switch_on_off
 .text.switch_output
                0x08000810       0x88 ./Core/Src/functions.o
                0x08000810                switch_output
 .text.Over_current
                0x08000898       0x28 ./Core/Src/functions.o
                0x08000898                Over_current
 .text.Warning_current
                0x080008c0       0x28 ./Core/Src/functions.o
                0x080008c0                Warning_current
 .text.Under_current
                0x080008e8       0x28 ./Core/Src/functions.o
                0x080008e8                Under_current
 .text.Send_current
                0x08000910       0x64 ./Core/Src/functions.o
                0x08000910                Send_current
 .text.decode   0x08000974       0x74 ./Core/Src/functions.o
                0x08000974                decode
 .text.Current_Sense_process
                0x080009e8      0x104 ./Core/Src/functions.o
                0x080009e8                Current_Sense_process
 .text.check_warnings
                0x08000aec       0xe8 ./Core/Src/functions.o
                0x08000aec                check_warnings
 .text.ConfigureCurrentSense
                0x08000bd4       0x34 ./Core/Src/functions.o
                0x08000bd4                ConfigureCurrentSense
 .text.ReadADCValues
                0x08000c08       0xd0 ./Core/Src/functions.o
                0x08000c08                ReadADCValues
 .text.Current_Sense_read
                0x08000cd8       0xfc ./Core/Src/functions.o
                0x08000cd8                Current_Sense_read
 .text.check_bit
                0x08000dd4       0x38 ./Core/Src/functions.o
                0x08000dd4                check_bit
 .text.set_bit  0x08000e0c       0x4c ./Core/Src/functions.o
                0x08000e0c                set_bit
 .text.Current_Sense_Raw_to_mA
                0x08000e58       0x44 ./Core/Src/functions.o
                0x08000e58                Current_Sense_Raw_to_mA
 .text.main     0x08000e9c      0x110 ./Core/Src/main.o
                0x08000e9c                main
 .text.SystemClock_Config
                0x08000fac       0x94 ./Core/Src/main.o
                0x08000fac                SystemClock_Config
 .text.MX_ADC1_Init
                0x08001040      0x14c ./Core/Src/main.o
 .text.MX_ADC2_Init
                0x0800118c       0xdc ./Core/Src/main.o
 .text.MX_FDCAN1_Init
                0x08001268       0xd0 ./Core/Src/main.o
 .text.MX_TIM1_Init
                0x08001338      0x164 ./Core/Src/main.o
 .text.MX_TIM2_Init
                0x0800149c       0xec ./Core/Src/main.o
 .text.MX_TIM3_Init
                0x08001588       0x9c ./Core/Src/main.o
 .text.MX_TIM4_Init
                0x08001624       0xe8 ./Core/Src/main.o
 .text.MX_TIM6_Init
                0x0800170c       0x6c ./Core/Src/main.o
 .text.MX_TIM7_Init
                0x08001778       0x6c ./Core/Src/main.o
 .text.MX_TIM16_Init
                0x080017e4       0x4c ./Core/Src/main.o
 .text.MX_GPIO_Init
                0x08001830       0xc4 ./Core/Src/main.o
 .text.Error_Handler
                0x080018f4        0xc ./Core/Src/main.o
                0x080018f4                Error_Handler
 .text.HAL_MspInit
                0x08001900       0x48 ./Core/Src/stm32g4xx_hal_msp.o
                0x08001900                HAL_MspInit
 .text.HAL_ADC_MspInit
                0x08001948      0x148 ./Core/Src/stm32g4xx_hal_msp.o
                0x08001948                HAL_ADC_MspInit
 .text.HAL_FDCAN_MspInit
                0x08001a90       0xc4 ./Core/Src/stm32g4xx_hal_msp.o
                0x08001a90                HAL_FDCAN_MspInit
 .text.HAL_TIM_Base_MspInit
                0x08001b54      0x168 ./Core/Src/stm32g4xx_hal_msp.o
                0x08001b54                HAL_TIM_Base_MspInit
 .text.HAL_TIM_MspPostInit
                0x08001cbc       0xb4 ./Core/Src/stm32g4xx_hal_msp.o
                0x08001cbc                HAL_TIM_MspPostInit
 .text.NMI_Handler
                0x08001d70        0x8 ./Core/Src/stm32g4xx_it.o
                0x08001d70                NMI_Handler
 .text.HardFault_Handler
                0x08001d78        0x8 ./Core/Src/stm32g4xx_it.o
                0x08001d78                HardFault_Handler
 .text.MemManage_Handler
                0x08001d80        0x8 ./Core/Src/stm32g4xx_it.o
                0x08001d80                MemManage_Handler
 .text.BusFault_Handler
                0x08001d88        0x8 ./Core/Src/stm32g4xx_it.o
                0x08001d88                BusFault_Handler
 .text.UsageFault_Handler
                0x08001d90        0x8 ./Core/Src/stm32g4xx_it.o
                0x08001d90                UsageFault_Handler
 .text.SVC_Handler
                0x08001d98        0xe ./Core/Src/stm32g4xx_it.o
                0x08001d98                SVC_Handler
 .text.DebugMon_Handler
                0x08001da6        0xe ./Core/Src/stm32g4xx_it.o
                0x08001da6                DebugMon_Handler
 .text.PendSV_Handler
                0x08001db4        0xe ./Core/Src/stm32g4xx_it.o
                0x08001db4                PendSV_Handler
 .text.SysTick_Handler
                0x08001dc2        0xc ./Core/Src/stm32g4xx_it.o
                0x08001dc2                SysTick_Handler
 *fill*         0x08001dce        0x2 
 .text.FDCAN1_IT0_IRQHandler
                0x08001dd0       0x14 ./Core/Src/stm32g4xx_it.o
                0x08001dd0                FDCAN1_IT0_IRQHandler
 .text.TIM2_IRQHandler
                0x08001de4       0x14 ./Core/Src/stm32g4xx_it.o
                0x08001de4                TIM2_IRQHandler
 .text.TIM3_IRQHandler
                0x08001df8       0x44 ./Core/Src/stm32g4xx_it.o
                0x08001df8                TIM3_IRQHandler
 .text.TIM4_IRQHandler
                0x08001e3c       0x14 ./Core/Src/stm32g4xx_it.o
                0x08001e3c                TIM4_IRQHandler
 .text.TIM7_IRQHandler
                0x08001e50       0x14 ./Core/Src/stm32g4xx_it.o
                0x08001e50                TIM7_IRQHandler
 .text.SystemInit
                0x08001e64       0x24 ./Core/Src/system_stm32g4xx.o
                0x08001e64                SystemInit
 .text.Reset_Handler
                0x08001e88       0x50 ./Core/Startup/startup_stm32g431kbtx.o
                0x08001e88                Reset_Handler
 .text.Default_Handler
                0x08001ed8        0x2 ./Core/Startup/startup_stm32g431kbtx.o
                0x08001ed8                RTC_Alarm_IRQHandler
                0x08001ed8                EXTI2_IRQHandler
                0x08001ed8                TIM8_TRG_COM_IRQHandler
                0x08001ed8                TIM8_CC_IRQHandler
                0x08001ed8                TIM1_CC_IRQHandler
                0x08001ed8                USB_HP_IRQHandler
                0x08001ed8                CORDIC_IRQHandler
                0x08001ed8                EXTI3_IRQHandler
                0x08001ed8                I2C3_ER_IRQHandler
                0x08001ed8                EXTI0_IRQHandler
                0x08001ed8                I2C2_EV_IRQHandler
                0x08001ed8                FPU_IRQHandler
                0x08001ed8                FDCAN1_IT1_IRQHandler
                0x08001ed8                TIM1_UP_TIM16_IRQHandler
                0x08001ed8                ADC1_2_IRQHandler
                0x08001ed8                SPI1_IRQHandler
                0x08001ed8                TIM6_DAC_IRQHandler
                0x08001ed8                TIM8_UP_IRQHandler
                0x08001ed8                DMA2_Channel2_IRQHandler
                0x08001ed8                DMA1_Channel4_IRQHandler
                0x08001ed8                USART3_IRQHandler
                0x08001ed8                DMA2_Channel1_IRQHandler
                0x08001ed8                I2C1_EV_IRQHandler
                0x08001ed8                DMA1_Channel6_IRQHandler
                0x08001ed8                UART4_IRQHandler
                0x08001ed8                DMA2_Channel4_IRQHandler
                0x08001ed8                RCC_IRQHandler
                0x08001ed8                DMA1_Channel1_IRQHandler
                0x08001ed8                Default_Handler
                0x08001ed8                RTC_TAMP_LSECSS_IRQHandler
                0x08001ed8                FMAC_IRQHandler
                0x08001ed8                EXTI15_10_IRQHandler
                0x08001ed8                UCPD1_IRQHandler
                0x08001ed8                I2C3_EV_IRQHandler
                0x08001ed8                EXTI9_5_IRQHandler
                0x08001ed8                RTC_WKUP_IRQHandler
                0x08001ed8                PVD_PVM_IRQHandler
                0x08001ed8                SPI2_IRQHandler
                0x08001ed8                DMA2_Channel5_IRQHandler
                0x08001ed8                CRS_IRQHandler
                0x08001ed8                DMA1_Channel5_IRQHandler
                0x08001ed8                USB_LP_IRQHandler
                0x08001ed8                EXTI4_IRQHandler
                0x08001ed8                RNG_IRQHandler
                0x08001ed8                TIM1_TRG_COM_TIM17_IRQHandler
                0x08001ed8                DMA1_Channel3_IRQHandler
                0x08001ed8                WWDG_IRQHandler
                0x08001ed8                LPUART1_IRQHandler
                0x08001ed8                DMA2_Channel6_IRQHandler
                0x08001ed8                COMP1_2_3_IRQHandler
                0x08001ed8                EXTI1_IRQHandler
                0x08001ed8                USART2_IRQHandler
                0x08001ed8                I2C2_ER_IRQHandler
                0x08001ed8                DMA1_Channel2_IRQHandler
                0x08001ed8                TIM8_BRK_IRQHandler
                0x08001ed8                FLASH_IRQHandler
                0x08001ed8                USART1_IRQHandler
                0x08001ed8                SPI3_IRQHandler
                0x08001ed8                I2C1_ER_IRQHandler
                0x08001ed8                LPTIM1_IRQHandler
                0x08001ed8                DMAMUX_OVR_IRQHandler
                0x08001ed8                USBWakeUp_IRQHandler
                0x08001ed8                SAI1_IRQHandler
                0x08001ed8                DMA2_Channel3_IRQHandler
                0x08001ed8                COMP4_IRQHandler
                0x08001ed8                TIM1_BRK_TIM15_IRQHandler
 .text.HAL_Init
                0x08001eda       0x30 ./Drivers/STM32G4xx_HAL_Driver/Src/stm32g4xx_hal.o
                0x08001eda                HAL_Init
 *fill*         0x08001f0a        0x2 
 .text.HAL_InitTick
                0x08001f0c       0x74 ./Drivers/STM32G4xx_HAL_Driver/Src/stm32g4xx_hal.o
                0x08001f0c                HAL_InitTick
 .text.HAL_IncTick
                0x08001f80       0x24 ./Drivers/STM32G4xx_HAL_Driver/Src/stm32g4xx_hal.o
                0x08001f80                HAL_IncTick
 .text.HAL_GetTick
                0x08001fa4       0x18 ./Drivers/STM32G4xx_HAL_Driver/Src/stm32g4xx_hal.o
                0x08001fa4                HAL_GetTick
 .text.HAL_Delay
                0x08001fbc       0x44 ./Drivers/STM32G4xx_HAL_Driver/Src/stm32g4xx_hal.o
                0x08001fbc                HAL_Delay
 .text.LL_ADC_SetCommonClock
                0x08002000       0x26 ./Drivers/STM32G4xx_HAL_Driver/Src/stm32g4xx_hal_adc.o
 .text.LL_ADC_SetCommonPathInternalCh
                0x08002026       0x26 ./Drivers/STM32G4xx_HAL_Driver/Src/stm32g4xx_hal_adc.o
 .text.LL_ADC_GetCommonPathInternalCh
                0x0800204c       0x1c ./Drivers/STM32G4xx_HAL_Driver/Src/stm32g4xx_hal_adc.o
 .text.LL_ADC_SetOffset
                0x08002068       0x48 ./Drivers/STM32G4xx_HAL_Driver/Src/stm32g4xx_hal_adc.o
 .text.LL_ADC_GetOffsetChannel
                0x080020b0       0x2c ./Drivers/STM32G4xx_HAL_Driver/Src/stm32g4xx_hal_adc.o
 .text.LL_ADC_SetOffsetState
                0x080020dc       0x36 ./Drivers/STM32G4xx_HAL_Driver/Src/stm32g4xx_hal_adc.o
 .text.LL_ADC_SetOffsetSign
                0x08002112       0x36 ./Drivers/STM32G4xx_HAL_Driver/Src/stm32g4xx_hal_adc.o
 .text.LL_ADC_SetOffsetSaturation
                0x08002148       0x36 ./Drivers/STM32G4xx_HAL_Driver/Src/stm32g4xx_hal_adc.o
 .text.LL_ADC_SetSamplingTimeCommonConfig
                0x0800217e       0x26 ./Drivers/STM32G4xx_HAL_Driver/Src/stm32g4xx_hal_adc.o
 .text.LL_ADC_REG_IsTriggerSourceSWStart
                0x080021a4       0x26 ./Drivers/STM32G4xx_HAL_Driver/Src/stm32g4xx_hal_adc.o
 .text.LL_ADC_REG_SetSequencerRanks
                0x080021ca       0x58 ./Drivers/STM32G4xx_HAL_Driver/Src/stm32g4xx_hal_adc.o
 .text.LL_ADC_SetChannelSamplingTime
                0x08002222       0x56 ./Drivers/STM32G4xx_HAL_Driver/Src/stm32g4xx_hal_adc.o
 .text.LL_ADC_SetChannelSingleDiff
                0x08002278       0x48 ./Drivers/STM32G4xx_HAL_Driver/Src/stm32g4xx_hal_adc.o
 .text.LL_ADC_GetMultimode
                0x080022c0       0x1c ./Drivers/STM32G4xx_HAL_Driver/Src/stm32g4xx_hal_adc.o
 .text.LL_ADC_GetMultiDMATransfer
                0x080022dc       0x1c ./Drivers/STM32G4xx_HAL_Driver/Src/stm32g4xx_hal_adc.o
 .text.LL_ADC_DisableDeepPowerDown
                0x080022f8       0x24 ./Drivers/STM32G4xx_HAL_Driver/Src/stm32g4xx_hal_adc.o
 .text.LL_ADC_IsDeepPowerDownEnabled
                0x0800231c       0x28 ./Drivers/STM32G4xx_HAL_Driver/Src/stm32g4xx_hal_adc.o
 .text.LL_ADC_EnableInternalRegulator
                0x08002344       0x28 ./Drivers/STM32G4xx_HAL_Driver/Src/stm32g4xx_hal_adc.o
 .text.LL_ADC_IsInternalRegulatorEnabled
                0x0800236c       0x28 ./Drivers/STM32G4xx_HAL_Driver/Src/stm32g4xx_hal_adc.o
 .text.LL_ADC_Enable
                0x08002394       0x28 ./Drivers/STM32G4xx_HAL_Driver/Src/stm32g4xx_hal_adc.o
 .text.LL_ADC_Disable
                0x080023bc       0x28 ./Drivers/STM32G4xx_HAL_Driver/Src/stm32g4xx_hal_adc.o
 .text.LL_ADC_IsEnabled
                0x080023e4       0x26 ./Drivers/STM32G4xx_HAL_Driver/Src/stm32g4xx_hal_adc.o
 .text.LL_ADC_IsDisableOngoing
                0x0800240a       0x26 ./Drivers/STM32G4xx_HAL_Driver/Src/stm32g4xx_hal_adc.o
 .text.LL_ADC_REG_StartConversion
                0x08002430       0x28 ./Drivers/STM32G4xx_HAL_Driver/Src/stm32g4xx_hal_adc.o
 .text.LL_ADC_REG_StopConversion
                0x08002458       0x28 ./Drivers/STM32G4xx_HAL_Driver/Src/stm32g4xx_hal_adc.o
 .text.LL_ADC_REG_IsConversionOngoing
                0x08002480       0x26 ./Drivers/STM32G4xx_HAL_Driver/Src/stm32g4xx_hal_adc.o
 .text.LL_ADC_INJ_StopConversion
                0x080024a6       0x28 ./Drivers/STM32G4xx_HAL_Driver/Src/stm32g4xx_hal_adc.o
 .text.LL_ADC_INJ_IsConversionOngoing
                0x080024ce       0x26 ./Drivers/STM32G4xx_HAL_Driver/Src/stm32g4xx_hal_adc.o
 .text.HAL_ADC_Init
                0x080024f4      0x308 ./Drivers/STM32G4xx_HAL_Driver/Src/stm32g4xx_hal_adc.o
                0x080024f4                HAL_ADC_Init
 .text.HAL_ADC_Start
                0x080027fc      0x178 ./Drivers/STM32G4xx_HAL_Driver/Src/stm32g4xx_hal_adc.o
                0x080027fc                HAL_ADC_Start
 .text.HAL_ADC_Stop
                0x08002974       0x66 ./Drivers/STM32G4xx_HAL_Driver/Src/stm32g4xx_hal_adc.o
                0x08002974                HAL_ADC_Stop
 *fill*         0x080029da        0x2 
 .text.HAL_ADC_PollForConversion
                0x080029dc      0x1b0 ./Drivers/STM32G4xx_HAL_Driver/Src/stm32g4xx_hal_adc.o
                0x080029dc                HAL_ADC_PollForConversion
 .text.HAL_ADC_GetValue
                0x08002b8c       0x1a ./Drivers/STM32G4xx_HAL_Driver/Src/stm32g4xx_hal_adc.o
                0x08002b8c                HAL_ADC_GetValue
 *fill*         0x08002ba6        0x2 
 .text.HAL_ADC_ConfigChannel
                0x08002ba8      0x7e0 ./Drivers/STM32G4xx_HAL_Driver/Src/stm32g4xx_hal_adc.o
                0x08002ba8                HAL_ADC_ConfigChannel
 .text.ADC_ConversionStop
                0x08003388      0x178 ./Drivers/STM32G4xx_HAL_Driver/Src/stm32g4xx_hal_adc.o
                0x08003388                ADC_ConversionStop
 .text.ADC_Enable
                0x08003500      0x10c ./Drivers/STM32G4xx_HAL_Driver/Src/stm32g4xx_hal_adc.o
                0x08003500                ADC_Enable
 .text.ADC_Disable
                0x0800360c       0xbe ./Drivers/STM32G4xx_HAL_Driver/Src/stm32g4xx_hal_adc.o
                0x0800360c                ADC_Disable
 .text.LL_ADC_IsEnabled
                0x080036ca       0x26 ./Drivers/STM32G4xx_HAL_Driver/Src/stm32g4xx_hal_adc_ex.o
 .text.LL_ADC_StartCalibration
                0x080036f0       0x32 ./Drivers/STM32G4xx_HAL_Driver/Src/stm32g4xx_hal_adc_ex.o
 .text.LL_ADC_IsCalibrationOnGoing
                0x08003722       0x28 ./Drivers/STM32G4xx_HAL_Driver/Src/stm32g4xx_hal_adc_ex.o
 .text.LL_ADC_REG_IsConversionOngoing
                0x0800374a       0x26 ./Drivers/STM32G4xx_HAL_Driver/Src/stm32g4xx_hal_adc_ex.o
 .text.HAL_ADCEx_Calibration_Start
                0x08003770       0xc4 ./Drivers/STM32G4xx_HAL_Driver/Src/stm32g4xx_hal_adc_ex.o
                0x08003770                HAL_ADCEx_Calibration_Start
 .text.HAL_ADCEx_MultiModeConfigChannel
                0x08003834      0x148 ./Drivers/STM32G4xx_HAL_Driver/Src/stm32g4xx_hal_adc_ex.o
                0x08003834                HAL_ADCEx_MultiModeConfigChannel
 .text.__NVIC_SetPriorityGrouping
                0x0800397c       0x48 ./Drivers/STM32G4xx_HAL_Driver/Src/stm32g4xx_hal_cortex.o
 .text.__NVIC_GetPriorityGrouping
                0x080039c4       0x1c ./Drivers/STM32G4xx_HAL_Driver/Src/stm32g4xx_hal_cortex.o
 .text.__NVIC_EnableIRQ
                0x080039e0       0x3c ./Drivers/STM32G4xx_HAL_Driver/Src/stm32g4xx_hal_cortex.o
 .text.__NVIC_SetPriority
                0x08003a1c       0x54 ./Drivers/STM32G4xx_HAL_Driver/Src/stm32g4xx_hal_cortex.o
 .text.NVIC_EncodePriority
                0x08003a70       0x66 ./Drivers/STM32G4xx_HAL_Driver/Src/stm32g4xx_hal_cortex.o
 *fill*         0x08003ad6        0x2 
 .text.SysTick_Config
                0x08003ad8       0x44 ./Drivers/STM32G4xx_HAL_Driver/Src/stm32g4xx_hal_cortex.o
 .text.HAL_NVIC_SetPriorityGrouping
                0x08003b1c       0x16 ./Drivers/STM32G4xx_HAL_Driver/Src/stm32g4xx_hal_cortex.o
                0x08003b1c                HAL_NVIC_SetPriorityGrouping
 .text.HAL_NVIC_SetPriority
                0x08003b32       0x34 ./Drivers/STM32G4xx_HAL_Driver/Src/stm32g4xx_hal_cortex.o
                0x08003b32                HAL_NVIC_SetPriority
 .text.HAL_NVIC_EnableIRQ
                0x08003b66       0x1c ./Drivers/STM32G4xx_HAL_Driver/Src/stm32g4xx_hal_cortex.o
                0x08003b66                HAL_NVIC_EnableIRQ
 .text.HAL_SYSTICK_Config
                0x08003b82       0x18 ./Drivers/STM32G4xx_HAL_Driver/Src/stm32g4xx_hal_cortex.o
                0x08003b82                HAL_SYSTICK_Config
 *fill*         0x08003b9a        0x2 
 .text.HAL_FDCAN_Init
                0x08003b9c      0x2b4 ./Drivers/STM32G4xx_HAL_Driver/Src/stm32g4xx_hal_fdcan.o
                0x08003b9c                HAL_FDCAN_Init
 .text.HAL_FDCAN_Start
                0x08003e50       0x50 ./Drivers/STM32G4xx_HAL_Driver/Src/stm32g4xx_hal_fdcan.o
                0x08003e50                HAL_FDCAN_Start
 .text.HAL_FDCAN_AddMessageToTxFifoQ
                0x08003ea0       0x88 ./Drivers/STM32G4xx_HAL_Driver/Src/stm32g4xx_hal_fdcan.o
                0x08003ea0                HAL_FDCAN_AddMessageToTxFifoQ
 .text.HAL_FDCAN_GetRxMessage
                0x08003f28      0x210 ./Drivers/STM32G4xx_HAL_Driver/Src/stm32g4xx_hal_fdcan.o
                0x08003f28                HAL_FDCAN_GetRxMessage
 .text.HAL_FDCAN_GetTxFifoFreeLevel
                0x08004138       0x24 ./Drivers/STM32G4xx_HAL_Driver/Src/stm32g4xx_hal_fdcan.o
                0x08004138                HAL_FDCAN_GetTxFifoFreeLevel
 .text.HAL_FDCAN_ActivateNotification
                0x0800415c      0x1cc ./Drivers/STM32G4xx_HAL_Driver/Src/stm32g4xx_hal_fdcan.o
                0x0800415c                HAL_FDCAN_ActivateNotification
 .text.HAL_FDCAN_IRQHandler
                0x08004328      0x24a ./Drivers/STM32G4xx_HAL_Driver/Src/stm32g4xx_hal_fdcan.o
                0x08004328                HAL_FDCAN_IRQHandler
 .text.HAL_FDCAN_TxEventFifoCallback
                0x08004572       0x16 ./Drivers/STM32G4xx_HAL_Driver/Src/stm32g4xx_hal_fdcan.o
                0x08004572                HAL_FDCAN_TxEventFifoCallback
 .text.HAL_FDCAN_RxFifo1Callback
                0x08004588       0x16 ./Drivers/STM32G4xx_HAL_Driver/Src/stm32g4xx_hal_fdcan.o
                0x08004588                HAL_FDCAN_RxFifo1Callback
 .text.HAL_FDCAN_TxFifoEmptyCallback
                0x0800459e       0x14 ./Drivers/STM32G4xx_HAL_Driver/Src/stm32g4xx_hal_fdcan.o
                0x0800459e                HAL_FDCAN_TxFifoEmptyCallback
 .text.HAL_FDCAN_TxBufferCompleteCallback
                0x080045b2       0x16 ./Drivers/STM32G4xx_HAL_Driver/Src/stm32g4xx_hal_fdcan.o
                0x080045b2                HAL_FDCAN_TxBufferCompleteCallback
 .text.HAL_FDCAN_TxBufferAbortCallback
                0x080045c8       0x16 ./Drivers/STM32G4xx_HAL_Driver/Src/stm32g4xx_hal_fdcan.o
                0x080045c8                HAL_FDCAN_TxBufferAbortCallback
 .text.HAL_FDCAN_TimestampWraparoundCallback
                0x080045de       0x14 ./Drivers/STM32G4xx_HAL_Driver/Src/stm32g4xx_hal_fdcan.o
                0x080045de                HAL_FDCAN_TimestampWraparoundCallback
 .text.HAL_FDCAN_TimeoutOccurredCallback
                0x080045f2       0x14 ./Drivers/STM32G4xx_HAL_Driver/Src/stm32g4xx_hal_fdcan.o
                0x080045f2                HAL_FDCAN_TimeoutOccurredCallback
 .text.HAL_FDCAN_HighPriorityMessageCallback
                0x08004606       0x14 ./Drivers/STM32G4xx_HAL_Driver/Src/stm32g4xx_hal_fdcan.o
                0x08004606                HAL_FDCAN_HighPriorityMessageCallback
 .text.HAL_FDCAN_ErrorCallback
                0x0800461a       0x14 ./Drivers/STM32G4xx_HAL_Driver/Src/stm32g4xx_hal_fdcan.o
                0x0800461a                HAL_FDCAN_ErrorCallback
 .text.HAL_FDCAN_ErrorStatusCallback
                0x0800462e       0x16 ./Drivers/STM32G4xx_HAL_Driver/Src/stm32g4xx_hal_fdcan.o
                0x0800462e                HAL_FDCAN_ErrorStatusCallback
 .text.FDCAN_CalcultateRamBlockAddresses
                0x08004644       0xac ./Drivers/STM32G4xx_HAL_Driver/Src/stm32g4xx_hal_fdcan.o
 .text.FDCAN_CopyMessageToRAM
                0x080046f0       0xf8 ./Drivers/STM32G4xx_HAL_Driver/Src/stm32g4xx_hal_fdcan.o
 .text.HAL_GPIO_Init
                0x080047e8      0x304 ./Drivers/STM32G4xx_HAL_Driver/Src/stm32g4xx_hal_gpio.o
                0x080047e8                HAL_GPIO_Init
 .text.HAL_GPIO_WritePin
                0x08004aec       0x30 ./Drivers/STM32G4xx_HAL_Driver/Src/stm32g4xx_hal_gpio.o
                0x08004aec                HAL_GPIO_WritePin
 .text.HAL_PWREx_ControlVoltageScaling
                0x08004b1c      0x148 ./Drivers/STM32G4xx_HAL_Driver/Src/stm32g4xx_hal_pwr_ex.o
                0x08004b1c                HAL_PWREx_ControlVoltageScaling
 .text.HAL_PWREx_DisableUCPDDeadBattery
                0x08004c64       0x20 ./Drivers/STM32G4xx_HAL_Driver/Src/stm32g4xx_hal_pwr_ex.o
                0x08004c64                HAL_PWREx_DisableUCPDDeadBattery
 .text.HAL_RCC_OscConfig
                0x08004c84      0x624 ./Drivers/STM32G4xx_HAL_Driver/Src/stm32g4xx_hal_rcc.o
                0x08004c84                HAL_RCC_OscConfig
 .text.HAL_RCC_ClockConfig
                0x080052a8      0x278 ./Drivers/STM32G4xx_HAL_Driver/Src/stm32g4xx_hal_rcc.o
                0x080052a8                HAL_RCC_ClockConfig
 .text.HAL_RCC_GetSysClockFreq
                0x08005520       0xc4 ./Drivers/STM32G4xx_HAL_Driver/Src/stm32g4xx_hal_rcc.o
                0x08005520                HAL_RCC_GetSysClockFreq
 .text.RCC_GetSysClockFreqFromPLLSource
                0x080055e4       0x8c ./Drivers/STM32G4xx_HAL_Driver/Src/stm32g4xx_hal_rcc.o
 .text.HAL_RCCEx_PeriphCLKConfig
                0x08005670      0x3e0 ./Drivers/STM32G4xx_HAL_Driver/Src/stm32g4xx_hal_rcc_ex.o
                0x08005670                HAL_RCCEx_PeriphCLKConfig
 .text.HAL_TIM_Base_Init
                0x08005a50       0xae ./Drivers/STM32G4xx_HAL_Driver/Src/stm32g4xx_hal_tim.o
                0x08005a50                HAL_TIM_Base_Init
 *fill*         0x08005afe        0x2 
 .text.HAL_TIM_Base_Start_IT
                0x08005b00       0xd4 ./Drivers/STM32G4xx_HAL_Driver/Src/stm32g4xx_hal_tim.o
                0x08005b00                HAL_TIM_Base_Start_IT
 .text.HAL_TIM_PWM_Init
                0x08005bd4       0xae ./Drivers/STM32G4xx_HAL_Driver/Src/stm32g4xx_hal_tim.o
                0x08005bd4                HAL_TIM_PWM_Init
 .text.HAL_TIM_PWM_MspInit
                0x08005c82       0x14 ./Drivers/STM32G4xx_HAL_Driver/Src/stm32g4xx_hal_tim.o
                0x08005c82                HAL_TIM_PWM_MspInit
 *fill*         0x08005c96        0x2 
 .text.HAL_TIM_PWM_Start
                0x08005c98      0x200 ./Drivers/STM32G4xx_HAL_Driver/Src/stm32g4xx_hal_tim.o
                0x08005c98                HAL_TIM_PWM_Start
 .text.HAL_TIM_IRQHandler
                0x08005e98      0x29e ./Drivers/STM32G4xx_HAL_Driver/Src/stm32g4xx_hal_tim.o
                0x08005e98                HAL_TIM_IRQHandler
 *fill*         0x08006136        0x2 
 .text.HAL_TIM_PWM_ConfigChannel
                0x08006138      0x228 ./Drivers/STM32G4xx_HAL_Driver/Src/stm32g4xx_hal_tim.o
                0x08006138                HAL_TIM_PWM_ConfigChannel
 .text.HAL_TIM_ConfigClockSource
                0x08006360      0x1f4 ./Drivers/STM32G4xx_HAL_Driver/Src/stm32g4xx_hal_tim.o
                0x08006360                HAL_TIM_ConfigClockSource
 .text.HAL_TIM_PeriodElapsedCallback
                0x08006554       0x14 ./Drivers/STM32G4xx_HAL_Driver/Src/stm32g4xx_hal_tim.o
                0x08006554                HAL_TIM_PeriodElapsedCallback
 .text.HAL_TIM_OC_DelayElapsedCallback
                0x08006568       0x14 ./Drivers/STM32G4xx_HAL_Driver/Src/stm32g4xx_hal_tim.o
                0x08006568                HAL_TIM_OC_DelayElapsedCallback
 .text.HAL_TIM_IC_CaptureCallback
                0x0800657c       0x14 ./Drivers/STM32G4xx_HAL_Driver/Src/stm32g4xx_hal_tim.o
                0x0800657c                HAL_TIM_IC_CaptureCallback
 .text.HAL_TIM_PWM_PulseFinishedCallback
                0x08006590       0x14 ./Drivers/STM32G4xx_HAL_Driver/Src/stm32g4xx_hal_tim.o
                0x08006590                HAL_TIM_PWM_PulseFinishedCallback
 .text.HAL_TIM_TriggerCallback
                0x080065a4       0x14 ./Drivers/STM32G4xx_HAL_Driver/Src/stm32g4xx_hal_tim.o
                0x080065a4                HAL_TIM_TriggerCallback
 .text.TIM_Base_SetConfig
                0x080065b8      0x138 ./Drivers/STM32G4xx_HAL_Driver/Src/stm32g4xx_hal_tim.o
                0x080065b8                TIM_Base_SetConfig
 .text.TIM_OC1_SetConfig
                0x080066f0      0x120 ./Drivers/STM32G4xx_HAL_Driver/Src/stm32g4xx_hal_tim.o
 .text.TIM_OC2_SetConfig
                0x08006810      0x114 ./Drivers/STM32G4xx_HAL_Driver/Src/stm32g4xx_hal_tim.o
                0x08006810                TIM_OC2_SetConfig
 .text.TIM_OC3_SetConfig
                0x08006924      0x110 ./Drivers/STM32G4xx_HAL_Driver/Src/stm32g4xx_hal_tim.o
 .text.TIM_OC4_SetConfig
                0x08006a34      0x114 ./Drivers/STM32G4xx_HAL_Driver/Src/stm32g4xx_hal_tim.o
 .text.TIM_OC5_SetConfig
                0x08006b48       0xc8 ./Drivers/STM32G4xx_HAL_Driver/Src/stm32g4xx_hal_tim.o
 .text.TIM_OC6_SetConfig
                0x08006c10       0xcc ./Drivers/STM32G4xx_HAL_Driver/Src/stm32g4xx_hal_tim.o
 .text.TIM_TI1_ConfigInputStage
                0x08006cdc       0x5e ./Drivers/STM32G4xx_HAL_Driver/Src/stm32g4xx_hal_tim.o
 .text.TIM_TI2_ConfigInputStage
                0x08006d3a       0x60 ./Drivers/STM32G4xx_HAL_Driver/Src/stm32g4xx_hal_tim.o
 .text.TIM_ITRx_SetConfig
                0x08006d9a       0x3a ./Drivers/STM32G4xx_HAL_Driver/Src/stm32g4xx_hal_tim.o
 .text.TIM_ETR_SetConfig
                0x08006dd4       0x40 ./Drivers/STM32G4xx_HAL_Driver/Src/stm32g4xx_hal_tim.o
                0x08006dd4                TIM_ETR_SetConfig
 .text.TIM_CCxChannelCmd
                0x08006e14       0x4a ./Drivers/STM32G4xx_HAL_Driver/Src/stm32g4xx_hal_tim.o
                0x08006e14                TIM_CCxChannelCmd
 *fill*         0x08006e5e        0x2 
 .text.HAL_TIMEx_MasterConfigSynchronization
                0x08006e60      0x104 ./Drivers/STM32G4xx_HAL_Driver/Src/stm32g4xx_hal_tim_ex.o
                0x08006e60                HAL_TIMEx_MasterConfigSynchronization
 .text.HAL_TIMEx_ConfigBreakDeadTime
                0x08006f64      0x118 ./Drivers/STM32G4xx_HAL_Driver/Src/stm32g4xx_hal_tim_ex.o
                0x08006f64                HAL_TIMEx_ConfigBreakDeadTime
 .text.HAL_TIMEx_CommutCallback
                0x0800707c       0x14 ./Drivers/STM32G4xx_HAL_Driver/Src/stm32g4xx_hal_tim_ex.o
                0x0800707c                HAL_TIMEx_CommutCallback
 .text.HAL_TIMEx_BreakCallback
                0x08007090       0x14 ./Drivers/STM32G4xx_HAL_Driver/Src/stm32g4xx_hal_tim_ex.o
                0x08007090                HAL_TIMEx_BreakCallback
 .text.HAL_TIMEx_Break2Callback
                0x080070a4       0x14 ./Drivers/STM32G4xx_HAL_Driver/Src/stm32g4xx_hal_tim_ex.o
                0x080070a4                HAL_TIMEx_Break2Callback
 .text.HAL_TIMEx_EncoderIndexCallback
                0x080070b8       0x14 ./Drivers/STM32G4xx_HAL_Driver/Src/stm32g4xx_hal_tim_ex.o
                0x080070b8                HAL_TIMEx_EncoderIndexCallback
 .text.HAL_TIMEx_DirectionChangeCallback
                0x080070cc       0x14 ./Drivers/STM32G4xx_HAL_Driver/Src/stm32g4xx_hal_tim_ex.o
                0x080070cc                HAL_TIMEx_DirectionChangeCallback
 .text.HAL_TIMEx_IndexErrorCallback
                0x080070e0       0x14 ./Drivers/STM32G4xx_HAL_Driver/Src/stm32g4xx_hal_tim_ex.o
                0x080070e0                HAL_TIMEx_IndexErrorCallback
 .text.HAL_TIMEx_TransitionErrorCallback
                0x080070f4       0x14 ./Drivers/STM32G4xx_HAL_Driver/Src/stm32g4xx_hal_tim_ex.o
                0x080070f4                HAL_TIMEx_TransitionErrorCallback
 .text.memset   0x08007108       0x10 C:/ST/STM32CubeIDE_1.15.1/STM32CubeIDE/plugins/com.st.stm32cube.ide.mcu.externaltools.gnu-tools-for-stm32.12.3.rel1.win32_1.0.200.202406191623/tools/bin/../lib/gcc/arm-none-eabi/12.3.1/../../../../arm-none-eabi/lib/thumb/v7e-m+fp/hard\libc_nano.a(libc_a-memset.o)
                0x08007108                memset
 .text.__libc_init_array
                0x08007118       0x48 C:/ST/STM32CubeIDE_1.15.1/STM32CubeIDE/plugins/com.st.stm32cube.ide.mcu.externaltools.gnu-tools-for-stm32.12.3.rel1.win32_1.0.200.202406191623/tools/bin/../lib/gcc/arm-none-eabi/12.3.1/../../../../arm-none-eabi/lib/thumb/v7e-m+fp/hard\libc_nano.a(libc_a-init.o)
                0x08007118                __libc_init_array
 .text.memcpy   0x08007160       0x1c C:/ST/STM32CubeIDE_1.15.1/STM32CubeIDE/plugins/com.st.stm32cube.ide.mcu.externaltools.gnu-tools-for-stm32.12.3.rel1.win32_1.0.200.202406191623/tools/bin/../lib/gcc/arm-none-eabi/12.3.1/../../../../arm-none-eabi/lib/thumb/v7e-m+fp/hard\libc_nano.a(libc_a-memcpy-stub.o)
                0x08007160                memcpy
 *(.glue_7)
 .glue_7        0x0800717c        0x0 linker stubs
 *(.glue_7t)
 .glue_7t       0x0800717c        0x0 linker stubs
 *(.eh_frame)
 .eh_frame      0x0800717c        0x0 C:/ST/STM32CubeIDE_1.15.1/STM32CubeIDE/plugins/com.st.stm32cube.ide.mcu.externaltools.gnu-tools-for-stm32.12.3.rel1.win32_1.0.200.202406191623/tools/bin/../lib/gcc/arm-none-eabi/12.3.1/thumb/v7e-m+fp/hard/crtbegin.o
 *(.init)
 .init          0x0800717c        0x4 C:/ST/STM32CubeIDE_1.15.1/STM32CubeIDE/plugins/com.st.stm32cube.ide.mcu.externaltools.gnu-tools-for-stm32.12.3.rel1.win32_1.0.200.202406191623/tools/bin/../lib/gcc/arm-none-eabi/12.3.1/thumb/v7e-m+fp/hard/crti.o
                0x0800717c                _init
 .init          0x08007180        0x8 C:/ST/STM32CubeIDE_1.15.1/STM32CubeIDE/plugins/com.st.stm32cube.ide.mcu.externaltools.gnu-tools-for-stm32.12.3.rel1.win32_1.0.200.202406191623/tools/bin/../lib/gcc/arm-none-eabi/12.3.1/thumb/v7e-m+fp/hard/crtn.o
 *(.fini)
 .fini          0x08007188        0x4 C:/ST/STM32CubeIDE_1.15.1/STM32CubeIDE/plugins/com.st.stm32cube.ide.mcu.externaltools.gnu-tools-for-stm32.12.3.rel1.win32_1.0.200.202406191623/tools/bin/../lib/gcc/arm-none-eabi/12.3.1/thumb/v7e-m+fp/hard/crti.o
                0x08007188                _fini
 .fini          0x0800718c        0x8 C:/ST/STM32CubeIDE_1.15.1/STM32CubeIDE/plugins/com.st.stm32cube.ide.mcu.externaltools.gnu-tools-for-stm32.12.3.rel1.win32_1.0.200.202406191623/tools/bin/../lib/gcc/arm-none-eabi/12.3.1/thumb/v7e-m+fp/hard/crtn.o
                0x08007194                        . = ALIGN (0x4)
                0x08007194                        _etext = .

.vfp11_veneer   0x08007194        0x0
 .vfp11_veneer  0x08007194        0x0 linker stubs

.v4_bx          0x08007194        0x0
 .v4_bx         0x08007194        0x0 linker stubs

.iplt           0x08007194        0x0
 .iplt          0x08007194        0x0 C:/ST/STM32CubeIDE_1.15.1/STM32CubeIDE/plugins/com.st.stm32cube.ide.mcu.externaltools.gnu-tools-for-stm32.12.3.rel1.win32_1.0.200.202406191623/tools/bin/../lib/gcc/arm-none-eabi/12.3.1/thumb/v7e-m+fp/hard/crtbegin.o

.rodata         0x08007194       0x20
                0x08007194                        . = ALIGN (0x4)
 *(.rodata)
 *(.rodata*)
 .rodata.AHBPrescTable
                0x08007194       0x10 ./Core/Src/system_stm32g4xx.o
                0x08007194                AHBPrescTable
 .rodata.DLCtoBytes
                0x080071a4       0x10 ./Drivers/STM32G4xx_HAL_Driver/Src/stm32g4xx_hal_fdcan.o
                0x080071b4                        . = ALIGN (0x4)

.rel.dyn        0x080071b4        0x0
 .rel.iplt      0x080071b4        0x0 C:/ST/STM32CubeIDE_1.15.1/STM32CubeIDE/plugins/com.st.stm32cube.ide.mcu.externaltools.gnu-tools-for-stm32.12.3.rel1.win32_1.0.200.202406191623/tools/bin/../lib/gcc/arm-none-eabi/12.3.1/thumb/v7e-m+fp/hard/crtbegin.o

.ARM.extab      0x080071b4        0x0
                0x080071b4                        . = ALIGN (0x4)
 *(.ARM.extab* .gnu.linkonce.armextab.*)
                0x080071b4                        . = ALIGN (0x4)

.ARM            0x080071b4        0x0
                0x080071b4                        . = ALIGN (0x4)
                0x080071b4                        __exidx_start = .
 *(.ARM.exidx*)
                0x080071b4                        __exidx_end = .
                0x080071b4                        . = ALIGN (0x4)

.preinit_array  0x080071b4        0x0
                0x080071b4                        . = ALIGN (0x4)
                0x080071b4                        PROVIDE (__preinit_array_start = .)
 *(.preinit_array*)
                0x080071b4                        PROVIDE (__preinit_array_end = .)
                0x080071b4                        . = ALIGN (0x4)

.init_array     0x080071b4        0x4
                0x080071b4                        . = ALIGN (0x4)
                0x080071b4                        PROVIDE (__init_array_start = .)
 *(SORT_BY_NAME(.init_array.*))
 *(.init_array*)
 .init_array    0x080071b4        0x4 C:/ST/STM32CubeIDE_1.15.1/STM32CubeIDE/plugins/com.st.stm32cube.ide.mcu.externaltools.gnu-tools-for-stm32.12.3.rel1.win32_1.0.200.202406191623/tools/bin/../lib/gcc/arm-none-eabi/12.3.1/thumb/v7e-m+fp/hard/crtbegin.o
                0x080071b8                        PROVIDE (__init_array_end = .)
                0x080071b8                        . = ALIGN (0x4)

.fini_array     0x080071b8        0x4
                0x080071b8                        . = ALIGN (0x4)
                [!provide]                        PROVIDE (__fini_array_start = .)
 *(SORT_BY_NAME(.fini_array.*))
 *(.fini_array*)
 .fini_array    0x080071b8        0x4 C:/ST/STM32CubeIDE_1.15.1/STM32CubeIDE/plugins/com.st.stm32cube.ide.mcu.externaltools.gnu-tools-for-stm32.12.3.rel1.win32_1.0.200.202406191623/tools/bin/../lib/gcc/arm-none-eabi/12.3.1/thumb/v7e-m+fp/hard/crtbegin.o
                [!provide]                        PROVIDE (__fini_array_end = .)
                0x080071bc                        . = ALIGN (0x4)
                0x080071bc                        _sidata = LOADADDR (.data)

.data           0x20000000        0xc load address 0x080071bc
                0x20000000                        . = ALIGN (0x4)
                0x20000000                        _sdata = .
 *(.data)
 *(.data*)
 .data.SystemCoreClock
                0x20000000        0x4 ./Core/Src/system_stm32g4xx.o
                0x20000000                SystemCoreClock
 .data.uwTickPrio
                0x20000004        0x4 ./Drivers/STM32G4xx_HAL_Driver/Src/stm32g4xx_hal.o
                0x20000004                uwTickPrio
 .data.uwTickFreq
                0x20000008        0x4 ./Drivers/STM32G4xx_HAL_Driver/Src/stm32g4xx_hal.o
                0x20000008                uwTickFreq
 *(.RamFunc)
 *(.RamFunc*)
                0x2000000c                        . = ALIGN (0x4)
                0x2000000c                        _edata = .

.igot.plt       0x2000000c        0x0 load address 0x080071c8
 .igot.plt      0x2000000c        0x0 C:/ST/STM32CubeIDE_1.15.1/STM32CubeIDE/plugins/com.st.stm32cube.ide.mcu.externaltools.gnu-tools-for-stm32.12.3.rel1.win32_1.0.200.202406191623/tools/bin/../lib/gcc/arm-none-eabi/12.3.1/thumb/v7e-m+fp/hard/crtbegin.o
                0x2000000c                        . = ALIGN (0x4)

.bss            0x2000000c      0x8c8 load address 0x080071c8
                0x2000000c                        _sbss = .
                0x2000000c                        __bss_start__ = _sbss
 *(.bss)
 .bss           0x2000000c       0x1c C:/ST/STM32CubeIDE_1.15.1/STM32CubeIDE/plugins/com.st.stm32cube.ide.mcu.externaltools.gnu-tools-for-stm32.12.3.rel1.win32_1.0.200.202406191623/tools/bin/../lib/gcc/arm-none-eabi/12.3.1/thumb/v7e-m+fp/hard/crtbegin.o
 *(.bss*)
 .bss.timer_period
                0x20000028        0x2 ./Core/Src/commands.o
                0x20000028                timer_period
 *fill*         0x2000002a        0x2 
 .bss.TxData    0x2000002c        0x8 ./Core/Src/functions.o
                0x2000002c                TxData
 .bss.hadc1     0x20000034       0x6c ./Core/Src/main.o
                0x20000034                hadc1
 .bss.hadc2     0x200000a0       0x6c ./Core/Src/main.o
                0x200000a0                hadc2
 .bss.hfdcan1   0x2000010c       0x64 ./Core/Src/main.o
                0x2000010c                hfdcan1
 .bss.htim1     0x20000170       0x4c ./Core/Src/main.o
                0x20000170                htim1
 .bss.htim2     0x200001bc       0x4c ./Core/Src/main.o
                0x200001bc                htim2
 .bss.htim3     0x20000208       0x4c ./Core/Src/main.o
                0x20000208                htim3
 .bss.htim4     0x20000254       0x4c ./Core/Src/main.o
                0x20000254                htim4
 .bss.htim6     0x200002a0       0x4c ./Core/Src/main.o
                0x200002a0                htim6
 .bss.htim7     0x200002ec       0x4c ./Core/Src/main.o
                0x200002ec                htim7
 .bss.htim16    0x20000338       0x4c ./Core/Src/main.o
                0x20000338                htim16
 .bss.outputs   0x20000384      0x4e0 ./Core/Src/main.o
                0x20000384                outputs
 .bss.millis    0x20000864        0x2 ./Core/Src/main.o
                0x20000864                millis
 .bss.Default_Switch_State
                0x20000866        0x1 ./Core/Src/main.o
                0x20000866                Default_Switch_State
 .bss.PWM_out_enable
                0x20000867        0x1 ./Core/Src/main.o
                0x20000867                PWM_out_enable
 .bss.PWM_width
                0x20000868        0x4 ./Core/Src/main.o
                0x20000868                PWM_width
 .bss.PWM_speed
                0x2000086c        0x4 ./Core/Src/main.o
                0x2000086c                PWM_speed
 .bss.CAN_ID    0x20000870        0x1 ./Core/Src/main.o
                0x20000870                CAN_ID
 *fill*         0x20000871        0x1 
 .bss.CAN_interval
                0x20000872        0x2 ./Core/Src/main.o
                0x20000872                CAN_interval
 .bss.TxHeader  0x20000874       0x24 ./Core/Src/main.o
                0x20000874                TxHeader
 .bss.RxHeader  0x20000898       0x28 ./Core/Src/main.o
                0x20000898                RxHeader
 .bss.RxMessage
                0x200008c0        0x9 ./Core/Src/main.o
                0x200008c0                RxMessage
 *fill*         0x200008c9        0x3 
 .bss.HAL_RCC_ADC12_CLK_ENABLED
                0x200008cc        0x4 ./Core/Src/stm32g4xx_hal_msp.o
 .bss.uwTick    0x200008d0        0x4 ./Drivers/STM32G4xx_HAL_Driver/Src/stm32g4xx_hal.o
                0x200008d0                uwTick
 *(COMMON)
                0x200008d4                        . = ALIGN (0x4)
                0x200008d4                        _ebss = .
                0x200008d4                        __bss_end__ = _ebss

._user_heap_stack
                0x200008d4      0x604 load address 0x080071c8
                0x200008d8                        . = ALIGN (0x8)
 *fill*         0x200008d4        0x4 
                [!provide]                        PROVIDE (end = .)
                0x200008d8                        PROVIDE (_end = .)
                0x20000ad8                        . = (. + _Min_Heap_Size)
 *fill*         0x200008d8      0x200 
                0x20000ed8                        . = (. + _Min_Stack_Size)
 *fill*         0x20000ad8      0x400 
                0x20000ed8                        . = ALIGN (0x8)

/DISCARD/
 libc.a(*)
 libm.a(*)
 libgcc.a(*)

.ARM.attributes
                0x00000000       0x30
 *(.ARM.attributes)
 .ARM.attributes
                0x00000000       0x22 C:/ST/STM32CubeIDE_1.15.1/STM32CubeIDE/plugins/com.st.stm32cube.ide.mcu.externaltools.gnu-tools-for-stm32.12.3.rel1.win32_1.0.200.202406191623/tools/bin/../lib/gcc/arm-none-eabi/12.3.1/thumb/v7e-m+fp/hard/crti.o
 .ARM.attributes
                0x00000022       0x34 C:/ST/STM32CubeIDE_1.15.1/STM32CubeIDE/plugins/com.st.stm32cube.ide.mcu.externaltools.gnu-tools-for-stm32.12.3.rel1.win32_1.0.200.202406191623/tools/bin/../lib/gcc/arm-none-eabi/12.3.1/thumb/v7e-m+fp/hard/crtbegin.o
 .ARM.attributes
                0x00000056       0x34 ./Core/Src/commands.o
 .ARM.attributes
                0x0000008a       0x34 ./Core/Src/config.o
 .ARM.attributes
                0x000000be       0x34 ./Core/Src/functions.o
 .ARM.attributes
                0x000000f2       0x34 ./Core/Src/main.o
 .ARM.attributes
                0x00000126       0x34 ./Core/Src/stm32g4xx_hal_msp.o
 .ARM.attributes
                0x0000015a       0x34 ./Core/Src/stm32g4xx_it.o
 .ARM.attributes
                0x0000018e       0x34 ./Core/Src/system_stm32g4xx.o
 .ARM.attributes
                0x000001c2       0x21 ./Core/Startup/startup_stm32g431kbtx.o
 .ARM.attributes
                0x000001e3       0x34 ./Drivers/STM32G4xx_HAL_Driver/Src/stm32g4xx_hal.o
 .ARM.attributes
                0x00000217       0x34 ./Drivers/STM32G4xx_HAL_Driver/Src/stm32g4xx_hal_adc.o
 .ARM.attributes
                0x0000024b       0x34 ./Drivers/STM32G4xx_HAL_Driver/Src/stm32g4xx_hal_adc_ex.o
 .ARM.attributes
                0x0000027f       0x34 ./Drivers/STM32G4xx_HAL_Driver/Src/stm32g4xx_hal_cortex.o
 .ARM.attributes
                0x000002b3       0x34 ./Drivers/STM32G4xx_HAL_Driver/Src/stm32g4xx_hal_fdcan.o
 .ARM.attributes
                0x000002e7       0x34 ./Drivers/STM32G4xx_HAL_Driver/Src/stm32g4xx_hal_gpio.o
 .ARM.attributes
                0x0000031b       0x34 ./Drivers/STM32G4xx_HAL_Driver/Src/stm32g4xx_hal_pwr_ex.o
 .ARM.attributes
                0x0000034f       0x34 ./Drivers/STM32G4xx_HAL_Driver/Src/stm32g4xx_hal_rcc.o
 .ARM.attributes
                0x00000383       0x34 ./Drivers/STM32G4xx_HAL_Driver/Src/stm32g4xx_hal_rcc_ex.o
 .ARM.attributes
                0x000003b7       0x34 ./Drivers/STM32G4xx_HAL_Driver/Src/stm32g4xx_hal_tim.o
 .ARM.attributes
                0x000003eb       0x34 ./Drivers/STM32G4xx_HAL_Driver/Src/stm32g4xx_hal_tim_ex.o
 .ARM.attributes
                0x0000041f       0x34 C:/ST/STM32CubeIDE_1.15.1/STM32CubeIDE/plugins/com.st.stm32cube.ide.mcu.externaltools.gnu-tools-for-stm32.12.3.rel1.win32_1.0.200.202406191623/tools/bin/../lib/gcc/arm-none-eabi/12.3.1/../../../../arm-none-eabi/lib/thumb/v7e-m+fp/hard\libc_nano.a(libc_a-memset.o)
 .ARM.attributes
                0x00000453       0x34 C:/ST/STM32CubeIDE_1.15.1/STM32CubeIDE/plugins/com.st.stm32cube.ide.mcu.externaltools.gnu-tools-for-stm32.12.3.rel1.win32_1.0.200.202406191623/tools/bin/../lib/gcc/arm-none-eabi/12.3.1/../../../../arm-none-eabi/lib/thumb/v7e-m+fp/hard\libc_nano.a(libc_a-init.o)
 .ARM.attributes
                0x00000487       0x34 C:/ST/STM32CubeIDE_1.15.1/STM32CubeIDE/plugins/com.st.stm32cube.ide.mcu.externaltools.gnu-tools-for-stm32.12.3.rel1.win32_1.0.200.202406191623/tools/bin/../lib/gcc/arm-none-eabi/12.3.1/../../../../arm-none-eabi/lib/thumb/v7e-m+fp/hard\libc_nano.a(libc_a-memcpy-stub.o)
 .ARM.attributes
                0x000004bb       0x22 C:/ST/STM32CubeIDE_1.15.1/STM32CubeIDE/plugins/com.st.stm32cube.ide.mcu.externaltools.gnu-tools-for-stm32.12.3.rel1.win32_1.0.200.202406191623/tools/bin/../lib/gcc/arm-none-eabi/12.3.1/thumb/v7e-m+fp/hard/crtn.o
OUTPUT(SensorBox24Power.elf elf32-littlearm)
LOAD linker stubs
LOAD C:/ST/STM32CubeIDE_1.15.1/STM32CubeIDE/plugins/com.st.stm32cube.ide.mcu.externaltools.gnu-tools-for-stm32.12.3.rel1.win32_1.0.200.202406191623/tools/bin/../lib/gcc/arm-none-eabi/12.3.1/../../../../arm-none-eabi/lib/thumb/v7e-m+fp/hard\libc.a
LOAD C:/ST/STM32CubeIDE_1.15.1/STM32CubeIDE/plugins/com.st.stm32cube.ide.mcu.externaltools.gnu-tools-for-stm32.12.3.rel1.win32_1.0.200.202406191623/tools/bin/../lib/gcc/arm-none-eabi/12.3.1/../../../../arm-none-eabi/lib/thumb/v7e-m+fp/hard\libm.a
LOAD C:/ST/STM32CubeIDE_1.15.1/STM32CubeIDE/plugins/com.st.stm32cube.ide.mcu.externaltools.gnu-tools-for-stm32.12.3.rel1.win32_1.0.200.202406191623/tools/bin/../lib/gcc/arm-none-eabi/12.3.1/thumb/v7e-m+fp/hard\libgcc.a

.debug_info     0x00000000    0x15921
 .debug_info    0x00000000      0x881 ./Core/Src/commands.o
 .debug_info    0x00000881      0x475 ./Core/Src/config.o
 .debug_info    0x00000cf6     0x1994 ./Core/Src/functions.o
 .debug_info    0x0000268a     0x23c5 ./Core/Src/main.o
 .debug_info    0x00004a4f     0x1aeb ./Core/Src/stm32g4xx_hal_msp.o
 .debug_info    0x0000653a      0xdbc ./Core/Src/stm32g4xx_it.o
 .debug_info    0x000072f6      0x58e ./Core/Src/system_stm32g4xx.o
 .debug_info    0x00007884       0x30 ./Core/Startup/startup_stm32g431kbtx.o
 .debug_info    0x000078b4      0xadb ./Drivers/STM32G4xx_HAL_Driver/Src/stm32g4xx_hal.o
 .debug_info    0x0000838f     0x2063 ./Drivers/STM32G4xx_HAL_Driver/Src/stm32g4xx_hal_adc.o
 .debug_info    0x0000a3f2     0x1d80 ./Drivers/STM32G4xx_HAL_Driver/Src/stm32g4xx_hal_adc_ex.o
 .debug_info    0x0000c172      0xcf3 ./Drivers/STM32G4xx_HAL_Driver/Src/stm32g4xx_hal_cortex.o
 .debug_info    0x0000ce65     0x189c ./Drivers/STM32G4xx_HAL_Driver/Src/stm32g4xx_hal_fdcan.o
 .debug_info    0x0000e701      0x763 ./Drivers/STM32G4xx_HAL_Driver/Src/stm32g4xx_hal_gpio.o
 .debug_info    0x0000ee64      0x93f ./Drivers/STM32G4xx_HAL_Driver/Src/stm32g4xx_hal_pwr_ex.o
 .debug_info    0x0000f7a3      0xb82 ./Drivers/STM32G4xx_HAL_Driver/Src/stm32g4xx_hal_rcc.o
 .debug_info    0x00010325      0xc15 ./Drivers/STM32G4xx_HAL_Driver/Src/stm32g4xx_hal_rcc_ex.o
 .debug_info    0x00010f3a     0x2c52 ./Drivers/STM32G4xx_HAL_Driver/Src/stm32g4xx_hal_tim.o
 .debug_info    0x00013b8c     0x1d95 ./Drivers/STM32G4xx_HAL_Driver/Src/stm32g4xx_hal_tim_ex.o

.debug_abbrev   0x00000000     0x2a77
 .debug_abbrev  0x00000000      0x1bb ./Core/Src/commands.o
 .debug_abbrev  0x000001bb      0x165 ./Core/Src/config.o
 .debug_abbrev  0x00000320      0x2dd ./Core/Src/functions.o
 .debug_abbrev  0x000005fd      0x314 ./Core/Src/main.o
 .debug_abbrev  0x00000911      0x26a ./Core/Src/stm32g4xx_hal_msp.o
 .debug_abbrev  0x00000b7b      0x205 ./Core/Src/stm32g4xx_it.o
 .debug_abbrev  0x00000d80      0x11a ./Core/Src/system_stm32g4xx.o
 .debug_abbrev  0x00000e9a       0x24 ./Core/Startup/startup_stm32g431kbtx.o
 .debug_abbrev  0x00000ebe      0x271 ./Drivers/STM32G4xx_HAL_Driver/Src/stm32g4xx_hal.o
 .debug_abbrev  0x0000112f      0x2d3 ./Drivers/STM32G4xx_HAL_Driver/Src/stm32g4xx_hal_adc.o
 .debug_abbrev  0x00001402      0x2ee ./Drivers/STM32G4xx_HAL_Driver/Src/stm32g4xx_hal_adc_ex.o
 .debug_abbrev  0x000016f0      0x31c ./Drivers/STM32G4xx_HAL_Driver/Src/stm32g4xx_hal_cortex.o
 .debug_abbrev  0x00001a0c      0x1e7 ./Drivers/STM32G4xx_HAL_Driver/Src/stm32g4xx_hal_fdcan.o
 .debug_abbrev  0x00001bf3      0x1cb ./Drivers/STM32G4xx_HAL_Driver/Src/stm32g4xx_hal_gpio.o
 .debug_abbrev  0x00001dbe      0x22c ./Drivers/STM32G4xx_HAL_Driver/Src/stm32g4xx_hal_pwr_ex.o
 .debug_abbrev  0x00001fea      0x2c9 ./Drivers/STM32G4xx_HAL_Driver/Src/stm32g4xx_hal_rcc.o
 .debug_abbrev  0x000022b3      0x258 ./Drivers/STM32G4xx_HAL_Driver/Src/stm32g4xx_hal_rcc_ex.o
 .debug_abbrev  0x0000250b      0x2a7 ./Drivers/STM32G4xx_HAL_Driver/Src/stm32g4xx_hal_tim.o
 .debug_abbrev  0x000027b2      0x2c5 ./Drivers/STM32G4xx_HAL_Driver/Src/stm32g4xx_hal_tim_ex.o

.debug_aranges  0x00000000     0x1428
 .debug_aranges
                0x00000000       0x20 ./Core/Src/commands.o
 .debug_aranges
                0x00000020       0x38 ./Core/Src/config.o
 .debug_aranges
                0x00000058       0xa8 ./Core/Src/functions.o
 .debug_aranges
                0x00000100       0x88 ./Core/Src/main.o
 .debug_aranges
                0x00000188       0x58 ./Core/Src/stm32g4xx_hal_msp.o
 .debug_aranges
                0x000001e0       0x88 ./Core/Src/stm32g4xx_it.o
 .debug_aranges
                0x00000268       0x28 ./Core/Src/system_stm32g4xx.o
 .debug_aranges
                0x00000290       0x28 ./Core/Startup/startup_stm32g431kbtx.o
 .debug_aranges
                0x000002b8      0x148 ./Drivers/STM32G4xx_HAL_Driver/Src/stm32g4xx_hal.o
 .debug_aranges
                0x00000400      0x248 ./Drivers/STM32G4xx_HAL_Driver/Src/stm32g4xx_hal_adc.o
 .debug_aranges
                0x00000648      0x1c0 ./Drivers/STM32G4xx_HAL_Driver/Src/stm32g4xx_hal_adc_ex.o
 .debug_aranges
                0x00000808      0x118 ./Drivers/STM32G4xx_HAL_Driver/Src/stm32g4xx_hal_cortex.o
 .debug_aranges
                0x00000920      0x208 ./Drivers/STM32G4xx_HAL_Driver/Src/stm32g4xx_hal_fdcan.o
 .debug_aranges
                0x00000b28       0x58 ./Drivers/STM32G4xx_HAL_Driver/Src/stm32g4xx_hal_gpio.o
 .debug_aranges
                0x00000b80      0x140 ./Drivers/STM32G4xx_HAL_Driver/Src/stm32g4xx_hal_pwr_ex.o
 .debug_aranges
                0x00000cc0       0x98 ./Drivers/STM32G4xx_HAL_Driver/Src/stm32g4xx_hal_rcc.o
 .debug_aranges
                0x00000d58       0xb0 ./Drivers/STM32G4xx_HAL_Driver/Src/stm32g4xx_hal_rcc_ex.o
 .debug_aranges
                0x00000e08      0x3e0 ./Drivers/STM32G4xx_HAL_Driver/Src/stm32g4xx_hal_tim.o
 .debug_aranges
                0x000011e8      0x240 ./Drivers/STM32G4xx_HAL_Driver/Src/stm32g4xx_hal_tim_ex.o

.debug_rnglists
                0x00000000      0xf81
 .debug_rnglists
                0x00000000       0x14 ./Core/Src/commands.o
 .debug_rnglists
                0x00000014       0x28 ./Core/Src/config.o
 .debug_rnglists
                0x0000003c       0x7e ./Core/Src/functions.o
 .debug_rnglists
                0x000000ba       0x6b ./Core/Src/main.o
 .debug_rnglists
                0x00000125       0x43 ./Core/Src/stm32g4xx_hal_msp.o
 .debug_rnglists
                0x00000168       0x61 ./Core/Src/stm32g4xx_it.o
 .debug_rnglists
                0x000001c9       0x1a ./Core/Src/system_stm32g4xx.o
 .debug_rnglists
                0x000001e3       0x19 ./Core/Startup/startup_stm32g431kbtx.o
 .debug_rnglists
                0x000001fc       0xf1 ./Drivers/STM32G4xx_HAL_Driver/Src/stm32g4xx_hal.o
 .debug_rnglists
                0x000002ed      0x1c0 ./Drivers/STM32G4xx_HAL_Driver/Src/stm32g4xx_hal_adc.o
 .debug_rnglists
                0x000004ad      0x15a ./Drivers/STM32G4xx_HAL_Driver/Src/stm32g4xx_hal_adc_ex.o
 .debug_rnglists
                0x00000607       0xce ./Drivers/STM32G4xx_HAL_Driver/Src/stm32g4xx_hal_cortex.o
 .debug_rnglists
                0x000006d5      0x18d ./Drivers/STM32G4xx_HAL_Driver/Src/stm32g4xx_hal_fdcan.o
 .debug_rnglists
                0x00000862       0x3f ./Drivers/STM32G4xx_HAL_Driver/Src/stm32g4xx_hal_gpio.o
 .debug_rnglists
                0x000008a1       0xf1 ./Drivers/STM32G4xx_HAL_Driver/Src/stm32g4xx_hal_pwr_ex.o
 .debug_rnglists
                0x00000992       0x74 ./Drivers/STM32G4xx_HAL_Driver/Src/stm32g4xx_hal_rcc.o
 .debug_rnglists
                0x00000a06       0x87 ./Drivers/STM32G4xx_HAL_Driver/Src/stm32g4xx_hal_rcc_ex.o
 .debug_rnglists
                0x00000a8d      0x328 ./Drivers/STM32G4xx_HAL_Driver/Src/stm32g4xx_hal_tim.o
 .debug_rnglists
                0x00000db5      0x1cc ./Drivers/STM32G4xx_HAL_Driver/Src/stm32g4xx_hal_tim_ex.o

.debug_macro    0x00000000    0x207c6
 .debug_macro   0x00000000      0x2ee ./Core/Src/commands.o
 .debug_macro   0x000002ee      0xab4 ./Core/Src/commands.o
 .debug_macro   0x00000da2      0x161 ./Core/Src/commands.o
 .debug_macro   0x00000f03       0x2e ./Core/Src/commands.o
 .debug_macro   0x00000f31       0x28 ./Core/Src/commands.o
 .debug_macro   0x00000f59       0x22 ./Core/Src/commands.o
 .debug_macro   0x00000f7b       0x8e ./Core/Src/commands.o
 .debug_macro   0x00001009       0x51 ./Core/Src/commands.o
 .debug_macro   0x0000105a      0x103 ./Core/Src/commands.o
 .debug_macro   0x0000115d       0x6a ./Core/Src/commands.o
 .debug_macro   0x000011c7      0x1df ./Core/Src/commands.o
 .debug_macro   0x000013a6       0x1c ./Core/Src/commands.o
 .debug_macro   0x000013c2       0x22 ./Core/Src/commands.o
 .debug_macro   0x000013e4       0xfb ./Core/Src/commands.o
 .debug_macro   0x000014df     0x1011 ./Core/Src/commands.o
 .debug_macro   0x000024f0      0x11f ./Core/Src/commands.o
 .debug_macro   0x0000260f    0x11350 ./Core/Src/commands.o
 .debug_macro   0x0001395f       0x6d ./Core/Src/commands.o
 .debug_macro   0x000139cc     0x354d ./Core/Src/commands.o
 .debug_macro   0x00016f19      0x189 ./Core/Src/commands.o
 .debug_macro   0x000170a2       0x5c ./Core/Src/commands.o
 .debug_macro   0x000170fe     0x141d ./Core/Src/commands.o
 .debug_macro   0x0001851b      0x535 ./Core/Src/commands.o
 .debug_macro   0x00018a50      0x1b6 ./Core/Src/commands.o
 .debug_macro   0x00018c06      0x288 ./Core/Src/commands.o
 .debug_macro   0x00018e8e      0x41d ./Core/Src/commands.o
 .debug_macro   0x000192ab      0x18b ./Core/Src/commands.o
 .debug_macro   0x00019436       0x43 ./Core/Src/commands.o
 .debug_macro   0x00019479      0x23d ./Core/Src/commands.o
 .debug_macro   0x000196b6     0x1112 ./Core/Src/commands.o
 .debug_macro   0x0001a7c8      0x72e ./Core/Src/commands.o
 .debug_macro   0x0001aef6      0x391 ./Core/Src/commands.o
 .debug_macro   0x0001b287      0x211 ./Core/Src/commands.o
 .debug_macro   0x0001b498      0x6bd ./Core/Src/commands.o
 .debug_macro   0x0001bb55      0x401 ./Core/Src/commands.o
 .debug_macro   0x0001bf56      0x107 ./Core/Src/commands.o
 .debug_macro   0x0001c05d      0x122 ./Core/Src/commands.o
 .debug_macro   0x0001c17f      0x3d1 ./Core/Src/commands.o
 .debug_macro   0x0001c550      0xbda ./Core/Src/commands.o
 .debug_macro   0x0001d12a      0x47e ./Core/Src/commands.o
 .debug_macro   0x0001d5a8      0x306 ./Core/Src/commands.o
 .debug_macro   0x0001d8ae       0x58 ./Core/Src/commands.o
 .debug_macro   0x0001d906       0x22 ./Core/Src/commands.o
 .debug_macro   0x0001d928       0x94 ./Core/Src/commands.o
 .debug_macro   0x0001d9bc       0x61 ./Core/Src/commands.o
 .debug_macro   0x0001da1d       0x2a ./Core/Src/commands.o
 .debug_macro   0x0001da47       0x43 ./Core/Src/commands.o
 .debug_macro   0x0001da8a       0x34 ./Core/Src/commands.o
 .debug_macro   0x0001dabe       0x16 ./Core/Src/commands.o
 .debug_macro   0x0001dad4       0x43 ./Core/Src/commands.o
 .debug_macro   0x0001db17       0x34 ./Core/Src/commands.o
 .debug_macro   0x0001db4b       0x10 ./Core/Src/commands.o
 .debug_macro   0x0001db5b       0x58 ./Core/Src/commands.o
 .debug_macro   0x0001dbb3       0x8e ./Core/Src/commands.o
 .debug_macro   0x0001dc41       0x1c ./Core/Src/commands.o
 .debug_macro   0x0001dc5d      0x177 ./Core/Src/commands.o
 .debug_macro   0x0001ddd4      0x369 ./Core/Src/commands.o
 .debug_macro   0x0001e13d       0x10 ./Core/Src/commands.o
 .debug_macro   0x0001e14d       0x35 ./Core/Src/commands.o
 .debug_macro   0x0001e182       0x20 ./Core/Src/commands.o
 .debug_macro   0x0001e1a2      0x228 ./Core/Src/config.o
 .debug_macro   0x0001e3ca      0x2f8 ./Core/Src/functions.o
 .debug_macro   0x0001e6c2       0x16 ./Core/Src/functions.o
 .debug_macro   0x0001e6d8       0x10 ./Core/Src/functions.o
 .debug_macro   0x0001e6e8       0x16 ./Core/Src/functions.o
 .debug_macro   0x0001e6fe       0x16 ./Core/Src/functions.o
 .debug_macro   0x0001e714      0x146 ./Core/Src/functions.o
 .debug_macro   0x0001e85a      0x222 ./Core/Src/main.o
 .debug_macro   0x0001ea7c      0x21c ./Core/Src/stm32g4xx_hal_msp.o
 .debug_macro   0x0001ec98      0x226 ./Core/Src/stm32g4xx_it.o
 .debug_macro   0x0001eebe      0x1e7 ./Core/Src/system_stm32g4xx.o
 .debug_macro   0x0001f0a5      0x235 ./Drivers/STM32G4xx_HAL_Driver/Src/stm32g4xx_hal.o
 .debug_macro   0x0001f2da      0x204 ./Drivers/STM32G4xx_HAL_Driver/Src/stm32g4xx_hal_adc.o
 .debug_macro   0x0001f4de      0x1f3 ./Drivers/STM32G4xx_HAL_Driver/Src/stm32g4xx_hal_adc_ex.o
 .debug_macro   0x0001f6d1      0x1e7 ./Drivers/STM32G4xx_HAL_Driver/Src/stm32g4xx_hal_cortex.o
 .debug_macro   0x0001f8b8      0x2f9 ./Drivers/STM32G4xx_HAL_Driver/Src/stm32g4xx_hal_fdcan.o
 .debug_macro   0x0001fbb1      0x1ee ./Drivers/STM32G4xx_HAL_Driver/Src/stm32g4xx_hal_gpio.o
 .debug_macro   0x0001fd9f      0x211 ./Drivers/STM32G4xx_HAL_Driver/Src/stm32g4xx_hal_pwr_ex.o
 .debug_macro   0x0001ffb0      0x229 ./Drivers/STM32G4xx_HAL_Driver/Src/stm32g4xx_hal_rcc.o
 .debug_macro   0x000201d9      0x211 ./Drivers/STM32G4xx_HAL_Driver/Src/stm32g4xx_hal_rcc_ex.o
 .debug_macro   0x000203ea      0x1ef ./Drivers/STM32G4xx_HAL_Driver/Src/stm32g4xx_hal_tim.o
 .debug_macro   0x000205d9      0x1ed ./Drivers/STM32G4xx_HAL_Driver/Src/stm32g4xx_hal_tim_ex.o

.debug_line     0x00000000    0x14f5a
 .debug_line    0x00000000      0x95f ./Core/Src/commands.o
 .debug_line    0x0000095f      0x912 ./Core/Src/config.o
 .debug_line    0x00001271      0xd68 ./Core/Src/functions.o
 .debug_line    0x00001fd9      0xcdb ./Core/Src/main.o
 .debug_line    0x00002cb4      0xa49 ./Core/Src/stm32g4xx_hal_msp.o
 .debug_line    0x000036fd      0x911 ./Core/Src/stm32g4xx_it.o
 .debug_line    0x0000400e      0x803 ./Core/Src/system_stm32g4xx.o
 .debug_line    0x00004811       0x7b ./Core/Startup/startup_stm32g431kbtx.o
 .debug_line    0x0000488c      0xbbf ./Drivers/STM32G4xx_HAL_Driver/Src/stm32g4xx_hal.o
 .debug_line    0x0000544b     0x1fea ./Drivers/STM32G4xx_HAL_Driver/Src/stm32g4xx_hal_adc.o
 .debug_line    0x00007435     0x1a2f ./Drivers/STM32G4xx_HAL_Driver/Src/stm32g4xx_hal_adc_ex.o
 .debug_line    0x00008e64      0xd28 ./Drivers/STM32G4xx_HAL_Driver/Src/stm32g4xx_hal_cortex.o
 .debug_line    0x00009b8c     0x19a2 ./Drivers/STM32G4xx_HAL_Driver/Src/stm32g4xx_hal_fdcan.o
 .debug_line    0x0000b52e      0xbd8 ./Drivers/STM32G4xx_HAL_Driver/Src/stm32g4xx_hal_gpio.o
 .debug_line    0x0000c106      0xd2e ./Drivers/STM32G4xx_HAL_Driver/Src/stm32g4xx_hal_pwr_ex.o
 .debug_line    0x0000ce34      0xf8a ./Drivers/STM32G4xx_HAL_Driver/Src/stm32g4xx_hal_rcc.o
 .debug_line    0x0000ddbe     0x1150 ./Drivers/STM32G4xx_HAL_Driver/Src/stm32g4xx_hal_rcc_ex.o
 .debug_line    0x0000ef0e     0x3f4d ./Drivers/STM32G4xx_HAL_Driver/Src/stm32g4xx_hal_tim.o
 .debug_line    0x00012e5b     0x20ff ./Drivers/STM32G4xx_HAL_Driver/Src/stm32g4xx_hal_tim_ex.o

.debug_str      0x00000000    0xda736
 .debug_str     0x00000000    0xd33a1 ./Core/Src/commands.o
                              0xd39bf (size before relaxing)
 .debug_str     0x000d33a1      0x1a5 ./Core/Src/config.o
                              0xd03bd (size before relaxing)
 .debug_str     0x000d3546      0xefc ./Core/Src/functions.o
                              0xd49a7 (size before relaxing)
 .debug_str     0x000d4442      0x880 ./Core/Src/main.o
                              0xd1999 (size before relaxing)
 .debug_str     0x000d4cc2      0x710 ./Core/Src/stm32g4xx_hal_msp.o
                              0xd1696 (size before relaxing)
 .debug_str     0x000d53d2      0x137 ./Core/Src/stm32g4xx_it.o
                              0xd0c84 (size before relaxing)
 .debug_str     0x000d5509      0x10c ./Core/Src/system_stm32g4xx.o
                              0xd010c (size before relaxing)
 .debug_str     0x000d5615       0x44 ./Core/Startup/startup_stm32g431kbtx.o
                                 0x75 (size before relaxing)
 .debug_str     0x000d5659      0x5dd ./Drivers/STM32G4xx_HAL_Driver/Src/stm32g4xx_hal.o
                              0xd0c4b (size before relaxing)
 .debug_str     0x000d5c36      0xad0 ./Drivers/STM32G4xx_HAL_Driver/Src/stm32g4xx_hal_adc.o
                              0xd1139 (size before relaxing)
 .debug_str     0x000d6706      0x675 ./Drivers/STM32G4xx_HAL_Driver/Src/stm32g4xx_hal_adc_ex.o
                              0xd10df (size before relaxing)
 .debug_str     0x000d6d7b      0x322 ./Drivers/STM32G4xx_HAL_Driver/Src/stm32g4xx_hal_cortex.o
                              0xd08cf (size before relaxing)
 .debug_str     0x000d709d     0x1192 ./Drivers/STM32G4xx_HAL_Driver/Src/stm32g4xx_hal_fdcan.o
                              0xd16bb (size before relaxing)
 .debug_str     0x000d822f      0x128 ./Drivers/STM32G4xx_HAL_Driver/Src/stm32g4xx_hal_gpio.o
                              0xd0297 (size before relaxing)
 .debug_str     0x000d8357      0x495 ./Drivers/STM32G4xx_HAL_Driver/Src/stm32g4xx_hal_pwr_ex.o
                              0xd05fa (size before relaxing)
 .debug_str     0x000d87ec      0x4e0 ./Drivers/STM32G4xx_HAL_Driver/Src/stm32g4xx_hal_rcc.o
                              0xd0805 (size before relaxing)
 .debug_str     0x000d8ccc      0x40b ./Drivers/STM32G4xx_HAL_Driver/Src/stm32g4xx_hal_rcc_ex.o
                              0xd0806 (size before relaxing)
 .debug_str     0x000d90d7      0xe5b ./Drivers/STM32G4xx_HAL_Driver/Src/stm32g4xx_hal_tim.o
                              0xd160a (size before relaxing)
 .debug_str     0x000d9f32      0x804 ./Drivers/STM32G4xx_HAL_Driver/Src/stm32g4xx_hal_tim_ex.o
                              0xd127e (size before relaxing)

.comment        0x00000000       0x43
 .comment       0x00000000       0x43 ./Core/Src/commands.o
                                 0x44 (size before relaxing)
 .comment       0x00000043       0x44 ./Core/Src/config.o
 .comment       0x00000043       0x44 ./Core/Src/functions.o
 .comment       0x00000043       0x44 ./Core/Src/main.o
 .comment       0x00000043       0x44 ./Core/Src/stm32g4xx_hal_msp.o
 .comment       0x00000043       0x44 ./Core/Src/stm32g4xx_it.o
 .comment       0x00000043       0x44 ./Core/Src/system_stm32g4xx.o
 .comment       0x00000043       0x44 ./Drivers/STM32G4xx_HAL_Driver/Src/stm32g4xx_hal.o
 .comment       0x00000043       0x44 ./Drivers/STM32G4xx_HAL_Driver/Src/stm32g4xx_hal_adc.o
 .comment       0x00000043       0x44 ./Drivers/STM32G4xx_HAL_Driver/Src/stm32g4xx_hal_adc_ex.o
 .comment       0x00000043       0x44 ./Drivers/STM32G4xx_HAL_Driver/Src/stm32g4xx_hal_cortex.o
 .comment       0x00000043       0x44 ./Drivers/STM32G4xx_HAL_Driver/Src/stm32g4xx_hal_fdcan.o
 .comment       0x00000043       0x44 ./Drivers/STM32G4xx_HAL_Driver/Src/stm32g4xx_hal_gpio.o
 .comment       0x00000043       0x44 ./Drivers/STM32G4xx_HAL_Driver/Src/stm32g4xx_hal_pwr_ex.o
 .comment       0x00000043       0x44 ./Drivers/STM32G4xx_HAL_Driver/Src/stm32g4xx_hal_rcc.o
 .comment       0x00000043       0x44 ./Drivers/STM32G4xx_HAL_Driver/Src/stm32g4xx_hal_rcc_ex.o
 .comment       0x00000043       0x44 ./Drivers/STM32G4xx_HAL_Driver/Src/stm32g4xx_hal_tim.o
 .comment       0x00000043       0x44 ./Drivers/STM32G4xx_HAL_Driver/Src/stm32g4xx_hal_tim_ex.o

.debug_frame    0x00000000     0x56c4
 .debug_frame   0x00000000       0x34 ./Core/Src/commands.o
 .debug_frame   0x00000034       0xa4 ./Core/Src/config.o
 .debug_frame   0x000000d8      0x298 ./Core/Src/functions.o
 .debug_frame   0x00000370      0x1e4 ./Core/Src/main.o
 .debug_frame   0x00000554      0x130 ./Core/Src/stm32g4xx_hal_msp.o
 .debug_frame   0x00000684      0x190 ./Core/Src/stm32g4xx_it.o
 .debug_frame   0x00000814       0x58 ./Core/Src/system_stm32g4xx.o
 .debug_frame   0x0000086c      0x500 ./Drivers/STM32G4xx_HAL_Driver/Src/stm32g4xx_hal.o
 .debug_frame   0x00000d6c      0xacc ./Drivers/STM32G4xx_HAL_Driver/Src/stm32g4xx_hal_adc.o
 .debug_frame   0x00001838      0x81c ./Drivers/STM32G4xx_HAL_Driver/Src/stm32g4xx_hal_adc_ex.o
 .debug_frame   0x00002054      0x498 ./Drivers/STM32G4xx_HAL_Driver/Src/stm32g4xx_hal_cortex.o
 .debug_frame   0x000024ec      0x9b0 ./Drivers/STM32G4xx_HAL_Driver/Src/stm32g4xx_hal_fdcan.o
 .debug_frame   0x00002e9c      0x14c ./Drivers/STM32G4xx_HAL_Driver/Src/stm32g4xx_hal_gpio.o
 .debug_frame   0x00002fe8      0x4fc ./Drivers/STM32G4xx_HAL_Driver/Src/stm32g4xx_hal_pwr_ex.o
 .debug_frame   0x000034e4      0x23c ./Drivers/STM32G4xx_HAL_Driver/Src/stm32g4xx_hal_rcc.o
 .debug_frame   0x00003720      0x2ac ./Drivers/STM32G4xx_HAL_Driver/Src/stm32g4xx_hal_rcc_ex.o
 .debug_frame   0x000039cc     0x121c ./Drivers/STM32G4xx_HAL_Driver/Src/stm32g4xx_hal_tim.o
 .debug_frame   0x00004be8      0xa68 ./Drivers/STM32G4xx_HAL_Driver/Src/stm32g4xx_hal_tim_ex.o
 .debug_frame   0x00005650       0x20 C:/ST/STM32CubeIDE_1.15.1/STM32CubeIDE/plugins/com.st.stm32cube.ide.mcu.externaltools.gnu-tools-for-stm32.12.3.rel1.win32_1.0.200.202406191623/tools/bin/../lib/gcc/arm-none-eabi/12.3.1/../../../../arm-none-eabi/lib/thumb/v7e-m+fp/hard\libc_nano.a(libc_a-memset.o)
 .debug_frame   0x00005670       0x2c C:/ST/STM32CubeIDE_1.15.1/STM32CubeIDE/plugins/com.st.stm32cube.ide.mcu.externaltools.gnu-tools-for-stm32.12.3.rel1.win32_1.0.200.202406191623/tools/bin/../lib/gcc/arm-none-eabi/12.3.1/../../../../arm-none-eabi/lib/thumb/v7e-m+fp/hard\libc_nano.a(libc_a-init.o)
 .debug_frame   0x0000569c       0x28 C:/ST/STM32CubeIDE_1.15.1/STM32CubeIDE/plugins/com.st.stm32cube.ide.mcu.externaltools.gnu-tools-for-stm32.12.3.rel1.win32_1.0.200.202406191623/tools/bin/../lib/gcc/arm-none-eabi/12.3.1/../../../../arm-none-eabi/lib/thumb/v7e-m+fp/hard\libc_nano.a(libc_a-memcpy-stub.o)

.debug_line_str
                0x00000000       0x59
 .debug_line_str
                0x00000000       0x59 ./Core/Startup/startup_stm32g431kbtx.o
