Archive member included to satisfy reference by file (symbol)

C:/ST/STM32CubeIDE_1.15.1/STM32CubeIDE/plugins/com.st.stm32cube.ide.mcu.externaltools.gnu-tools-for-stm32.13.3.rel1.win32_1.0.100.202509120712/tools/bin/../lib/gcc/arm-none-eabi/13.3.1/../../../../arm-none-eabi/lib/thumb/v7e-m+fp/hard\libc_nano.a(libc_a-exit.o)
                              C:/ST/STM32CubeIDE_1.15.1/STM32CubeIDE/plugins/com.st.stm32cube.ide.mcu.externaltools.gnu-tools-for-stm32.13.3.rel1.win32_1.0.100.202509120712/tools/bin/../lib/gcc/arm-none-eabi/13.3.1/../../../../arm-none-eabi/lib/thumb/v7e-m+fp/hard/crt0.o (exit)
C:/ST/STM32CubeIDE_1.15.1/STM32CubeIDE/plugins/com.st.stm32cube.ide.mcu.externaltools.gnu-tools-for-stm32.13.3.rel1.win32_1.0.100.202509120712/tools/bin/../lib/gcc/arm-none-eabi/13.3.1/../../../../arm-none-eabi/lib/thumb/v7e-m+fp/hard\libc_nano.a(libc_a-findfp.o)
                              C:/ST/STM32CubeIDE_1.15.1/STM32CubeIDE/plugins/com.st.stm32cube.ide.mcu.externaltools.gnu-tools-for-stm32.13.3.rel1.win32_1.0.100.202509120712/tools/bin/../lib/gcc/arm-none-eabi/13.3.1/../../../../arm-none-eabi/lib/thumb/v7e-m+fp/hard\libc_nano.a(libc_a-exit.o) (__stdio_exit_handler)
C:/ST/STM32CubeIDE_1.15.1/STM32CubeIDE/plugins/com.st.stm32cube.ide.mcu.externaltools.gnu-tools-for-stm32.13.3.rel1.win32_1.0.100.202509120712/tools/bin/../lib/gcc/arm-none-eabi/13.3.1/../../../../arm-none-eabi/lib/thumb/v7e-m+fp/hard\libc_nano.a(libc_a-fwalk.o)
                              C:/ST/STM32CubeIDE_1.15.1/STM32CubeIDE/plugins/com.st.stm32cube.ide.mcu.externaltools.gnu-tools-for-stm32.13.3.rel1.win32_1.0.100.202509120712/tools/bin/../lib/gcc/arm-none-eabi/13.3.1/../../../../arm-none-eabi/lib/thumb/v7e-m+fp/hard\libc_nano.a(libc_a-findfp.o) (_fwalk_sglue)
C:/ST/STM32CubeIDE_1.15.1/STM32CubeIDE/plugins/com.st.stm32cube.ide.mcu.externaltools.gnu-tools-for-stm32.13.3.rel1.win32_1.0.100.202509120712/tools/bin/../lib/gcc/arm-none-eabi/13.3.1/../../../../arm-none-eabi/lib/thumb/v7e-m+fp/hard\libc_nano.a(libc_a-stdio.o)
                              C:/ST/STM32CubeIDE_1.15.1/STM32CubeIDE/plugins/com.st.stm32cube.ide.mcu.externaltools.gnu-tools-for-stm32.13.3.rel1.win32_1.0.100.202509120712/tools/bin/../lib/gcc/arm-none-eabi/13.3.1/../../../../arm-none-eabi/lib/thumb/v7e-m+fp/hard\libc_nano.a(libc_a-findfp.o) (__sread)
C:/ST/STM32CubeIDE_1.15.1/STM32CubeIDE/plugins/com.st.stm32cube.ide.mcu.externaltools.gnu-tools-for-stm32.13.3.rel1.win32_1.0.100.202509120712/tools/bin/../lib/gcc/arm-none-eabi/13.3.1/../../../../arm-none-eabi/lib/thumb/v7e-m+fp/hard\libc_nano.a(libc_a-memset.o)
                              C:/ST/STM32CubeIDE_1.15.1/STM32CubeIDE/plugins/com.st.stm32cube.ide.mcu.externaltools.gnu-tools-for-stm32.13.3.rel1.win32_1.0.100.202509120712/tools/bin/../lib/gcc/arm-none-eabi/13.3.1/../../../../arm-none-eabi/lib/thumb/v7e-m+fp/hard/crt0.o (memset)
C:/ST/STM32CubeIDE_1.15.1/STM32CubeIDE/plugins/com.st.stm32cube.ide.mcu.externaltools.gnu-tools-for-stm32.13.3.rel1.win32_1.0.100.202509120712/tools/bin/../lib/gcc/arm-none-eabi/13.3.1/../../../../arm-none-eabi/lib/thumb/v7e-m+fp/hard\libc_nano.a(libc_a-closer.o)
                              C:/ST/STM32CubeIDE_1.15.1/STM32CubeIDE/plugins/com.st.stm32cube.ide.mcu.externaltools.gnu-tools-for-stm32.13.3.rel1.win32_1.0.100.202509120712/tools/bin/../lib/gcc/arm-none-eabi/13.3.1/../../../../arm-none-eabi/lib/thumb/v7e-m+fp/hard\libc_nano.a(libc_a-stdio.o) (_close_r)
C:/ST/STM32CubeIDE_1.15.1/STM32CubeIDE/plugins/com.st.stm32cube.ide.mcu.externaltools.gnu-tools-for-stm32.13.3.rel1.win32_1.0.100.202509120712/tools/bin/../lib/gcc/arm-none-eabi/13.3.1/../../../../arm-none-eabi/lib/thumb/v7e-m+fp/hard\libc_nano.a(libc_a-reent.o)
                              C:/ST/STM32CubeIDE_1.15.1/STM32CubeIDE/plugins/com.st.stm32cube.ide.mcu.externaltools.gnu-tools-for-stm32.13.3.rel1.win32_1.0.100.202509120712/tools/bin/../lib/gcc/arm-none-eabi/13.3.1/../../../../arm-none-eabi/lib/thumb/v7e-m+fp/hard\libc_nano.a(libc_a-closer.o) (errno)
C:/ST/STM32CubeIDE_1.15.1/STM32CubeIDE/plugins/com.st.stm32cube.ide.mcu.externaltools.gnu-tools-for-stm32.13.3.rel1.win32_1.0.100.202509120712/tools/bin/../lib/gcc/arm-none-eabi/13.3.1/../../../../arm-none-eabi/lib/thumb/v7e-m+fp/hard\libc_nano.a(libc_a-impure.o)
                              C:/ST/STM32CubeIDE_1.15.1/STM32CubeIDE/plugins/com.st.stm32cube.ide.mcu.externaltools.gnu-tools-for-stm32.13.3.rel1.win32_1.0.100.202509120712/tools/bin/../lib/gcc/arm-none-eabi/13.3.1/../../../../arm-none-eabi/lib/thumb/v7e-m+fp/hard\libc_nano.a(libc_a-reent.o) (_impure_ptr)
C:/ST/STM32CubeIDE_1.15.1/STM32CubeIDE/plugins/com.st.stm32cube.ide.mcu.externaltools.gnu-tools-for-stm32.13.3.rel1.win32_1.0.100.202509120712/tools/bin/../lib/gcc/arm-none-eabi/13.3.1/../../../../arm-none-eabi/lib/thumb/v7e-m+fp/hard\libc_nano.a(libc_a-lseekr.o)
[...]
Memory Configuration

Name             Origin             Length             Attributes
RAM              0x20000000         0x00008000         xrw
FLASH            0x08000000         0x00020000         xr
*default*        0x00000000         0xffffffff

Linker script and memory map

LOAD C:/ST/STM32CubeIDE_1.15.1/STM32CubeIDE/plugins/com.st.stm32cube.ide.mcu.externaltools.gnu-tools-for-stm32.13.3.rel1.win32_1.0.100.202509120712/tools/bin/../lib/gcc/arm-none-eabi/13.3.1/thumb/v7e-m+fp/hard/crti.o
LOAD C:/ST/STM32CubeIDE_1.15.1/STM32CubeIDE/plugins/com.st.stm32cube.ide.mcu.externaltools.gnu-tools-for-stm32.13.3.rel1.win32_1.0.100.202509120712/tools/bin/../lib/gcc/arm-none-eabi/13.3.1/thumb/v7e-m+fp/hard/crtbegin.o
LOAD C:/ST/STM32CubeIDE_1.15.1/STM32CubeIDE/plugins/com.st.stm32cube.ide.mcu.externaltools.gnu-tools-for-stm32.13.3.rel1.win32_1.0.100.202509120712/tools/bin/../lib/gcc/arm-none-eabi/13.3.1/../../../../arm-none-eabi/lib/thumb/v7e-m+fp/hard/crt0.o
LOAD ./Core/Src/commands.o
LOAD ./Core/Src/config.o
LOAD ./Core/Src/main.o
LOAD ./Core/Src/peripherals/adc.o
LOAD ./Core/Src/peripherals/fdcan.o
LOAD ./Core/Src/peripherals/gpio.o
LOAD ./Core/Src/peripherals/tim.o
LOAD ./Core/Src/processes/currentSense.o
LOAD ./Core/Src/processes/deviceControl.o
LOAD ./Core/Src/processes/functions.o
LOAD ./Core/Src/sys/stm32g4xx_hal_msp.o
LOAD ./Core/Src/sys/stm32g4xx_it.o
LOAD ./Core/Src/sys/syscalls.o
LOAD ./Core/Src/sys/sysmem.o
LOAD ./Core/Src/sys/system_stm32g4xx.o
LOAD ./Core/Startup/startup_stm32g431kbtx.o
LOAD ./Drivers/STM32G4xx_HAL_Driver/Src/stm32g4xx_hal.o
LOAD ./Drivers/STM32G4xx_HAL_Driver/Src/stm32g4xx_hal_adc.o
LOAD ./Drivers/STM32G4xx_HAL_Driver/Src/stm32g4xx_hal_adc_ex.o
LOAD ./Drivers/STM32G4xx_HAL_Driver/Src/stm32g4xx_hal_cortex.o
LOAD ./Drivers/STM32G4xx_HAL_Driver/Src/stm32g4xx_hal_dma.o
LOAD ./Drivers/STM32G4xx_HAL_Driver/Src/stm32g4xx_hal_dma_ex.o
LOAD ./Drivers/STM32G4xx_HAL_Driver/Src/stm32g4xx_hal_exti.o
LOAD ./Drivers/STM32G4xx_HAL_Driver/Src/stm32g4xx_hal_fdcan.o
LOAD ./Drivers/STM32G4xx_HAL_Driver/Src/stm32g4xx_hal_flash.o
LOAD ./Drivers/STM32G4xx_HAL_Driver/Src/stm32g4xx_hal_flash_ex.o
LOAD ./Drivers/STM32G4xx_HAL_Driver/Src/stm32g4xx_hal_flash_ramfunc.o
LOAD ./Drivers/STM32G4xx_HAL_Driver/Src/stm32g4xx_hal_gpio.o
LOAD ./Drivers/STM32G4xx_HAL_Driver/Src/stm32g4xx_hal_pwr.o
LOAD ./Drivers/STM32G4xx_HAL_Driver/Src/stm32g4xx_hal_pwr_ex.o
LOAD ./Drivers/STM32G4xx_HAL_Driver/Src/stm32g4xx_hal_rcc.o
LOAD ./Drivers/STM32G4xx_HAL_Driver/Src/stm32g4xx_hal_rcc_ex.o
LOAD ./Drivers/STM32G4xx_HAL_Driver/Src/stm32g4xx_hal_tim.o
LOAD ./Drivers/STM32G4xx_HAL_Driver/Src/stm32g4xx_hal_tim_ex.o
LOAD ./Drivers/STM32G4xx_HAL_Driver/Src/stm32g4xx_ll_adc.o
START GROUP
LOAD C:/ST/STM32CubeIDE_1.15.1/STM32CubeIDE/plugins/com.st.stm32cube.ide.mcu.externaltools.gnu-tools-for-stm32.13.3.rel1.win32_1.0.100.202509120712/tools/bin/../lib/gcc/arm-none-eabi/13.3.1/../../../../arm-none-eabi/lib/thumb/v7e-m+fp/hard\libc_nano.a
LOAD C:/ST/STM32CubeIDE_1.15.1/STM32CubeIDE/plugins/com.st.stm32cube.ide.mcu.externaltools.gnu-tools-for-stm32.13.3.rel1.win32_1.0.100.202509120712/tools/bin/../lib/gcc/arm-none-eabi/13.3.1/../../../../arm-none-eabi/lib/thumb/v7e-m+fp/hard\libm.a
END GROUP
START GROUP
LOAD C:/ST/STM32CubeIDE_1.15.1/STM32CubeIDE/plugins/com.st.stm32cube.ide.mcu.externaltools.gnu-tools-for-stm32.13.3.rel1.win32_1.0.100.202509120712/tools/bin/../lib/gcc/arm-none-eabi/13.3.1/thumb/v7e-m+fp/hard\libgcc.a
LOAD C:/ST/STM32CubeIDE_1.15.1/STM32CubeIDE/plugins/com.st.stm32cube.ide.mcu.externaltools.gnu-tools-for-stm32.13.3.rel1.win32_1.0.100.202509120712/tools/bin/../lib/gcc/arm-none-eabi/13.3.1/../../../../arm-none-eabi/lib/thumb/v7e-m+fp/hard\libc_nano.a
END GROUP
START GROUP
LOAD C:/ST/STM32CubeIDE_1.15.1/STM32CubeIDE/plugins/com.st.stm32cube.ide.mcu.externaltools.gnu-tools-for-stm32.13.3.rel1.win32_1.0.100.202509120712/tools/bin/../lib/gcc/arm-none-eabi/13.3.1/thumb/v7e-m+fp/hard\libgcc.a
LOAD C:/ST/STM32CubeIDE_1.15.1/STM32CubeIDE/plugins/com.st.stm32cube.ide.mcu.externaltools.gnu-tools-for-stm32.13.3.rel1.win32_1.0.100.202509120712/tools/bin/../lib/gcc/arm-none-eabi/13.3.1/../../../../arm-none-eabi/lib/thumb/v7e-m+fp/hard\libc_nano.a
LOAD C:/ST/STM32CubeIDE_1.15.1/STM32CubeIDE/plugins/com.st.stm32cube.ide.mcu.externaltools.gnu-tools-for-stm32.13.3.rel1.win32_1.0.100.202509120712/tools/bin/../lib/gcc/arm-none-eabi/13.3.1/../../../../arm-none-eabi/lib/thumb/v7e-m+fp/hard\libnosys.a
END GROUP
START GROUP
LOAD C:/ST/STM32CubeIDE_1.15.1/STM32CubeIDE/plugins/com.st.stm32cube.ide.mcu.externaltools.gnu-tools-for-stm32.13.3.rel1.win32_1.0.100.202509120712/tools/bin/../lib/gcc/arm-none-eabi/13.3.1/thumb/v7e-m+fp/hard\libgcc.a
LOAD C:/ST/STM32CubeIDE_1.15.1/STM32CubeIDE/plugins/com.st.stm32cube.ide.mcu.externaltools.gnu-tools-for-stm32.13.3.rel1.win32_1.0.100.202509120712/tools/bin/../lib/gcc/arm-none-eabi/13.3.1/../../../../arm-none-eabi/lib/thumb/v7e-m+fp/hard\libc_nano.a
LOAD C:/ST/STM32CubeIDE_1.15.1/STM32CubeIDE/plugins/com.st.stm32cube.ide.mcu.externaltools.gnu-tools-for-stm32.13.3.rel1.win32_1.0.100.202509120712/tools/bin/../lib/gcc/arm-none-eabi/13.3.1/../../../../arm-none-eabi/lib/thumb/v7e-m+fp/hard\libnosys.a
END GROUP
LOAD C:/ST/STM32CubeIDE_1.15.1/STM32CubeIDE/plugins/com.st.stm32cube.ide.mcu.externaltools.gnu-tools-for-stm32.13.3.rel1.win32_1.0.100.202509120712/tools/bin/../lib/gcc/arm-none-eabi/13.3.1/thumb/v7e-m+fp/hard/crtend.o
LOAD C:/ST/STM32CubeIDE_1.15.1/STM32CubeIDE/plugins/com.st.stm32cube.ide.mcu.externaltools.gnu-tools-for-stm32.13.3.rel1.win32_1.0.100.202509120712/tools/bin/../lib/gcc/arm-none-eabi/13.3.1/thumb/v7e-m+fp/hard/crtn.o
                0x20008000                        _estack = (ORIGIN (RAM) + LENGTH (RAM))
                0x00000200                        _Min_Heap_Size = 0x200
                0x00000400                        _Min_Stack_Size = 0x400

.isr_vector     0x08000000      0x1d8
                0x08000000                        . = ALIGN (0x4)
 *(.isr_vector)
 .isr_vector    0x08000000      0x1d8 ./Core/Startup/startup_stm32g431kbtx.o
                0x08000000                g_pfnVectors
                0x080001d8                        . = ALIGN (0x4)

.text           0x080001d8     0x6e6c
                0x080001d8                        . = ALIGN (0x4)
 *(.text)
 .text          0x080001d8       0x40 C:/ST/STM32CubeIDE_1.15.1/STM32CubeIDE/plugins/com.st.stm32cube.ide.mcu.externaltools.gnu-tools-for-stm32.13.3.rel1.win32_1.0.100.202509120712/tools/bin/../lib/gcc/arm-none-eabi/13.3.1/thumb/v7e-m+fp/hard/crtbegin.o
 *(.text*)
 .text.set_pwm_duty_cycle
                0x08000218       0xb8 ./Core/Src/commands.o
                0x08000218                set_pwm_duty_cycle
 .text.Config_Setup
                0x080002d0        0xc ./Core/Src/config.o
                0x080002d0                Config_Setup
 .text.Config_3
                0x080002dc      0x430 ./Core/Src/config.o
                0x080002dc                Config_3
 .text.main     0x0800070c      0x108 ./Core/Src/main.o
                0x0800070c                main
 .text.SystemClock_Config
                0x08000814       0x94 ./Core/Src/main.o
                0x08000814                SystemClock_Config
 .text.Error_Handler
                0x080008a8        0xc ./Core/Src/main.o
                0x080008a8                Error_Handler
 .text.MX_ADC1_Init
                0x080008b4      0x138 ./Core/Src/peripherals/adc.o
                0x080008b4                MX_ADC1_Init
 .text.MX_ADC2_Init
                0x080009ec       0xcc ./Core/Src/peripherals/adc.o
                0x080009ec                MX_ADC2_Init
 .text.HAL_ADC_MspInit
                0x08000ab8      0x148 ./Core/Src/peripherals/adc.o
                0x08000ab8                HAL_ADC_MspInit
 .text.MX_FDCAN1_Init
                0x08000c00       0xc0 ./Core/Src/peripherals/fdcan.o
                0x08000c00                MX_FDCAN1_Init
 .text.HAL_FDCAN_MspInit
                0x08000cc0       0xc4 ./Core/Src/peripherals/fdcan.o
                0x08000cc0                HAL_FDCAN_MspInit
 .text.HAL_FDCAN_RxFifo0Callback
                0x08000d84       0x74 ./Core/Src/peripherals/fdcan.o
                0x08000d84                HAL_FDCAN_RxFifo0Callback
 .text.CANSend  0x08000df8       0x50 ./Core/Src/peripherals/fdcan.o
                0x08000df8                CANSend
 .text.MX_GPIO_Init
                0x08000e48       0xc4 ./Core/Src/peripherals/gpio.o
                0x08000e48                MX_GPIO_Init
 .text.MX_TIM1_Init
                0x08000f0c      0x164 ./Core/Src/peripherals/tim.o
                0x08000f0c                MX_TIM1_Init
 .text.MX_TIM2_Init
                0x08001070       0xf0 ./Core/Src/peripherals/tim.o
                0x08001070                MX_TIM2_Init
 .text.MX_TIM3_Init
                0x08001160       0x9c ./Core/Src/peripherals/tim.o
                0x08001160                MX_TIM3_Init
 .text.MX_TIM4_Init
                0x080011fc       0xe8 ./Core/Src/peripherals/tim.o
                0x080011fc                MX_TIM4_Init
 .text.MX_TIM6_Init
                0x080012e4       0x6c ./Core/Src/peripherals/tim.o
                0x080012e4                MX_TIM6_Init
 .text.MX_TIM7_Init
                0x08001350       0x6c ./Core/Src/peripherals/tim.o
                0x08001350                MX_TIM7_Init
 .text.MX_TIM16_Init
                0x080013bc       0x4c ./Core/Src/peripherals/tim.o
                0x080013bc                MX_TIM16_Init
 .text.HAL_TIM_Base_MspInit
                0x08001408      0x168 ./Core/Src/peripherals/tim.o
                0x08001408                HAL_TIM_Base_MspInit
 .text.HAL_TIM_MspPostInit
                0x08001570       0xb4 ./Core/Src/peripherals/tim.o
                0x08001570                HAL_TIM_MspPostInit
 .text.ReadADCValues
                0x08001624       0xd0 ./Core/Src/processes/currentSense.o
                0x08001624                ReadADCValues
 .text.CurrentSenseProcess
                0x080016f4      0x104 ./Core/Src/processes/currentSense.o
                0x080016f4                CurrentSenseProcess
 .text.CurrentSenseRead
                0x080017f8       0xfc ./Core/Src/processes/currentSense.o
                0x080017f8                CurrentSenseRead
 .text.CurrentSenseRawTomA
                0x080018f4       0x44 ./Core/Src/processes/currentSense.o
                0x080018f4                CurrentSenseRawTomA
 .text.SwitchOnOff
                0x08001938       0x24 ./Core/Src/processes/deviceControl.o
                0x08001938                SwitchOnOff
 .text.SwitchOutput
                0x0800195c       0x88 ./Core/Src/processes/deviceControl.o
                0x0800195c                SwitchOutput
 .text.CANSwitchDeviceState
                0x080019e4       0x1c ./Core/Src/processes/functions.o
                0x080019e4                CANSwitchDeviceState
 .text.OverCurrent
                0x08001a00       0x34 ./Core/Src/processes/functions.o
                0x08001a00                OverCurrent
 .text.WarningCurrent
                0x08001a34       0x34 ./Core/Src/processes/functions.o
                0x08001a34                WarningCurrent
 .text.UnderCurrent
                0x08001a68       0x34 ./Core/Src/processes/functions.o
                0x08001a68                UnderCurrent
 .text.SendCurrent
                0x08001a9c       0x6c ./Core/Src/processes/functions.o
                0x08001a9c                SendCurrent
 .text.DecodeCANMessage
                0x08001b08       0x74 ./Core/Src/processes/functions.o
                0x08001b08                DecodeCANMessage
 .text.CheckWarnings
                0x08001b7c       0xe8 ./Core/Src/processes/functions.o
                0x08001b7c                CheckWarnings
 .text.ConfigureCurrentSense
                0x08001c64       0x34 ./Core/Src/processes/functions.o
                0x08001c64                ConfigureCurrentSense
 .text.CheckBit
                0x08001c98       0x38 ./Core/Src/processes/functions.o
                0x08001c98                CheckBit
 .text.SetBit   0x08001cd0       0x4c ./Core/Src/processes/functions.o
                0x08001cd0                SetBit
 .text.HAL_MspInit
                0x08001d1c       0x48 ./Core/Src/sys/stm32g4xx_hal_msp.o
                0x08001d1c                HAL_MspInit
 .text.NMI_Handler
                0x08001d64        0x8 ./Core/Src/sys/stm32g4xx_it.o
                0x08001d64                NMI_Handler
 .text.HardFault_Handler
                0x08001d6c        0x8 ./Core/Src/sys/stm32g4xx_it.o
                0x08001d6c                HardFault_Handler
 .text.MemManage_Handler
                0x08001d74        0x8 ./Core/Src/sys/stm32g4xx_it.o
                0x08001d74                MemManage_Handler
 .text.BusFault_Handler
                0x08001d7c        0x8 ./Core/Src/sys/stm32g4xx_it.o
                0x08001d7c                BusFault_Handler
 .text.UsageFault_Handler
                0x08001d84        0x8 ./Core/Src/sys/stm32g4xx_it.o
                0x08001d84                UsageFault_Handler
 .text.SVC_Handler
                0x08001d8c        0xe ./Core/Src/sys/stm32g4xx_it.o
                0x08001d8c                SVC_Handler
 .text.DebugMon_Handler
                0x08001d9a        0xe ./Core/Src/sys/stm32g4xx_it.o
                0x08001d9a                DebugMon_Handler
 .text.PendSV_Handler
                0x08001da8        0xe ./Core/Src/sys/stm32g4xx_it.o
                0x08001da8                PendSV_Handler
 .text.SysTick_Handler
                0x08001db6        0xc ./Core/Src/sys/stm32g4xx_it.o
                0x08001db6                SysTick_Handler
 *fill*         0x08001dc2        0x2 
 .text.FDCAN1_IT0_IRQHandler
                0x08001dc4       0x14 ./Core/Src/sys/stm32g4xx_it.o
                0x08001dc4                FDCAN1_IT0_IRQHandler
 .text.TIM2_IRQHandler
                0x08001dd8       0x14 ./Core/Src/sys/stm32g4xx_it.o
                0x08001dd8                TIM2_IRQHandler
 .text.TIM3_IRQHandler
                0x08001dec       0x44 ./Core/Src/sys/stm32g4xx_it.o
                0x08001dec                TIM3_IRQHandler
 .text.TIM4_IRQHandler
                0x08001e30       0x14 ./Core/Src/sys/stm32g4xx_it.o
                0x08001e30                TIM4_IRQHandler
 .text.TIM7_IRQHandler
                0x08001e44       0x14 ./Core/Src/sys/stm32g4xx_it.o
                0x08001e44                TIM7_IRQHandler
 .text.SystemInit
                0x08001e58       0x24 ./Core/Src/sys/system_stm32g4xx.o
                0x08001e58                SystemInit
 .text.Reset_Handler
                0x08001e7c       0x50 ./Core/Startup/startup_stm32g431kbtx.o
                0x08001e7c                Reset_Handler
 .text.Default_Handler
                0x08001ecc        0x2 ./Core/Startup/startup_stm32g431kbtx.o
                0x08001ecc                RTC_Alarm_IRQHandler
                0x08001ecc                EXTI2_IRQHandler
                0x08001ecc                TIM8_TRG_COM_IRQHandler
                0x08001ecc                TIM8_CC_IRQHandler
                0x08001ecc                TIM1_CC_IRQHandler
                0x08001ecc                USB_HP_IRQHandler
                0x08001ecc                CORDIC_IRQHandler
                0x08001ecc                EXTI3_IRQHandler
                0x08001ecc                I2C3_ER_IRQHandler
                0x08001ecc                EXTI0_IRQHandler
                0x08001ecc                I2C2_EV_IRQHandler
                0x08001ecc                FPU_IRQHandler
                0x08001ecc                FDCAN1_IT1_IRQHandler
                0x08001ecc                TIM1_UP_TIM16_IRQHandler
                0x08001ecc                ADC1_2_IRQHandler
                0x08001ecc                SPI1_IRQHandler
                0x08001ecc                TIM6_DAC_IRQHandler
                0x08001ecc                TIM8_UP_IRQHandler
                0x08001ecc                DMA2_Channel2_IRQHandler
                0x08001ecc                DMA1_Channel4_IRQHandler
                0x08001ecc                USART3_IRQHandler
                0x08001ecc                DMA2_Channel1_IRQHandler
                0x08001ecc                I2C1_EV_IRQHandler
                0x08001ecc                DMA1_Channel6_IRQHandler
                0x08001ecc                UART4_IRQHandler
                0x08001ecc                DMA2_Channel4_IRQHandler
                0x08001ecc                RCC_IRQHandler
                0x08001ecc                DMA1_Channel1_IRQHandler
                0x08001ecc                Default_Handler
                0x08001ecc                RTC_TAMP_LSECSS_IRQHandler
                0x08001ecc                FMAC_IRQHandler
                0x08001ecc                EXTI15_10_IRQHandler
                0x08001ecc                UCPD1_IRQHandler
                0x08001ecc                I2C3_EV_IRQHandler
                0x08001ecc                EXTI9_5_IRQHandler
                0x08001ecc                RTC_WKUP_IRQHandler
                0x08001ecc                PVD_PVM_IRQHandler
                0x08001ecc                SPI2_IRQHandler
                0x08001ecc                DMA2_Channel5_IRQHandler
                0x08001ecc                CRS_IRQHandler
                0x08001ecc                DMA1_Channel5_IRQHandler
                0x08001ecc                USB_LP_IRQHandler
                0x08001ecc                EXTI4_IRQHandler
                0x08001ecc                RNG_IRQHandler
                0x08001ecc                TIM1_TRG_COM_TIM17_IRQHandler
                0x08001ecc                DMA1_Channel3_IRQHandler
                0x08001ecc                WWDG_IRQHandler
                0x08001ecc                LPUART1_IRQHandler
                0x08001ecc                DMA2_Channel6_IRQHandler
                0x08001ecc                COMP1_2_3_IRQHandler
                0x08001ecc                EXTI1_IRQHandler
                0x08001ecc                USART2_IRQHandler
                0x08001ecc                I2C2_ER_IRQHandler
                0x08001ecc                DMA1_Channel2_IRQHandler
                0x08001ecc                TIM8_BRK_IRQHandler
                0x08001ecc                FLASH_IRQHandler
                0x08001ecc                USART1_IRQHandler
                0x08001ecc                SPI3_IRQHandler
                0x08001ecc                I2C1_ER_IRQHandler
                0x08001ecc                LPTIM1_IRQHandler
                0x08001ecc                DMAMUX_OVR_IRQHandler
                0x08001ecc                USBWakeUp_IRQHandler
                0x08001ecc                SAI1_IRQHandler
                0x08001ecc                DMA2_Channel3_IRQHandler
                0x08001ecc                COMP4_IRQHandler
                0x08001ecc                TIM1_BRK_TIM15_IRQHandler
 .text.HAL_Init
                0x08001ece       0x30 ./Drivers/STM32G4xx_HAL_Driver/Src/stm32g4xx_hal.o
                0x08001ece                HAL_Init
 *fill*         0x08001efe        0x2 
 .text.HAL_InitTick
                0x08001f00       0x74 ./Drivers/STM32G4xx_HAL_Driver/Src/stm32g4xx_hal.o
                0x08001f00                HAL_InitTick
 .text.HAL_IncTick
                0x08001f74       0x24 ./Drivers/STM32G4xx_HAL_Driver/Src/stm32g4xx_hal.o
                0x08001f74                HAL_IncTick
 .text.HAL_GetTick
                0x08001f98       0x18 ./Drivers/STM32G4xx_HAL_Driver/Src/stm32g4xx_hal.o
                0x08001f98                HAL_GetTick
 .text.LL_ADC_SetCommonClock
                0x08001fb0       0x26 ./Drivers/STM32G4xx_HAL_Driver/Src/stm32g4xx_hal_adc.o
 .text.LL_ADC_SetCommonPathInternalCh
                0x08001fd6       0x26 ./Drivers/STM32G4xx_HAL_Driver/Src/stm32g4xx_hal_adc.o
 .text.LL_ADC_GetCommonPathInternalCh
                0x08001ffc       0x1c ./Drivers/STM32G4xx_HAL_Driver/Src/stm32g4xx_hal_adc.o
 .text.LL_ADC_SetOffset
                0x08002018       0x48 ./Drivers/STM32G4xx_HAL_Driver/Src/stm32g4xx_hal_adc.o
 .text.LL_ADC_GetOffsetChannel
                0x08002060       0x2c ./Drivers/STM32G4xx_HAL_Driver/Src/stm32g4xx_hal_adc.o
 .text.LL_ADC_SetOffsetState
                0x0800208c       0x36 ./Drivers/STM32G4xx_HAL_Driver/Src/stm32g4xx_hal_adc.o
 .text.LL_ADC_SetOffsetSign
                0x080020c2       0x36 ./Drivers/STM32G4xx_HAL_Driver/Src/stm32g4xx_hal_adc.o
 .text.LL_ADC_SetOffsetSaturation
                0x080020f8       0x36 ./Drivers/STM32G4xx_HAL_Driver/Src/stm32g4xx_hal_adc.o
 .text.LL_ADC_SetSamplingTimeCommonConfig
                0x0800212e       0x26 ./Drivers/STM32G4xx_HAL_Driver/Src/stm32g4xx_hal_adc.o
 .text.LL_ADC_REG_IsTriggerSourceSWStart
                0x08002154       0x26 ./Drivers/STM32G4xx_HAL_Driver/Src/stm32g4xx_hal_adc.o
 .text.LL_ADC_REG_SetSequencerRanks
                0x0800217a       0x58 ./Drivers/STM32G4xx_HAL_Driver/Src/stm32g4xx_hal_adc.o
 .text.LL_ADC_SetChannelSamplingTime
                0x080021d2       0x56 ./Drivers/STM32G4xx_HAL_Driver/Src/stm32g4xx_hal_adc.o
 .text.LL_ADC_SetChannelSingleDiff
                0x08002228       0x48 ./Drivers/STM32G4xx_HAL_Driver/Src/stm32g4xx_hal_adc.o
 .text.LL_ADC_GetMultimode
                0x08002270       0x1c ./Drivers/STM32G4xx_HAL_Driver/Src/stm32g4xx_hal_adc.o
 .text.LL_ADC_GetMultiDMATransfer
                0x0800228c       0x1c ./Drivers/STM32G4xx_HAL_Driver/Src/stm32g4xx_hal_adc.o
 .text.LL_ADC_DisableDeepPowerDown
                0x080022a8       0x24 ./Drivers/STM32G4xx_HAL_Driver/Src/stm32g4xx_hal_adc.o
 .text.LL_ADC_IsDeepPowerDownEnabled
                0x080022cc       0x28 ./Drivers/STM32G4xx_HAL_Driver/Src/stm32g4xx_hal_adc.o
 .text.LL_ADC_EnableInternalRegulator
                0x080022f4       0x28 ./Drivers/STM32G4xx_HAL_Driver/Src/stm32g4xx_hal_adc.o
 .text.LL_ADC_IsInternalRegulatorEnabled
                0x0800231c       0x28 ./Drivers/STM32G4xx_HAL_Driver/Src/stm32g4xx_hal_adc.o
 .text.LL_ADC_Enable
                0x08002344       0x28 ./Drivers/STM32G4xx_HAL_Driver/Src/stm32g4xx_hal_adc.o
 .text.LL_ADC_Disable
                0x0800236c       0x28 ./Drivers/STM32G4xx_HAL_Driver/Src/stm32g4xx_hal_adc.o
 .text.LL_ADC_IsEnabled
                0x08002394       0x26 ./Drivers/STM32G4xx_HAL_Driver/Src/stm32g4xx_hal_adc.o
 .text.LL_ADC_IsDisableOngoing
                0x080023ba       0x26 ./Drivers/STM32G4xx_HAL_Driver/Src/stm32g4xx_hal_adc.o
 .text.LL_ADC_REG_StartConversion
                0x080023e0       0x28 ./Drivers/STM32G4xx_HAL_Driver/Src/stm32g4xx_hal_adc.o
 .text.LL_ADC_REG_StopConversion
                0x08002408       0x28 ./Drivers/STM32G4xx_HAL_Driver/Src/stm32g4xx_hal_adc.o
 .text.LL_ADC_REG_IsConversionOngoing
                0x08002430       0x26 ./Drivers/STM32G4xx_HAL_Driver/Src/stm32g4xx_hal_adc.o
 .text.LL_ADC_INJ_StopConversion
                0x08002456       0x28 ./Drivers/STM32G4xx_HAL_Driver/Src/stm32g4xx_hal_adc.o
 .text.LL_ADC_INJ_IsConversionOngoing
                0x0800247e       0x26 ./Drivers/STM32G4xx_HAL_Driver/Src/stm32g4xx_hal_adc.o
 .text.HAL_ADC_Init
                0x080024a4      0x308 ./Drivers/STM32G4xx_HAL_Driver/Src/stm32g4xx_hal_adc.o
                0x080024a4                HAL_ADC_Init
 .text.HAL_ADC_Start
                0x080027ac      0x178 ./Drivers/STM32G4xx_HAL_Driver/Src/stm32g4xx_hal_adc.o
                0x080027ac                HAL_ADC_Start
 .text.HAL_ADC_Stop
                0x08002924       0x66 ./Drivers/STM32G4xx_HAL_Driver/Src/stm32g4xx_hal_adc.o
                0x08002924                HAL_ADC_Stop
 *fill*         0x0800298a        0x2 
 .text.HAL_ADC_PollForConversion
                0x0800298c      0x1b0 ./Drivers/STM32G4xx_HAL_Driver/Src/stm32g4xx_hal_adc.o
                0x0800298c                HAL_ADC_PollForConversion
 .text.HAL_ADC_GetValue
                0x08002b3c       0x1a ./Drivers/STM32G4xx_HAL_Driver/Src/stm32g4xx_hal_adc.o
                0x08002b3c                HAL_ADC_GetValue
 *fill*         0x08002b56        0x2 
 .text.HAL_ADC_ConfigChannel
                0x08002b58      0x7e0 ./Drivers/STM32G4xx_HAL_Driver/Src/stm32g4xx_hal_adc.o
                0x08002b58                HAL_ADC_ConfigChannel
 .text.ADC_ConversionStop
                0x08003338      0x178 ./Drivers/STM32G4xx_HAL_Driver/Src/stm32g4xx_hal_adc.o
                0x08003338                ADC_ConversionStop
 .text.ADC_Enable
                0x080034b0      0x10c ./Drivers/STM32G4xx_HAL_Driver/Src/stm32g4xx_hal_adc.o
                0x080034b0                ADC_Enable
 .text.ADC_Disable
                0x080035bc       0xbe ./Drivers/STM32G4xx_HAL_Driver/Src/stm32g4xx_hal_adc.o
                0x080035bc                ADC_Disable
 .text.LL_ADC_IsEnabled
                0x0800367a       0x26 ./Drivers/STM32G4xx_HAL_Driver/Src/stm32g4xx_hal_adc_ex.o
 .text.LL_ADC_REG_IsConversionOngoing
                0x080036a0       0x26 ./Drivers/STM32G4xx_HAL_Driver/Src/stm32g4xx_hal_adc_ex.o
 *fill*         0x080036c6        0x2 
 .text.HAL_ADCEx_MultiModeConfigChannel
                0x080036c8      0x148 ./Drivers/STM32G4xx_HAL_Driver/Src/stm32g4xx_hal_adc_ex.o
                0x080036c8                HAL_ADCEx_MultiModeConfigChannel
 .text.__NVIC_SetPriorityGrouping
                0x08003810       0x48 ./Drivers/STM32G4xx_HAL_Driver/Src/stm32g4xx_hal_cortex.o
 .text.__NVIC_GetPriorityGrouping
                0x08003858       0x1c ./Drivers/STM32G4xx_HAL_Driver/Src/stm32g4xx_hal_cortex.o
 .text.__NVIC_EnableIRQ
                0x08003874       0x3c ./Drivers/STM32G4xx_HAL_Driver/Src/stm32g4xx_hal_cortex.o
 .text.__NVIC_SetPriority
                0x080038b0       0x54 ./Drivers/STM32G4xx_HAL_Driver/Src/stm32g4xx_hal_cortex.o
 .text.NVIC_EncodePriority
                0x08003904       0x66 ./Drivers/STM32G4xx_HAL_Driver/Src/stm32g4xx_hal_cortex.o
 *fill*         0x0800396a        0x2 
 .text.SysTick_Config
                0x0800396c       0x44 ./Drivers/STM32G4xx_HAL_Driver/Src/stm32g4xx_hal_cortex.o
 .text.HAL_NVIC_SetPriorityGrouping
                0x080039b0       0x16 ./Drivers/STM32G4xx_HAL_Driver/Src/stm32g4xx_hal_cortex.o
                0x080039b0                HAL_NVIC_SetPriorityGrouping
 .text.HAL_NVIC_SetPriority
                0x080039c6       0x34 ./Drivers/STM32G4xx_HAL_Driver/Src/stm32g4xx_hal_cortex.o
                0x080039c6                HAL_NVIC_SetPriority
 .text.HAL_NVIC_EnableIRQ
                0x080039fa       0x1c ./Drivers/STM32G4xx_HAL_Driver/Src/stm32g4xx_hal_cortex.o
                0x080039fa                HAL_NVIC_EnableIRQ
 .text.HAL_SYSTICK_Config
                0x08003a16       0x18 ./Drivers/STM32G4xx_HAL_Driver/Src/stm32g4xx_hal_cortex.o
                0x08003a16                HAL_SYSTICK_Config
 *fill*         0x08003a2e        0x2 
 .text.HAL_FDCAN_Init
                0x08003a30      0x2b4 ./Drivers/STM32G4xx_HAL_Driver/Src/stm32g4xx_hal_fdcan.o
                0x08003a30                HAL_FDCAN_Init
 .text.HAL_FDCAN_Start
                0x08003ce4       0x50 ./Drivers/STM32G4xx_HAL_Driver/Src/stm32g4xx_hal_fdcan.o
                0x08003ce4                HAL_FDCAN_Start
 .text.HAL_FDCAN_AddMessageToTxFifoQ
                0x08003d34       0x88 ./Drivers/STM32G4xx_HAL_Driver/Src/stm32g4xx_hal_fdcan.o
                0x08003d34                HAL_FDCAN_AddMessageToTxFifoQ
 .text.HAL_FDCAN_GetRxMessage
                0x08003dbc      0x210 ./Drivers/STM32G4xx_HAL_Driver/Src/stm32g4xx_hal_fdcan.o
                0x08003dbc                HAL_FDCAN_GetRxMessage
 .text.HAL_FDCAN_GetTxFifoFreeLevel
                0x08003fcc       0x24 ./Drivers/STM32G4xx_HAL_Driver/Src/stm32g4xx_hal_fdcan.o
                0x08003fcc                HAL_FDCAN_GetTxFifoFreeLevel
 .text.HAL_FDCAN_ActivateNotification
                0x08003ff0      0x1cc ./Drivers/STM32G4xx_HAL_Driver/Src/stm32g4xx_hal_fdcan.o
                0x08003ff0                HAL_FDCAN_ActivateNotification
 .text.HAL_FDCAN_IRQHandler
                0x080041bc      0x266 ./Drivers/STM32G4xx_HAL_Driver/Src/stm32g4xx_hal_fdcan.o
                0x080041bc                HAL_FDCAN_IRQHandler
 .text.HAL_FDCAN_TxEventFifoCallback
                0x08004422       0x16 ./Drivers/STM32G4xx_HAL_Driver/Src/stm32g4xx_hal_fdcan.o
                0x08004422                HAL_FDCAN_TxEventFifoCallback
 .text.HAL_FDCAN_RxFifo1Callback
                0x08004438       0x16 ./Drivers/STM32G4xx_HAL_Driver/Src/stm32g4xx_hal_fdcan.o
                0x08004438                HAL_FDCAN_RxFifo1Callback
 .text.HAL_FDCAN_TxFifoEmptyCallback
                0x0800444e       0x14 ./Drivers/STM32G4xx_HAL_Driver/Src/stm32g4xx_hal_fdcan.o
                0x0800444e                HAL_FDCAN_TxFifoEmptyCallback
 .text.HAL_FDCAN_TxBufferCompleteCallback
                0x08004462       0x16 ./Drivers/STM32G4xx_HAL_Driver/Src/stm32g4xx_hal_fdcan.o
                0x08004462                HAL_FDCAN_TxBufferCompleteCallback
 .text.HAL_FDCAN_TxBufferAbortCallback
                0x08004478       0x16 ./Drivers/STM32G4xx_HAL_Driver/Src/stm32g4xx_hal_fdcan.o
                0x08004478                HAL_FDCAN_TxBufferAbortCallback
 .text.HAL_FDCAN_TimestampWraparoundCallback
                0x0800448e       0x14 ./Drivers/STM32G4xx_HAL_Driver/Src/stm32g4xx_hal_fdcan.o
                0x0800448e                HAL_FDCAN_TimestampWraparoundCallback
 .text.HAL_FDCAN_TimeoutOccurredCallback
                0x080044a2       0x14 ./Drivers/STM32G4xx_HAL_Driver/Src/stm32g4xx_hal_fdcan.o
                0x080044a2                HAL_FDCAN_TimeoutOccurredCallback
 .text.HAL_FDCAN_HighPriorityMessageCallback
                0x080044b6       0x14 ./Drivers/STM32G4xx_HAL_Driver/Src/stm32g4xx_hal_fdcan.o
                0x080044b6                HAL_FDCAN_HighPriorityMessageCallback
 .text.HAL_FDCAN_ErrorCallback
                0x080044ca       0x14 ./Drivers/STM32G4xx_HAL_Driver/Src/stm32g4xx_hal_fdcan.o
                0x080044ca                HAL_FDCAN_ErrorCallback
 .text.HAL_FDCAN_ErrorStatusCallback
                0x080044de       0x16 ./Drivers/STM32G4xx_HAL_Driver/Src/stm32g4xx_hal_fdcan.o
                0x080044de                HAL_FDCAN_ErrorStatusCallback
 .text.FDCAN_CalcultateRamBlockAddresses
                0x080044f4       0xac ./Drivers/STM32G4xx_HAL_Driver/Src/stm32g4xx_hal_fdcan.o
 .text.FDCAN_CopyMessageToRAM
                0x080045a0       0xf8 ./Drivers/STM32G4xx_HAL_Driver/Src/stm32g4xx_hal_fdcan.o
 .text.HAL_GPIO_Init
                0x08004698      0x304 ./Drivers/STM32G4xx_HAL_Driver/Src/stm32g4xx_hal_gpio.o
                0x08004698                HAL_GPIO_Init
 .text.HAL_GPIO_WritePin
                0x0800499c       0x30 ./Drivers/STM32G4xx_HAL_Driver/Src/stm32g4xx_hal_gpio.o
                0x0800499c                HAL_GPIO_WritePin
 .text.HAL_PWREx_ControlVoltageScaling
                0x080049cc      0x148 ./Drivers/STM32G4xx_HAL_Driver/Src/stm32g4xx_hal_pwr_ex.o
                0x080049cc                HAL_PWREx_ControlVoltageScaling
 .text.HAL_PWREx_DisableUCPDDeadBattery
                0x08004b14       0x20 ./Drivers/STM32G4xx_HAL_Driver/Src/stm32g4xx_hal_pwr_ex.o
                0x08004b14                HAL_PWREx_DisableUCPDDeadBattery
 .text.HAL_RCC_OscConfig
                0x08004b34      0x624 ./Drivers/STM32G4xx_HAL_Driver/Src/stm32g4xx_hal_rcc.o
                0x08004b34                HAL_RCC_OscConfig
 .text.HAL_RCC_ClockConfig
                0x08005158      0x278 ./Drivers/STM32G4xx_HAL_Driver/Src/stm32g4xx_hal_rcc.o
                0x08005158                HAL_RCC_ClockConfig
 .text.HAL_RCC_GetSysClockFreq
                0x080053d0       0xc4 ./Drivers/STM32G4xx_HAL_Driver/Src/stm32g4xx_hal_rcc.o
                0x080053d0                HAL_RCC_GetSysClockFreq
 .text.RCC_GetSysClockFreqFromPLLSource
                0x08005494       0x8c ./Drivers/STM32G4xx_HAL_Driver/Src/stm32g4xx_hal_rcc.o
 .text.HAL_RCCEx_PeriphCLKConfig
                0x08005520      0x3e0 ./Drivers/STM32G4xx_HAL_Driver/Src/stm32g4xx_hal_rcc_ex.o
                0x08005520                HAL_RCCEx_PeriphCLKConfig
 .text.HAL_TIM_Base_Init
                0x08005900       0xae ./Drivers/STM32G4xx_HAL_Driver/Src/stm32g4xx_hal_tim.o
                0x08005900                HAL_TIM_Base_Init
 *fill*         0x080059ae        0x2 
 .text.HAL_TIM_Base_Start_IT
                0x080059b0       0xd4 ./Drivers/STM32G4xx_HAL_Driver/Src/stm32g4xx_hal_tim.o
                0x080059b0                HAL_TIM_Base_Start_IT
 .text.HAL_TIM_PWM_Init
                0x08005a84       0xae ./Drivers/STM32G4xx_HAL_Driver/Src/stm32g4xx_hal_tim.o
                0x08005a84                HAL_TIM_PWM_Init
 .text.HAL_TIM_PWM_MspInit
                0x08005b32       0x14 ./Drivers/STM32G4xx_HAL_Driver/Src/stm32g4xx_hal_tim.o
                0x08005b32                HAL_TIM_PWM_MspInit
 *fill*         0x08005b46        0x2 
 .text.HAL_TIM_PWM_Start
                0x08005b48      0x200 ./Drivers/STM32G4xx_HAL_Driver/Src/stm32g4xx_hal_tim.o
                0x08005b48                HAL_TIM_PWM_Start
 .text.HAL_TIM_IRQHandler
                0x08005d48      0x29e ./Drivers/STM32G4xx_HAL_Driver/Src/stm32g4xx_hal_tim.o
                0x08005d48                HAL_TIM_IRQHandler
 *fill*         0x08005fe6        0x2 
 .text.HAL_TIM_PWM_ConfigChannel
                0x08005fe8      0x228 ./Drivers/STM32G4xx_HAL_Driver/Src/stm32g4xx_hal_tim.o
                0x08005fe8                HAL_TIM_PWM_ConfigChannel
 .text.HAL_TIM_ConfigClockSource
                0x08006210      0x1f4 ./Drivers/STM32G4xx_HAL_Driver/Src/stm32g4xx_hal_tim.o
                0x08006210                HAL_TIM_ConfigClockSource
 .text.HAL_TIM_PeriodElapsedCallback
                0x08006404       0x14 ./Drivers/STM32G4xx_HAL_Driver/Src/stm32g4xx_hal_tim.o
                0x08006404                HAL_TIM_PeriodElapsedCallback
 .text.HAL_TIM_OC_DelayElapsedCallback
                0x08006418       0x14 ./Drivers/STM32G4xx_HAL_Driver/Src/stm32g4xx_hal_tim.o
                0x08006418                HAL_TIM_OC_DelayElapsedCallback
 .text.HAL_TIM_IC_CaptureCallback
                0x0800642c       0x14 ./Drivers/STM32G4xx_HAL_Driver/Src/stm32g4xx_hal_tim.o
                0x0800642c                HAL_TIM_IC_CaptureCallback
 .text.HAL_TIM_PWM_PulseFinishedCallback
                0x08006440       0x14 ./Drivers/STM32G4xx_HAL_Driver/Src/stm32g4xx_hal_tim.o
                0x08006440                HAL_TIM_PWM_PulseFinishedCallback
 .text.HAL_TIM_TriggerCallback
                0x08006454       0x14 ./Drivers/STM32G4xx_HAL_Driver/Src/stm32g4xx_hal_tim.o
                0x08006454                HAL_TIM_TriggerCallback
 .text.TIM_Base_SetConfig
                0x08006468      0x138 ./Drivers/STM32G4xx_HAL_Driver/Src/stm32g4xx_hal_tim.o
                0x08006468                TIM_Base_SetConfig
 .text.TIM_OC1_SetConfig
                0x080065a0      0x120 ./Drivers/STM32G4xx_HAL_Driver/Src/stm32g4xx_hal_tim.o
 .text.TIM_OC2_SetConfig
                0x080066c0      0x114 ./Drivers/STM32G4xx_HAL_Driver/Src/stm32g4xx_hal_tim.o
                0x080066c0                TIM_OC2_SetConfig
 .text.TIM_OC3_SetConfig
                0x080067d4      0x110 ./Drivers/STM32G4xx_HAL_Driver/Src/stm32g4xx_hal_tim.o
 .text.TIM_OC4_SetConfig
                0x080068e4      0x114 ./Drivers/STM32G4xx_HAL_Driver/Src/stm32g4xx_hal_tim.o
 .text.TIM_OC5_SetConfig
                0x080069f8       0xc8 ./Drivers/STM32G4xx_HAL_Driver/Src/stm32g4xx_hal_tim.o
 .text.TIM_OC6_SetConfig
                0x08006ac0       0xcc ./Drivers/STM32G4xx_HAL_Driver/Src/stm32g4xx_hal_tim.o
 .text.TIM_TI1_ConfigInputStage
                0x08006b8c       0x5e ./Drivers/STM32G4xx_HAL_Driver/Src/stm32g4xx_hal_tim.o
 .text.TIM_TI2_ConfigInputStage
                0x08006bea       0x60 ./Drivers/STM32G4xx_HAL_Driver/Src/stm32g4xx_hal_tim.o
 .text.TIM_ITRx_SetConfig
                0x08006c4a       0x3a ./Drivers/STM32G4xx_HAL_Driver/Src/stm32g4xx_hal_tim.o
 .text.TIM_ETR_SetConfig
                0x08006c84       0x40 ./Drivers/STM32G4xx_HAL_Driver/Src/stm32g4xx_hal_tim.o
                0x08006c84                TIM_ETR_SetConfig
 .text.TIM_CCxChannelCmd
                0x08006cc4       0x4a ./Drivers/STM32G4xx_HAL_Driver/Src/stm32g4xx_hal_tim.o
                0x08006cc4                TIM_CCxChannelCmd
 *fill*         0x08006d0e        0x2 
 .text.HAL_TIMEx_MasterConfigSynchronization
                0x08006d10      0x104 ./Drivers/STM32G4xx_HAL_Driver/Src/stm32g4xx_hal_tim_ex.o
                0x08006d10                HAL_TIMEx_MasterConfigSynchronization
 .text.HAL_TIMEx_ConfigBreakDeadTime
                0x08006e14      0x118 ./Drivers/STM32G4xx_HAL_Driver/Src/stm32g4xx_hal_tim_ex.o
                0x08006e14                HAL_TIMEx_ConfigBreakDeadTime
 .text.HAL_TIMEx_CommutCallback
                0x08006f2c       0x14 ./Drivers/STM32G4xx_HAL_Driver/Src/stm32g4xx_hal_tim_ex.o
                0x08006f2c                HAL_TIMEx_CommutCallback
 .text.HAL_TIMEx_BreakCallback
                0x08006f40       0x14 ./Drivers/STM32G4xx_HAL_Driver/Src/stm32g4xx_hal_tim_ex.o
                0x08006f40                HAL_TIMEx_BreakCallback
 .text.HAL_TIMEx_Break2Callback
                0x08006f54       0x14 ./Drivers/STM32G4xx_HAL_Driver/Src/stm32g4xx_hal_tim_ex.o
                0x08006f54                HAL_TIMEx_Break2Callback
 .text.HAL_TIMEx_EncoderIndexCallback
                0x08006f68       0x14 ./Drivers/STM32G4xx_HAL_Driver/Src/stm32g4xx_hal_tim_ex.o
                0x08006f68                HAL_TIMEx_EncoderIndexCallback
 .text.HAL_TIMEx_DirectionChangeCallback
                0x08006f7c       0x14 ./Drivers/STM32G4xx_HAL_Driver/Src/stm32g4xx_hal_tim_ex.o
                0x08006f7c                HAL_TIMEx_DirectionChangeCallback
 .text.HAL_TIMEx_IndexErrorCallback
                0x08006f90       0x14 ./Drivers/STM32G4xx_HAL_Driver/Src/stm32g4xx_hal_tim_ex.o
                0x08006f90                HAL_TIMEx_IndexErrorCallback
 .text.HAL_TIMEx_TransitionErrorCallback
                0x08006fa4       0x14 ./Drivers/STM32G4xx_HAL_Driver/Src/stm32g4xx_hal_tim_ex.o
                0x08006fa4                HAL_TIMEx_TransitionErrorCallback
 .text.memset   0x08006fb8       0x10 C:/ST/STM32CubeIDE_1.15.1/STM32CubeIDE/plugins/com.st.stm32cube.ide.mcu.externaltools.gnu-tools-for-stm32.13.3.rel1.win32_1.0.100.202509120712/tools/bin/../lib/gcc/arm-none-eabi/13.3.1/../../../../arm-none-eabi/lib/thumb/v7e-m+fp/hard\libc_nano.a(libc_a-memset.o)
                0x08006fb8                memset
 .text.__libc_init_array
                0x08006fc8       0x48 C:/ST/STM32CubeIDE_1.15.1/STM32CubeIDE/plugins/com.st.stm32cube.ide.mcu.externaltools.gnu-tools-for-stm32.13.3.rel1.win32_1.0.100.202509120712/tools/bin/../lib/gcc/arm-none-eabi/13.3.1/../../../../arm-none-eabi/lib/thumb/v7e-m+fp/hard\libc_nano.a(libc_a-init.o)
                0x08006fc8                __libc_init_array
 .text.memcpy   0x08007010       0x1c C:/ST/STM32CubeIDE_1.15.1/STM32CubeIDE/plugins/com.st.stm32cube.ide.mcu.externaltools.gnu-tools-for-stm32.13.3.rel1.win32_1.0.100.202509120712/tools/bin/../lib/gcc/arm-none-eabi/13.3.1/../../../../arm-none-eabi/lib/thumb/v7e-m+fp/hard\libc_nano.a(libc_a-memcpy-stub.o)
                0x08007010                memcpy
 *(.glue_7)
 .glue_7        0x0800702c        0x0 linker stubs
 *(.glue_7t)
 .glue_7t       0x0800702c        0x0 linker stubs
 *(.eh_frame)
 .eh_frame      0x0800702c        0x0 C:/ST/STM32CubeIDE_1.15.1/STM32CubeIDE/plugins/com.st.stm32cube.ide.mcu.externaltools.gnu-tools-for-stm32.13.3.rel1.win32_1.0.100.202509120712/tools/bin/../lib/gcc/arm-none-eabi/13.3.1/thumb/v7e-m+fp/hard/crtbegin.o
 *(.init)
 .init          0x0800702c        0x4 C:/ST/STM32CubeIDE_1.15.1/STM32CubeIDE/plugins/com.st.stm32cube.ide.mcu.externaltools.gnu-tools-for-stm32.13.3.rel1.win32_1.0.100.202509120712/tools/bin/../lib/gcc/arm-none-eabi/13.3.1/thumb/v7e-m+fp/hard/crti.o
                0x0800702c                _init
 .init          0x08007030        0x8 C:/ST/STM32CubeIDE_1.15.1/STM32CubeIDE/plugins/com.st.stm32cube.ide.mcu.externaltools.gnu-tools-for-stm32.13.3.rel1.win32_1.0.100.202509120712/tools/bin/../lib/gcc/arm-none-eabi/13.3.1/thumb/v7e-m+fp/hard/crtn.o
 *(.fini)
 .fini          0x08007038        0x4 C:/ST/STM32CubeIDE_1.15.1/STM32CubeIDE/plugins/com.st.stm32cube.ide.mcu.externaltools.gnu-tools-for-stm32.13.3.rel1.win32_1.0.100.202509120712/tools/bin/../lib/gcc/arm-none-eabi/13.3.1/thumb/v7e-m+fp/hard/crti.o
                0x08007038                _fini
 .fini          0x0800703c        0x8 C:/ST/STM32CubeIDE_1.15.1/STM32CubeIDE/plugins/com.st.stm32cube.ide.mcu.externaltools.gnu-tools-for-stm32.13.3.rel1.win32_1.0.100.202509120712/tools/bin/../lib/gcc/arm-none-eabi/13.3.1/thumb/v7e-m+fp/hard/crtn.o
                0x08007044                        . = ALIGN (0x4)
                0x08007044                        _etext = .

.vfp11_veneer   0x08007044        0x0
 .vfp11_veneer  0x08007044        0x0 linker stubs

.v4_bx          0x08007044        0x0
 .v4_bx         0x08007044        0x0 linker stubs

.iplt           0x08007044        0x0
 .iplt          0x08007044        0x0 C:/ST/STM32CubeIDE_1.15.1/STM32CubeIDE/plugins/com.st.stm32cube.ide.mcu.externaltools.gnu-tools-for-stm32.13.3.rel1.win32_1.0.100.202509120712/tools/bin/../lib/gcc/arm-none-eabi/13.3.1/thumb/v7e-m+fp/hard/crtbegin.o

.rodata         0x08007044       0x20
                0x08007044                        . = ALIGN (0x4)
 *(.rodata)
 *(.rodata*)
 .rodata.AHBPrescTable
                0x08007044       0x10 ./Core/Src/sys/system_stm32g4xx.o
                0x08007044                AHBPrescTable
 .rodata.DLCtoBytes
                0x08007054       0x10 ./Drivers/STM32G4xx_HAL_Driver/Src/stm32g4xx_hal_fdcan.o
                0x08007064                        . = ALIGN (0x4)

.rel.dyn        0x08007064        0x0
 .rel.iplt      0x08007064        0x0 C:/ST/STM32CubeIDE_1.15.1/STM32CubeIDE/plugins/com.st.stm32cube.ide.mcu.externaltools.gnu-tools-for-stm32.13.3.rel1.win32_1.0.100.202509120712/tools/bin/../lib/gcc/arm-none-eabi/13.3.1/thumb/v7e-m+fp/hard/crtbegin.o

.ARM.extab      0x08007064        0x0
                0x08007064                        . = ALIGN (0x4)
 *(.ARM.extab* .gnu.linkonce.armextab.*)
                0x08007064                        . = ALIGN (0x4)

.ARM            0x08007064        0x0
                0x08007064                        . = ALIGN (0x4)
                0x08007064                        __exidx_start = .
 *(.ARM.exidx*)
                0x08007064                        __exidx_end = .
                0x08007064                        . = ALIGN (0x4)

.preinit_array  0x08007064        0x0
                0x08007064                        . = ALIGN (0x4)
                0x08007064                        PROVIDE (__preinit_array_start = .)
 *(.preinit_array*)
                0x08007064                        PROVIDE (__preinit_array_end = .)
                0x08007064                        . = ALIGN (0x4)

.init_array     0x08007064        0x4
                0x08007064                        . = ALIGN (0x4)
                0x08007064                        PROVIDE (__init_array_start = .)
 *(SORT_BY_NAME(.init_array.*))
 *(.init_array*)
 .init_array    0x08007064        0x4 C:/ST/STM32CubeIDE_1.15.1/STM32CubeIDE/plugins/com.st.stm32cube.ide.mcu.externaltools.gnu-tools-for-stm32.13.3.rel1.win32_1.0.100.202509120712/tools/bin/../lib/gcc/arm-none-eabi/13.3.1/thumb/v7e-m+fp/hard/crtbegin.o
                0x08007068                        PROVIDE (__init_array_end = .)
                0x08007068                        . = ALIGN (0x4)

.fini_array     0x08007068        0x4
                0x08007068                        . = ALIGN (0x4)
                [!provide]                        PROVIDE (__fini_array_start = .)
 *(SORT_BY_NAME(.fini_array.*))
 *(.fini_array*)
 .fini_array    0x08007068        0x4 C:/ST/STM32CubeIDE_1.15.1/STM32CubeIDE/plugins/com.st.stm32cube.ide.mcu.externaltools.gnu-tools-for-stm32.13.3.rel1.win32_1.0.100.202509120712/tools/bin/../lib/gcc/arm-none-eabi/13.3.1/thumb/v7e-m+fp/hard/crtbegin.o
                [!provide]                        PROVIDE (__fini_array_end = .)
                0x0800706c                        . = ALIGN (0x4)
                0x0800706c                        _sidata = LOADADDR (.data)

.data           0x20000000        0xc load address 0x0800706c
                0x20000000                        . = ALIGN (0x4)
                0x20000000                        _sdata = .
 *(.data)
 *(.data*)
 .data.SystemCoreClock
                0x20000000        0x4 ./Core/Src/sys/system_stm32g4xx.o
                0x20000000                SystemCoreClock
 .data.uwTickPrio
                0x20000004        0x4 ./Drivers/STM32G4xx_HAL_Driver/Src/stm32g4xx_hal.o
                0x20000004                uwTickPrio
 .data.uwTickFreq
                0x20000008        0x4 ./Drivers/STM32G4xx_HAL_Driver/Src/stm32g4xx_hal.o
                0x20000008                uwTickFreq
 *(.RamFunc)
 *(.RamFunc*)
                0x2000000c                        . = ALIGN (0x4)
                0x2000000c                        _edata = .

.igot.plt       0x2000000c        0x0 load address 0x08007078
 .igot.plt      0x2000000c        0x0 C:/ST/STM32CubeIDE_1.15.1/STM32CubeIDE/plugins/com.st.stm32cube.ide.mcu.externaltools.gnu-tools-for-stm32.13.3.rel1.win32_1.0.100.202509120712/tools/bin/../lib/gcc/arm-none-eabi/13.3.1/thumb/v7e-m+fp/hard/crtbegin.o
                0x2000000c                        . = ALIGN (0x4)

.bss            0x2000000c      0x8cc load address 0x08007078
                0x2000000c                        _sbss = .
                0x2000000c                        __bss_start__ = _sbss
 *(.bss)
 .bss           0x2000000c       0x1c C:/ST/STM32CubeIDE_1.15.1/STM32CubeIDE/plugins/com.st.stm32cube.ide.mcu.externaltools.gnu-tools-for-stm32.13.3.rel1.win32_1.0.100.202509120712/tools/bin/../lib/gcc/arm-none-eabi/13.3.1/thumb/v7e-m+fp/hard/crtbegin.o
 *(.bss*)
 .bss.timer_period
                0x20000028        0x2 ./Core/Src/commands.o
                0x20000028                timer_period
 .bss.CAN_ID    0x2000002a        0x1 ./Core/Src/config.o
                0x2000002a                CAN_ID
 *fill*         0x2000002b        0x1 
 .bss.CAN_interval
                0x2000002c        0x2 ./Core/Src/config.o
                0x2000002c                CAN_interval
 .bss.CAN_over_currernt
                0x2000002e        0x1 ./Core/Src/config.o
                0x2000002e                CAN_over_currernt
 .bss.CAN_under_currernt
                0x2000002f        0x1 ./Core/Src/config.o
                0x2000002f                CAN_under_currernt
 .bss.CAN_warning_currernt
                0x20000030        0x1 ./Core/Src/config.o
                0x20000030                CAN_warning_currernt
 *fill*         0x20000031        0x3 
 .bss.outputs   0x20000034      0x4e0 ./Core/Src/main.o
                0x20000034                outputs
 .bss.millis    0x20000514        0x2 ./Core/Src/main.o
                0x20000514                millis
 .bss.Default_Switch_State
                0x20000516        0x1 ./Core/Src/main.o
                0x20000516                Default_Switch_State
 .bss.PWM_out_enable
                0x20000517        0x1 ./Core/Src/main.o
                0x20000517                PWM_out_enable
 .bss.PWM_width
                0x20000518        0x4 ./Core/Src/main.o
                0x20000518                PWM_width
 .bss.PWM_speed
                0x2000051c        0x4 ./Core/Src/main.o
                0x2000051c                PWM_speed
 .bss.hadc1     0x20000520       0x6c ./Core/Src/peripherals/adc.o
                0x20000520                hadc1
 .bss.hadc2     0x2000058c       0x6c ./Core/Src/peripherals/adc.o
                0x2000058c                hadc2
 .bss.HAL_RCC_ADC12_CLK_ENABLED
                0x200005f8        0x4 ./Core/Src/peripherals/adc.o
 .bss.TxHeader  0x200005fc       0x24 ./Core/Src/peripherals/fdcan.o
                0x200005fc                TxHeader
 .bss.RxHeader  0x20000620       0x28 ./Core/Src/peripherals/fdcan.o
                0x20000620                RxHeader
 .bss.RxMessage
                0x20000648        0x9 ./Core/Src/peripherals/fdcan.o
                0x20000648                RxMessage
 *fill*         0x20000651        0x3 
 .bss.hfdcan1   0x20000654       0x64 ./Core/Src/peripherals/fdcan.o
                0x20000654                hfdcan1
 .bss.htim1     0x200006b8       0x4c ./Core/Src/peripherals/tim.o
                0x200006b8                htim1
 .bss.htim2     0x20000704       0x4c ./Core/Src/peripherals/tim.o
                0x20000704                htim2
 .bss.htim3     0x20000750       0x4c ./Core/Src/peripherals/tim.o
                0x20000750                htim3
 .bss.htim4     0x2000079c       0x4c ./Core/Src/peripherals/tim.o
                0x2000079c                htim4
 .bss.htim6     0x200007e8       0x4c ./Core/Src/peripherals/tim.o
                0x200007e8                htim6
 .bss.htim7     0x20000834       0x4c ./Core/Src/peripherals/tim.o
                0x20000834                htim7
 .bss.htim16    0x20000880       0x4c ./Core/Src/peripherals/tim.o
                0x20000880                htim16
 .bss.TxData    0x200008cc        0x8 ./Core/Src/processes/functions.o
                0x200008cc                TxData
 .bss.uwTick    0x200008d4        0x4 ./Drivers/STM32G4xx_HAL_Driver/Src/stm32g4xx_hal.o
                0x200008d4                uwTick
 *(COMMON)
                0x200008d8                        . = ALIGN (0x4)
                0x200008d8                        _ebss = .
                0x200008d8                        __bss_end__ = _ebss

._user_heap_stack
                0x200008d8      0x600 load address 0x08007078
                0x200008d8                        . = ALIGN (0x8)
                [!provide]                        PROVIDE (end = .)
                0x200008d8                        PROVIDE (_end = .)
                0x20000ad8                        . = (. + _Min_Heap_Size)
 *fill*         0x200008d8      0x200 
                0x20000ed8                        . = (. + _Min_Stack_Size)
 *fill*         0x20000ad8      0x400 
                0x20000ed8                        . = ALIGN (0x8)

/DISCARD/
 libc.a(*)
 libm.a(*)
 libgcc.a(*)

.ARM.attributes
                0x00000000       0x30
 *(.ARM.attributes)
 .ARM.attributes
                0x00000000       0x22 C:/ST/STM32CubeIDE_1.15.1/STM32CubeIDE/plugins/com.st.stm32cube.ide.mcu.externaltools.gnu-tools-for-stm32.13.3.rel1.win32_1.0.100.202509120712/tools/bin/../lib/gcc/arm-none-eabi/13.3.1/thumb/v7e-m+fp/hard/crti.o
 .ARM.attributes
                0x00000022       0x34 C:/ST/STM32CubeIDE_1.15.1/STM32CubeIDE/plugins/com.st.stm32cube.ide.mcu.externaltools.gnu-tools-for-stm32.13.3.rel1.win32_1.0.100.202509120712/tools/bin/../lib/gcc/arm-none-eabi/13.3.1/thumb/v7e-m+fp/hard/crtbegin.o
 .ARM.attributes
                0x00000056       0x34 ./Core/Src/commands.o
 .ARM.attributes
                0x0000008a       0x34 ./Core/Src/config.o
 .ARM.attributes
                0x000000be       0x34 ./Core/Src/main.o
 .ARM.attributes
                0x000000f2       0x34 ./Core/Src/peripherals/adc.o
 .ARM.attributes
                0x00000126       0x34 ./Core/Src/peripherals/fdcan.o
 .ARM.attributes
                0x0000015a       0x34 ./Core/Src/peripherals/gpio.o
 .ARM.attributes
                0x0000018e       0x34 ./Core/Src/peripherals/tim.o
 .ARM.attributes
                0x000001c2       0x34 ./Core/Src/processes/currentSense.o
 .ARM.attributes
                0x000001f6       0x34 ./Core/Src/processes/deviceControl.o
 .ARM.attributes
                0x0000022a       0x34 ./Core/Src/processes/functions.o
 .ARM.attributes
                0x0000025e       0x34 ./Core/Src/sys/stm32g4xx_hal_msp.o
 .ARM.attributes
                0x00000292       0x34 ./Core/Src/sys/stm32g4xx_it.o
 .ARM.attributes
                0x000002c6       0x34 ./Core/Src/sys/system_stm32g4xx.o
 .ARM.attributes
                0x000002fa       0x21 ./Core/Startup/startup_stm32g431kbtx.o
 .ARM.attributes
                0x0000031b       0x34 ./Drivers/STM32G4xx_HAL_Driver/Src/stm32g4xx_hal.o
 .ARM.attributes
                0x0000034f       0x34 ./Drivers/STM32G4xx_HAL_Driver/Src/stm32g4xx_hal_adc.o
 .ARM.attributes
                0x00000383       0x34 ./Drivers/STM32G4xx_HAL_Driver/Src/stm32g4xx_hal_adc_ex.o
 .ARM.attributes
                0x000003b7       0x34 ./Drivers/STM32G4xx_HAL_Driver/Src/stm32g4xx_hal_cortex.o
 .ARM.attributes
                0x000003eb       0x34 ./Drivers/STM32G4xx_HAL_Driver/Src/stm32g4xx_hal_fdcan.o
 .ARM.attributes
                0x0000041f       0x34 ./Drivers/STM32G4xx_HAL_Driver/Src/stm32g4xx_hal_gpio.o
 .ARM.attributes
                0x00000453       0x34 ./Drivers/STM32G4xx_HAL_Driver/Src/stm32g4xx_hal_pwr_ex.o
 .ARM.attributes
                0x00000487       0x34 ./Drivers/STM32G4xx_HAL_Driver/Src/stm32g4xx_hal_rcc.o
 .ARM.attributes
                0x000004bb       0x34 ./Drivers/STM32G4xx_HAL_Driver/Src/stm32g4xx_hal_rcc_ex.o
 .ARM.attributes
                0x000004ef       0x34 ./Drivers/STM32G4xx_HAL_Driver/Src/stm32g4xx_hal_tim.o
 .ARM.attributes
                0x00000523       0x34 ./Drivers/STM32G4xx_HAL_Driver/Src/stm32g4xx_hal_tim_ex.o
 .ARM.attributes
                0x00000557       0x34 C:/ST/STM32CubeIDE_1.15.1/STM32CubeIDE/plugins/com.st.stm32cube.ide.mcu.externaltools.gnu-tools-for-stm32.13.3.rel1.win32_1.0.100.202509120712/tools/bin/../lib/gcc/arm-none-eabi/13.3.1/../../../../arm-none-eabi/lib/thumb/v7e-m+fp/hard\libc_nano.a(libc_a-memset.o)
 .ARM.attributes
                0x0000058b       0x34 C:/ST/STM32CubeIDE_1.15.1/STM32CubeIDE/plugins/com.st.stm32cube.ide.mcu.externaltools.gnu-tools-for-stm32.13.3.rel1.win32_1.0.100.202509120712/tools/bin/../lib/gcc/arm-none-eabi/13.3.1/../../../../arm-none-eabi/lib/thumb/v7e-m+fp/hard\libc_nano.a(libc_a-init.o)
 .ARM.attributes
                0x000005bf       0x34 C:/ST/STM32CubeIDE_1.15.1/STM32CubeIDE/plugins/com.st.stm32cube.ide.mcu.externaltools.gnu-tools-for-stm32.13.3.rel1.win32_1.0.100.202509120712/tools/bin/../lib/gcc/arm-none-eabi/13.3.1/../../../../arm-none-eabi/lib/thumb/v7e-m+fp/hard\libc_nano.a(libc_a-memcpy-stub.o)
 .ARM.attributes
                0x000005f3       0x22 C:/ST/STM32CubeIDE_1.15.1/STM32CubeIDE/plugins/com.st.stm32cube.ide.mcu.externaltools.gnu-tools-for-stm32.13.3.rel1.win32_1.0.100.202509120712/tools/bin/../lib/gcc/arm-none-eabi/13.3.1/thumb/v7e-m+fp/hard/crtn.o
OUTPUT(SensorBox24Power.elf elf32-littlearm)
LOAD linker stubs
LOAD C:/ST/STM32CubeIDE_1.15.1/STM32CubeIDE/plugins/com.st.stm32cube.ide.mcu.externaltools.gnu-tools-for-stm32.13.3.rel1.win32_1.0.100.202509120712/tools/bin/../lib/gcc/arm-none-eabi/13.3.1/../../../../arm-none-eabi/lib/thumb/v7e-m+fp/hard\libc.a
LOAD C:/ST/STM32CubeIDE_1.15.1/STM32CubeIDE/plugins/com.st.stm32cube.ide.mcu.externaltools.gnu-tools-for-stm32.13.3.rel1.win32_1.0.100.202509120712/tools/bin/../lib/gcc/arm-none-eabi/13.3.1/../../../../arm-none-eabi/lib/thumb/v7e-m+fp/hard\libm.a
LOAD C:/ST/STM32CubeIDE_1.15.1/STM32CubeIDE/plugins/com.st.stm32cube.ide.mcu.externaltools.gnu-tools-for-stm32.13.3.rel1.win32_1.0.100.202509120712/tools/bin/../lib/gcc/arm-none-eabi/13.3.1/thumb/v7e-m+fp/hard\libgcc.a

.debug_info     0x00000000    0x16d1e
 .debug_info    0x00000000      0x881 ./Core/Src/commands.o
 .debug_info    0x00000881      0x4ff ./Core/Src/config.o
 .debug_info    0x00000d80     0x14a4 ./Core/Src/main.o
 .debug_info    0x00002224      0xf96 ./Core/Src/peripherals/adc.o
 .debug_info    0x000031ba     0x1078 ./Core/Src/peripherals/fdcan.o
 .debug_info    0x00004232      0x463 ./Core/Src/peripherals/gpio.o
 .debug_info    0x00004695     0x13bf ./Core/Src/peripherals/tim.o
 .debug_info    0x00005a54      0xbeb ./Core/Src/processes/currentSense.o
 .debug_info    0x0000663f      0x307 ./Core/Src/processes/deviceControl.o
 .debug_info    0x00006946      0xccb ./Core/Src/processes/functions.o
 .debug_info    0x00007611      0x2da ./Core/Src/sys/stm32g4xx_hal_msp.o
 .debug_info    0x000078eb      0xdbc ./Core/Src/sys/stm32g4xx_it.o
 .debug_info    0x000086a7      0x58e ./Core/Src/sys/system_stm32g4xx.o
 .debug_info    0x00008c35       0x30 ./Core/Startup/startup_stm32g431kbtx.o
 .debug_info    0x00008c65      0xadb ./Drivers/STM32G4xx_HAL_Driver/Src/stm32g4xx_hal.o
 .debug_info    0x00009740     0x2063 ./Drivers/STM32G4xx_HAL_Driver/Src/stm32g4xx_hal_adc.o
 .debug_info    0x0000b7a3     0x1d80 ./Drivers/STM32G4xx_HAL_Driver/Src/stm32g4xx_hal_adc_ex.o
 .debug_info    0x0000d523      0xd3f ./Drivers/STM32G4xx_HAL_Driver/Src/stm32g4xx_hal_cortex.o
 .debug_info    0x0000e262     0x189c ./Drivers/STM32G4xx_HAL_Driver/Src/stm32g4xx_hal_fdcan.o
 .debug_info    0x0000fafe      0x763 ./Drivers/STM32G4xx_HAL_Driver/Src/stm32g4xx_hal_gpio.o
 .debug_info    0x00010261      0x93f ./Drivers/STM32G4xx_HAL_Driver/Src/stm32g4xx_hal_pwr_ex.o
 .debug_info    0x00010ba0      0xb82 ./Drivers/STM32G4xx_HAL_Driver/Src/stm32g4xx_hal_rcc.o
 .debug_info    0x00011722      0xc15 ./Drivers/STM32G4xx_HAL_Driver/Src/stm32g4xx_hal_rcc_ex.o
 .debug_info    0x00012337     0x2c52 ./Drivers/STM32G4xx_HAL_Driver/Src/stm32g4xx_hal_tim.o
 .debug_info    0x00014f89     0x1d95 ./Drivers/STM32G4xx_HAL_Driver/Src/stm32g4xx_hal_tim_ex.o

.debug_abbrev   0x00000000     0x3453
 .debug_abbrev  0x00000000      0x1bb ./Core/Src/commands.o
 .debug_abbrev  0x000001bb      0x18e ./Core/Src/config.o
 .debug_abbrev  0x00000349      0x2d4 ./Core/Src/main.o
 .debug_abbrev  0x0000061d      0x1f5 ./Core/Src/peripherals/adc.o
 .debug_abbrev  0x00000812      0x21f ./Core/Src/peripherals/fdcan.o
 .debug_abbrev  0x00000a31      0x152 ./Core/Src/peripherals/gpio.o
 .debug_abbrev  0x00000b83      0x28b ./Core/Src/peripherals/tim.o
 .debug_abbrev  0x00000e0e      0x231 ./Core/Src/processes/currentSense.o
 .debug_abbrev  0x0000103f      0x19d ./Core/Src/processes/deviceControl.o
 .debug_abbrev  0x000011dc      0x2a2 ./Core/Src/processes/functions.o
 .debug_abbrev  0x0000147e       0xd9 ./Core/Src/sys/stm32g4xx_hal_msp.o
 .debug_abbrev  0x00001557      0x205 ./Core/Src/sys/stm32g4xx_it.o
 .debug_abbrev  0x0000175c      0x11a ./Core/Src/sys/system_stm32g4xx.o
 .debug_abbrev  0x00001876       0x24 ./Core/Startup/startup_stm32g431kbtx.o
 .debug_abbrev  0x0000189a      0x271 ./Drivers/STM32G4xx_HAL_Driver/Src/stm32g4xx_hal.o
 .debug_abbrev  0x00001b0b      0x2d3 ./Drivers/STM32G4xx_HAL_Driver/Src/stm32g4xx_hal_adc.o
 .debug_abbrev  0x00001dde      0x2ee ./Drivers/STM32G4xx_HAL_Driver/Src/stm32g4xx_hal_adc_ex.o
 .debug_abbrev  0x000020cc      0x31c ./Drivers/STM32G4xx_HAL_Driver/Src/stm32g4xx_hal_cortex.o
 .debug_abbrev  0x000023e8      0x1e7 ./Drivers/STM32G4xx_HAL_Driver/Src/stm32g4xx_hal_fdcan.o
 .debug_abbrev  0x000025cf      0x1cb ./Drivers/STM32G4xx_HAL_Driver/Src/stm32g4xx_hal_gpio.o
 .debug_abbrev  0x0000279a      0x22c ./Drivers/STM32G4xx_HAL_Driver/Src/stm32g4xx_hal_pwr_ex.o
 .debug_abbrev  0x000029c6      0x2c9 ./Drivers/STM32G4xx_HAL_Driver/Src/stm32g4xx_hal_rcc.o
 .debug_abbrev  0x00002c8f      0x258 ./Drivers/STM32G4xx_HAL_Driver/Src/stm32g4xx_hal_rcc_ex.o
 .debug_abbrev  0x00002ee7      0x2a7 ./Drivers/STM32G4xx_HAL_Driver/Src/stm32g4xx_hal_tim.o
 .debug_abbrev  0x0000318e      0x2c5 ./Drivers/STM32G4xx_HAL_Driver/Src/stm32g4xx_hal_tim_ex.o

.debug_aranges  0x00000000     0x14c8
 .debug_aranges
                0x00000000       0x20 ./Core/Src/commands.o
 .debug_aranges
                0x00000020       0x38 ./Core/Src/config.o
 .debug_aranges
                0x00000058       0x30 ./Core/Src/main.o
 .debug_aranges
                0x00000088       0x38 ./Core/Src/peripherals/adc.o
 .debug_aranges
                0x000000c0       0x40 ./Core/Src/peripherals/fdcan.o
 .debug_aranges
                0x00000100       0x20 ./Core/Src/peripherals/gpio.o
 .debug_aranges
                0x00000120       0x68 ./Core/Src/peripherals/tim.o
 .debug_aranges
                0x00000188       0x38 ./Core/Src/processes/currentSense.o
 .debug_aranges
                0x000001c0       0x28 ./Core/Src/processes/deviceControl.o
 .debug_aranges
                0x000001e8       0x68 ./Core/Src/processes/functions.o
 .debug_aranges
                0x00000250       0x20 ./Core/Src/sys/stm32g4xx_hal_msp.o
 .debug_aranges
                0x00000270       0x88 ./Core/Src/sys/stm32g4xx_it.o
 .debug_aranges
                0x000002f8       0x28 ./Core/Src/sys/system_stm32g4xx.o
 .debug_aranges
                0x00000320       0x28 ./Core/Startup/startup_stm32g431kbtx.o
 .debug_aranges
                0x00000348      0x148 ./Drivers/STM32G4xx_HAL_Driver/Src/stm32g4xx_hal.o
 .debug_aranges
                0x00000490      0x248 ./Drivers/STM32G4xx_HAL_Driver/Src/stm32g4xx_hal_adc.o
 .debug_aranges
                0x000006d8      0x1c0 ./Drivers/STM32G4xx_HAL_Driver/Src/stm32g4xx_hal_adc_ex.o
 .debug_aranges
                0x00000898      0x128 ./Drivers/STM32G4xx_HAL_Driver/Src/stm32g4xx_hal_cortex.o
 .debug_aranges
                0x000009c0      0x208 ./Drivers/STM32G4xx_HAL_Driver/Src/stm32g4xx_hal_fdcan.o
 .debug_aranges
                0x00000bc8       0x58 ./Drivers/STM32G4xx_HAL_Driver/Src/stm32g4xx_hal_gpio.o
 .debug_aranges
                0x00000c20      0x140 ./Drivers/STM32G4xx_HAL_Driver/Src/stm32g4xx_hal_pwr_ex.o
 .debug_aranges
                0x00000d60       0x98 ./Drivers/STM32G4xx_HAL_Driver/Src/stm32g4xx_hal_rcc.o
 .debug_aranges
                0x00000df8       0xb0 ./Drivers/STM32G4xx_HAL_Driver/Src/stm32g4xx_hal_rcc_ex.o
 .debug_aranges
                0x00000ea8      0x3e0 ./Drivers/STM32G4xx_HAL_Driver/Src/stm32g4xx_hal_tim.o
 .debug_aranges
                0x00001288      0x240 ./Drivers/STM32G4xx_HAL_Driver/Src/stm32g4xx_hal_tim_ex.o

.debug_rnglists
                0x00000000      0xfdb
 .debug_rnglists
                0x00000000       0x14 ./Core/Src/commands.o
 .debug_rnglists
                0x00000014       0x28 ./Core/Src/config.o
 .debug_rnglists
                0x0000003c       0x21 ./Core/Src/main.o
 .debug_rnglists
                0x0000005d       0x29 ./Core/Src/peripherals/adc.o
 .debug_rnglists
                0x00000086       0x2d ./Core/Src/peripherals/fdcan.o
 .debug_rnglists
                0x000000b3       0x14 ./Core/Src/peripherals/gpio.o
 .debug_rnglists
                0x000000c7       0x50 ./Core/Src/peripherals/tim.o
 .debug_rnglists
                0x00000117       0x28 ./Core/Src/processes/currentSense.o
 .debug_rnglists
                0x0000013f       0x1a ./Core/Src/processes/deviceControl.o
 .debug_rnglists
                0x00000159       0x4a ./Core/Src/processes/functions.o
 .debug_rnglists
                0x000001a3       0x13 ./Core/Src/sys/stm32g4xx_hal_msp.o
 .debug_rnglists
                0x000001b6       0x61 ./Core/Src/sys/stm32g4xx_it.o
 .debug_rnglists
                0x00000217       0x1a ./Core/Src/sys/system_stm32g4xx.o
 .debug_rnglists
                0x00000231       0x19 ./Core/Startup/startup_stm32g431kbtx.o
 .debug_rnglists
                0x0000024a       0xf1 ./Drivers/STM32G4xx_HAL_Driver/Src/stm32g4xx_hal.o
 .debug_rnglists
                0x0000033b      0x1c0 ./Drivers/STM32G4xx_HAL_Driver/Src/stm32g4xx_hal_adc.o
 .debug_rnglists
                0x000004fb      0x15a ./Drivers/STM32G4xx_HAL_Driver/Src/stm32g4xx_hal_adc_ex.o
 .debug_rnglists
                0x00000655       0xda ./Drivers/STM32G4xx_HAL_Driver/Src/stm32g4xx_hal_cortex.o
 .debug_rnglists
                0x0000072f      0x18d ./Drivers/STM32G4xx_HAL_Driver/Src/stm32g4xx_hal_fdcan.o
 .debug_rnglists
                0x000008bc       0x3f ./Drivers/STM32G4xx_HAL_Driver/Src/stm32g4xx_hal_gpio.o
 .debug_rnglists
                0x000008fb       0xf1 ./Drivers/STM32G4xx_HAL_Driver/Src/stm32g4xx_hal_pwr_ex.o
 .debug_rnglists
                0x000009ec       0x74 ./Drivers/STM32G4xx_HAL_Driver/Src/stm32g4xx_hal_rcc.o
 .debug_rnglists
                0x00000a60       0x87 ./Drivers/STM32G4xx_HAL_Driver/Src/stm32g4xx_hal_rcc_ex.o
 .debug_rnglists
                0x00000ae7      0x328 ./Drivers/STM32G4xx_HAL_Driver/Src/stm32g4xx_hal_tim.o
 .debug_rnglists
                0x00000e0f      0x1cc ./Drivers/STM32G4xx_HAL_Driver/Src/stm32g4xx_hal_tim_ex.o

.debug_macro    0x00000000    0x216de
 .debug_macro   0x00000000      0x2ea ./Core/Src/commands.o
 .debug_macro   0x000002ea      0xad8 ./Core/Src/commands.o
 .debug_macro   0x00000dc2      0x161 ./Core/Src/commands.o
 .debug_macro   0x00000f23       0x2e ./Core/Src/commands.o
 .debug_macro   0x00000f51       0x28 ./Core/Src/commands.o
 .debug_macro   0x00000f79       0x22 ./Core/Src/commands.o
 .debug_macro   0x00000f9b       0x8e ./Core/Src/commands.o
 .debug_macro   0x00001029       0x51 ./Core/Src/commands.o
 .debug_macro   0x0000107a      0x103 ./Core/Src/commands.o
 .debug_macro   0x0000117d       0x6a ./Core/Src/commands.o
 .debug_macro   0x000011e7      0x1df ./Core/Src/commands.o
 .debug_macro   0x000013c6       0x1c ./Core/Src/commands.o
 .debug_macro   0x000013e2       0x22 ./Core/Src/commands.o
 .debug_macro   0x00001404       0xfb ./Core/Src/commands.o
 .debug_macro   0x000014ff     0x1011 ./Core/Src/commands.o
 .debug_macro   0x00002510      0x11f ./Core/Src/commands.o
 .debug_macro   0x0000262f    0x11350 ./Core/Src/commands.o
 .debug_macro   0x0001397f       0x6d ./Core/Src/commands.o
 .debug_macro   0x000139ec     0x3551 ./Core/Src/commands.o
 .debug_macro   0x00016f3d      0x190 ./Core/Src/commands.o
 .debug_macro   0x000170cd       0x5c ./Core/Src/commands.o
 .debug_macro   0x00017129     0x141d ./Core/Src/commands.o
 .debug_macro   0x00018546      0x535 ./Core/Src/commands.o
 .debug_macro   0x00018a7b      0x1b6 ./Core/Src/commands.o
 .debug_macro   0x00018c31      0x288 ./Core/Src/commands.o
 .debug_macro   0x00018eb9      0x41d ./Core/Src/commands.o
 .debug_macro   0x000192d6      0x18b ./Core/Src/commands.o
 .debug_macro   0x00019461       0x43 ./Core/Src/commands.o
 .debug_macro   0x000194a4      0x23d ./Core/Src/commands.o
 .debug_macro   0x000196e1     0x1112 ./Core/Src/commands.o
 .debug_macro   0x0001a7f3      0x72e ./Core/Src/commands.o
 .debug_macro   0x0001af21      0x391 ./Core/Src/commands.o
 .debug_macro   0x0001b2b2      0x211 ./Core/Src/commands.o
 .debug_macro   0x0001b4c3      0x6bd ./Core/Src/commands.o
 .debug_macro   0x0001bb80      0x401 ./Core/Src/commands.o
 .debug_macro   0x0001bf81      0x107 ./Core/Src/commands.o
 .debug_macro   0x0001c088      0x122 ./Core/Src/commands.o
 .debug_macro   0x0001c1aa      0x3d1 ./Core/Src/commands.o
 .debug_macro   0x0001c57b      0xbda ./Core/Src/commands.o
 .debug_macro   0x0001d155      0x47e ./Core/Src/commands.o
 .debug_macro   0x0001d5d3      0x306 ./Core/Src/commands.o
 .debug_macro   0x0001d8d9       0x58 ./Core/Src/commands.o
 .debug_macro   0x0001d931       0x22 ./Core/Src/commands.o
 .debug_macro   0x0001d953       0x94 ./Core/Src/commands.o
 .debug_macro   0x0001d9e7       0x61 ./Core/Src/commands.o
 .debug_macro   0x0001da48       0x2a ./Core/Src/commands.o
 .debug_macro   0x0001da72       0x43 ./Core/Src/commands.o
 .debug_macro   0x0001dab5       0x34 ./Core/Src/commands.o
 .debug_macro   0x0001dae9      0x370 ./Core/Src/commands.o
 .debug_macro   0x0001de59       0x16 ./Core/Src/commands.o
 .debug_macro   0x0001de6f       0x4a ./Core/Src/commands.o
 .debug_macro   0x0001deb9       0x34 ./Core/Src/commands.o
 .debug_macro   0x0001deed       0x10 ./Core/Src/commands.o
 .debug_macro   0x0001defd       0x58 ./Core/Src/commands.o
 .debug_macro   0x0001df55       0x8e ./Core/Src/commands.o
 .debug_macro   0x0001dfe3       0x1c ./Core/Src/commands.o
 .debug_macro   0x0001dfff      0x185 ./Core/Src/commands.o
 .debug_macro   0x0001e184       0x10 ./Core/Src/commands.o
 .debug_macro   0x0001e194       0x3c ./Core/Src/commands.o
 .debug_macro   0x0001e1d0       0x20 ./Core/Src/commands.o
 .debug_macro   0x0001e1f0      0x224 ./Core/Src/config.o
 .debug_macro   0x0001e414      0x24a ./Core/Src/main.o
 .debug_macro   0x0001e65e      0x226 ./Core/Src/peripherals/adc.o
 .debug_macro   0x0001e884      0x226 ./Core/Src/peripherals/fdcan.o
 .debug_macro   0x0001eaaa      0x226 ./Core/Src/peripherals/gpio.o
 .debug_macro   0x0001ecd0      0x226 ./Core/Src/peripherals/tim.o
 .debug_macro   0x0001eef6      0x302 ./Core/Src/processes/currentSense.o
 .debug_macro   0x0001f1f8       0x16 ./Core/Src/processes/currentSense.o
 .debug_macro   0x0001f20e       0x10 ./Core/Src/processes/currentSense.o
 .debug_macro   0x0001f21e       0x16 ./Core/Src/processes/currentSense.o
 .debug_macro   0x0001f234       0x16 ./Core/Src/processes/currentSense.o
 .debug_macro   0x0001f24a      0x146 ./Core/Src/processes/currentSense.o
 .debug_macro   0x0001f390      0x302 ./Core/Src/processes/deviceControl.o
 .debug_macro   0x0001f692      0x302 ./Core/Src/processes/functions.o
 .debug_macro   0x0001f994      0x21c ./Core/Src/sys/stm32g4xx_hal_msp.o
 .debug_macro   0x0001fbb0      0x226 ./Core/Src/sys/stm32g4xx_it.o
 .debug_macro   0x0001fdd6      0x1e7 ./Core/Src/sys/system_stm32g4xx.o
 .debug_macro   0x0001ffbd      0x235 ./Drivers/STM32G4xx_HAL_Driver/Src/stm32g4xx_hal.o
 .debug_macro   0x000201f2      0x204 ./Drivers/STM32G4xx_HAL_Driver/Src/stm32g4xx_hal_adc.o
 .debug_macro   0x000203f6      0x1f3 ./Drivers/STM32G4xx_HAL_Driver/Src/stm32g4xx_hal_adc_ex.o
 .debug_macro   0x000205e9      0x1e7 ./Drivers/STM32G4xx_HAL_Driver/Src/stm32g4xx_hal_cortex.o
 .debug_macro   0x000207d0      0x2f9 ./Drivers/STM32G4xx_HAL_Driver/Src/stm32g4xx_hal_fdcan.o
 .debug_macro   0x00020ac9      0x1ee ./Drivers/STM32G4xx_HAL_Driver/Src/stm32g4xx_hal_gpio.o
 .debug_macro   0x00020cb7      0x211 ./Drivers/STM32G4xx_HAL_Driver/Src/stm32g4xx_hal_pwr_ex.o
 .debug_macro   0x00020ec8      0x229 ./Drivers/STM32G4xx_HAL_Driver/Src/stm32g4xx_hal_rcc.o
 .debug_macro   0x000210f1      0x211 ./Drivers/STM32G4xx_HAL_Driver/Src/stm32g4xx_hal_rcc_ex.o
 .debug_macro   0x00021302      0x1ef ./Drivers/STM32G4xx_HAL_Driver/Src/stm32g4xx_hal_tim.o
 .debug_macro   0x000214f1      0x1ed ./Drivers/STM32G4xx_HAL_Driver/Src/stm32g4xx_hal_tim_ex.o

.debug_line     0x00000000    0x182ed
 .debug_line    0x00000000      0x98d ./Core/Src/commands.o
 .debug_line    0x0000098d      0x94e ./Core/Src/config.o
 .debug_line    0x000012db      0x8ee ./Core/Src/main.o
 .debug_line    0x00001bc9      0x9df ./Core/Src/peripherals/adc.o
 .debug_line    0x000025a8      0x94e ./Core/Src/peripherals/fdcan.o
 .debug_line    0x00002ef6      0x833 ./Core/Src/peripherals/gpio.o
 .debug_line    0x00003729      0xc46 ./Core/Src/peripherals/tim.o
 .debug_line    0x0000436f      0xb51 ./Core/Src/processes/currentSense.o
 .debug_line    0x00004ec0      0x99c ./Core/Src/processes/deviceControl.o
 .debug_line    0x0000585c      0xaf2 ./Core/Src/processes/functions.o
 .debug_line    0x0000634e      0x7f8 ./Core/Src/sys/stm32g4xx_hal_msp.o
 .debug_line    0x00006b46      0x927 ./Core/Src/sys/stm32g4xx_it.o
 .debug_line    0x0000746d      0x80b ./Core/Src/sys/system_stm32g4xx.o
 .debug_line    0x00007c78       0x7b ./Core/Startup/startup_stm32g431kbtx.o
 .debug_line    0x00007cf3      0xbd3 ./Drivers/STM32G4xx_HAL_Driver/Src/stm32g4xx_hal.o
 .debug_line    0x000088c6     0x1fdd ./Drivers/STM32G4xx_HAL_Driver/Src/stm32g4xx_hal_adc.o
 .debug_line    0x0000a8a3     0x19f4 ./Drivers/STM32G4xx_HAL_Driver/Src/stm32g4xx_hal_adc_ex.o
 .debug_line    0x0000c297      0xd38 ./Drivers/STM32G4xx_HAL_Driver/Src/stm32g4xx_hal_cortex.o
 .debug_line    0x0000cfcf     0x1914 ./Drivers/STM32G4xx_HAL_Driver/Src/stm32g4xx_hal_fdcan.o
 .debug_line    0x0000e8e3      0xbac ./Drivers/STM32G4xx_HAL_Driver/Src/stm32g4xx_hal_gpio.o
 .debug_line    0x0000f48f      0xd32 ./Drivers/STM32G4xx_HAL_Driver/Src/stm32g4xx_hal_pwr_ex.o
 .debug_line    0x000101c1     0x1056 ./Drivers/STM32G4xx_HAL_Driver/Src/stm32g4xx_hal_rcc.o
 .debug_line    0x00011217     0x1182 ./Drivers/STM32G4xx_HAL_Driver/Src/stm32g4xx_hal_rcc_ex.o
 .debug_line    0x00012399     0x3f3a ./Drivers/STM32G4xx_HAL_Driver/Src/stm32g4xx_hal_tim.o
 .debug_line    0x000162d3     0x201a ./Drivers/STM32G4xx_HAL_Driver/Src/stm32g4xx_hal_tim_ex.o

.debug_str      0x00000000    0xda9fc
 .debug_str     0x00000000    0xda9fc ./Core/Src/commands.o
                              0xd3af0 (size before relaxing)
 .debug_str     0x000da9fc        0x0 ./Core/Src/config.o
                              0xd0485 (size before relaxing)
 .debug_str     0x000da9fc        0x0 ./Core/Src/main.o
                              0xd119e (size before relaxing)
 .debug_str     0x000da9fc        0x0 ./Core/Src/peripherals/adc.o
                              0xd0d07 (size before relaxing)
 .debug_str     0x000da9fc        0x0 ./Core/Src/peripherals/fdcan.o
                              0xd1090 (size before relaxing)
 .debug_str     0x000da9fc        0x0 ./Core/Src/peripherals/gpio.o
                              0xd04ab (size before relaxing)
 .debug_str     0x000da9fc        0x0 ./Core/Src/peripherals/tim.o
                              0xd12ce (size before relaxing)
 .debug_str     0x000da9fc        0x0 ./Core/Src/processes/currentSense.o
                              0xd41f5 (size before relaxing)
 .debug_str     0x000da9fc        0x0 ./Core/Src/processes/deviceControl.o
                              0xd3b74 (size before relaxing)
 .debug_str     0x000da9fc        0x0 ./Core/Src/processes/functions.o
                              0xd42da (size before relaxing)
 .debug_str     0x000da9fc        0x0 ./Core/Src/sys/stm32g4xx_hal_msp.o
                              0xd03f9 (size before relaxing)
 .debug_str     0x000da9fc        0x0 ./Core/Src/sys/stm32g4xx_it.o
                              0xd0d1b (size before relaxing)
 .debug_str     0x000da9fc        0x0 ./Core/Src/sys/system_stm32g4xx.o
                              0xd01a1 (size before relaxing)
 .debug_str     0x000da9fc        0x0 ./Core/Startup/startup_stm32g431kbtx.o
                                 0x77 (size before relaxing)
 .debug_str     0x000da9fc        0x0 ./Drivers/STM32G4xx_HAL_Driver/Src/stm32g4xx_hal.o
                              0xd0cdc (size before relaxing)
 .debug_str     0x000da9fc        0x0 ./Drivers/STM32G4xx_HAL_Driver/Src/stm32g4xx_hal_adc.o
                              0xd11ca (size before relaxing)
 .debug_str     0x000da9fc        0x0 ./Drivers/STM32G4xx_HAL_Driver/Src/stm32g4xx_hal_adc_ex.o
                              0xd1170 (size before relaxing)
 .debug_str     0x000da9fc        0x0 ./Drivers/STM32G4xx_HAL_Driver/Src/stm32g4xx_hal_cortex.o
                              0xd0998 (size before relaxing)
 .debug_str     0x000da9fc        0x0 ./Drivers/STM32G4xx_HAL_Driver/Src/stm32g4xx_hal_fdcan.o
                              0xd174c (size before relaxing)
 .debug_str     0x000da9fc        0x0 ./Drivers/STM32G4xx_HAL_Driver/Src/stm32g4xx_hal_gpio.o
                              0xd0328 (size before relaxing)
 .debug_str     0x000da9fc        0x0 ./Drivers/STM32G4xx_HAL_Driver/Src/stm32g4xx_hal_pwr_ex.o
                              0xd068b (size before relaxing)
 .debug_str     0x000da9fc        0x0 ./Drivers/STM32G4xx_HAL_Driver/Src/stm32g4xx_hal_rcc.o
                              0xd0896 (size before relaxing)
 .debug_str     0x000da9fc        0x0 ./Drivers/STM32G4xx_HAL_Driver/Src/stm32g4xx_hal_rcc_ex.o
                              0xd0897 (size before relaxing)
 .debug_str     0x000da9fc        0x0 ./Drivers/STM32G4xx_HAL_Driver/Src/stm32g4xx_hal_tim.o
                              0xd169b (size before relaxing)
 .debug_str     0x000da9fc        0x0 ./Drivers/STM32G4xx_HAL_Driver/Src/stm32g4xx_hal_tim_ex.o
                              0xd130f (size before relaxing)

.comment        0x00000000       0x43
 .comment       0x00000000       0x43 ./Core/Src/commands.o
                                 0x44 (size before relaxing)
 .comment       0x00000043        0x0 ./Core/Src/config.o
                                 0x44 (size before relaxing)
 .comment       0x00000043        0x0 ./Core/Src/main.o
                                 0x44 (size before relaxing)
 .comment       0x00000043        0x0 ./Core/Src/peripherals/adc.o
                                 0x44 (size before relaxing)
 .comment       0x00000043        0x0 ./Core/Src/peripherals/fdcan.o
                                 0x44 (size before relaxing)
 .comment       0x00000043        0x0 ./Core/Src/peripherals/gpio.o
                                 0x44 (size before relaxing)
 .comment       0x00000043        0x0 ./Core/Src/peripherals/tim.o
                                 0x44 (size before relaxing)
 .comment       0x00000043        0x0 ./Core/Src/processes/currentSense.o
                                 0x44 (size before relaxing)
 .comment       0x00000043        0x0 ./Core/Src/processes/deviceControl.o
                                 0x44 (size before relaxing)
 .comment       0x00000043        0x0 ./Core/Src/processes/functions.o
                                 0x44 (size before relaxing)
 .comment       0x00000043        0x0 ./Core/Src/sys/stm32g4xx_hal_msp.o
                                 0x44 (size before relaxing)
 .comment       0x00000043        0x0 ./Core/Src/sys/stm32g4xx_it.o
                                 0x44 (size before relaxing)
 .comment       0x00000043        0x0 ./Core/Src/sys/system_stm32g4xx.o
                                 0x44 (size before relaxing)
 .comment       0x00000043        0x0 ./Drivers/STM32G4xx_HAL_Driver/Src/stm32g4xx_hal.o
                                 0x44 (size before relaxing)
 .comment       0x00000043        0x0 ./Drivers/STM32G4xx_HAL_Driver/Src/stm32g4xx_hal_adc.o
                                 0x44 (size before relaxing)
 .comment       0x00000043        0x0 ./Drivers/STM32G4xx_HAL_Driver/Src/stm32g4xx_hal_adc_ex.o
                                 0x44 (size before relaxing)
 .comment       0x00000043        0x0 ./Drivers/STM32G4xx_HAL_Driver/Src/stm32g4xx_hal_cortex.o
                                 0x44 (size before relaxing)
 .comment       0x00000043        0x0 ./Drivers/STM32G4xx_HAL_Driver/Src/stm32g4xx_hal_fdcan.o
                                 0x44 (size before relaxing)
 .comment       0x00000043        0x0 ./Drivers/STM32G4xx_HAL_Driver/Src/stm32g4xx_hal_gpio.o
                                 0x44 (size before relaxing)
 .comment       0x00000043        0x0 ./Drivers/STM32G4xx_HAL_Driver/Src/stm32g4xx_hal_pwr_ex.o
                                 0x44 (size before relaxing)
 .comment       0x00000043        0x0 ./Drivers/STM32G4xx_HAL_Driver/Src/stm32g4xx_hal_rcc.o
                                 0x44 (size before relaxing)
 .comment       0x00000043        0x0 ./Drivers/STM32G4xx_HAL_Driver/Src/stm32g4xx_hal_rcc_ex.o
                                 0x44 (size before relaxing)
 .comment       0x00000043        0x0 ./Drivers/STM32G4xx_HAL_Driver/Src/stm32g4xx_hal_tim.o
                                 0x44 (size before relaxing)
 .comment       0x00000043        0x0 ./Drivers/STM32G4xx_HAL_Driver/Src/stm32g4xx_hal_tim_ex.o
                                 0x44 (size before relaxing)

.debug_frame    0x00000000     0x5774
 .debug_frame   0x00000000       0x34 ./Core/Src/commands.o
 .debug_frame   0x00000034       0xa4 ./Core/Src/config.o
 .debug_frame   0x000000d8       0x68 ./Core/Src/main.o
 .debug_frame   0x00000140       0xa0 ./Core/Src/peripherals/adc.o
 .debug_frame   0x000001e0       0xbc ./Core/Src/peripherals/fdcan.o
 .debug_frame   0x0000029c       0x34 ./Core/Src/peripherals/gpio.o
 .debug_frame   0x000002d0      0x170 ./Core/Src/peripherals/tim.o
 .debug_frame   0x00000440       0xa4 ./Core/Src/processes/currentSense.o
 .debug_frame   0x000004e4       0x5c ./Core/Src/processes/deviceControl.o
 .debug_frame   0x00000540      0x170 ./Core/Src/processes/functions.o
 .debug_frame   0x000006b0       0x34 ./Core/Src/sys/stm32g4xx_hal_msp.o
 .debug_frame   0x000006e4      0x190 ./Core/Src/sys/stm32g4xx_it.o
 .debug_frame   0x00000874       0x58 ./Core/Src/sys/system_stm32g4xx.o
 .debug_frame   0x000008cc      0x500 ./Drivers/STM32G4xx_HAL_Driver/Src/stm32g4xx_hal.o
 .debug_frame   0x00000dcc      0xacc ./Drivers/STM32G4xx_HAL_Driver/Src/stm32g4xx_hal_adc.o
 .debug_frame   0x00001898      0x81c ./Drivers/STM32G4xx_HAL_Driver/Src/stm32g4xx_hal_adc_ex.o
 .debug_frame   0x000020b4      0x4e8 ./Drivers/STM32G4xx_HAL_Driver/Src/stm32g4xx_hal_cortex.o
 .debug_frame   0x0000259c      0x9b0 ./Drivers/STM32G4xx_HAL_Driver/Src/stm32g4xx_hal_fdcan.o
 .debug_frame   0x00002f4c      0x14c ./Drivers/STM32G4xx_HAL_Driver/Src/stm32g4xx_hal_gpio.o
 .debug_frame   0x00003098      0x4fc ./Drivers/STM32G4xx_HAL_Driver/Src/stm32g4xx_hal_pwr_ex.o
 .debug_frame   0x00003594      0x23c ./Drivers/STM32G4xx_HAL_Driver/Src/stm32g4xx_hal_rcc.o
 .debug_frame   0x000037d0      0x2ac ./Drivers/STM32G4xx_HAL_Driver/Src/stm32g4xx_hal_rcc_ex.o
 .debug_frame   0x00003a7c     0x121c ./Drivers/STM32G4xx_HAL_Driver/Src/stm32g4xx_hal_tim.o
 .debug_frame   0x00004c98      0xa68 ./Drivers/STM32G4xx_HAL_Driver/Src/stm32g4xx_hal_tim_ex.o
 .debug_frame   0x00005700       0x20 C:/ST/STM32CubeIDE_1.15.1/STM32CubeIDE/plugins/com.st.stm32cube.ide.mcu.externaltools.gnu-tools-for-stm32.13.3.rel1.win32_1.0.100.202509120712/tools/bin/../lib/gcc/arm-none-eabi/13.3.1/../../../../arm-none-eabi/lib/thumb/v7e-m+fp/hard\libc_nano.a(libc_a-memset.o)
 .debug_frame   0x00005720       0x2c C:/ST/STM32CubeIDE_1.15.1/STM32CubeIDE/plugins/com.st.stm32cube.ide.mcu.externaltools.gnu-tools-for-stm32.13.3.rel1.win32_1.0.100.202509120712/tools/bin/../lib/gcc/arm-none-eabi/13.3.1/../../../../arm-none-eabi/lib/thumb/v7e-m+fp/hard\libc_nano.a(libc_a-init.o)
 .debug_frame   0x0000574c       0x28 C:/ST/STM32CubeIDE_1.15.1/STM32CubeIDE/plugins/com.st.stm32cube.ide.mcu.externaltools.gnu-tools-for-stm32.13.3.rel1.win32_1.0.100.202509120712/tools/bin/../lib/gcc/arm-none-eabi/13.3.1/../../../../arm-none-eabi/lib/thumb/v7e-m+fp/hard\libc_nano.a(libc_a-memcpy-stub.o)

.debug_line_str
                0x00000000       0x5b
 .debug_line_str
                0x00000000       0x5b ./Core/Startup/startup_stm32g431kbtx.o
