../Core/Src/functions.c:49:6:CanSend	24	static
../Core/Src/functions.c:60:6:CAN_switch_state	8	static
../Core/Src/functions.c:76:6:switch_on_off	0	static
../Core/Src/functions.c:81:6:switch_output	24	static
../Core/Src/functions.c:91:6:Over_current	0	static
../Core/Src/functions.c:98:6:Warning_current	0	static
../Core/Src/functions.c:105:6:Under_current	0	static
../Core/Src/functions.c:112:6:Send_current	0	static
../Core/Src/functions.c:161:6:check_warnings	16	static
../Core/Src/functions.c:142:6:Current_Sense_process	24	static
../Core/Src/functions.c:188:6:ConfigureCurrentSense	16	static
../Core/Src/functions.c:194:6:ReadADCValues	32	static
../Core/Src/functions.c:229:6:Current_Sense_read	16	static
../Core/Src/functions.c:268:9:check_bit	0	static
../Core/Src/functions.c:281:9:set_bit	0	static
../Core/Src/functions.c:123:6:decode	8	static
../Core/Src/functions.c:18:6:HAL_FDCAN_RxFifo0Callback	16	static
../Core/Src/functions.c:295:10:Current_Sense_Raw_to_mA	0	static
