../Core/Src/stm32g4xx_hal_msp.c:65:6:HAL_MspInit	8	static
../Core/Src/stm32g4xx_hal_msp.c:94:6:HAL_ADC_MspInit	112	static
../Core/Src/stm32g4xx_hal_msp.c:177:6:HAL_ADC_MspDeInit	0	static
../Core/Src/stm32g4xx_hal_msp.c:230:6:HAL_FDCAN_MspInit	104	static
../Core/Src/stm32g4xx_hal_msp.c:280:6:HAL_FDCAN_MspDeInit	8	static
../Core/Src/stm32g4xx_hal_msp.c:311:6:HAL_TIM_Base_MspInit	40	static
../Core/Src/stm32g4xx_hal_msp.c:405:6:HAL_TIM_MspPostInit	40	static
../Core/Src/stm32g4xx_hal_msp.c:457:6:HAL_TIM_Base_MspDeInit	0	static
