../Core/Src/functions.c:19:9:Can_Send	24	static
../Core/Src/functions.c:39:6:HAL_FDCAN_RxFifo0Callback	16	static
../Core/Src/functions.c:66:6:CanSend	16	static
../Core/Src/functions.c:77:6:CAN_switch_state	8	static
../Core/Src/functions.c:93:6:switch_on_off	16	static
../Core/Src/functions.c:98:6:switch_output	24	static
../Core/Src/functions.c:108:6:Over_current	16	static
../Core/Src/functions.c:115:6:Warning_current	16	static
../Core/Src/functions.c:122:6:Under_current	16	static
../Core/Src/functions.c:129:6:Send_current	24	static
../Core/Src/functions.c:140:6:decode	8	static
../Core/Src/functions.c:159:6:Current_Sense_process	16	static
../Core/Src/functions.c:178:6:check_warnings	16	static
../Core/Src/functions.c:205:6:ConfigureCurrentSense	16	static
../Core/Src/functions.c:211:6:ReadADCValues	24	static
../Core/Src/functions.c:246:6:Current_Sense_read	16	static
../Core/Src/functions.c:285:9:check_bit	24	static
../Core/Src/functions.c:298:9:set_bit	24	static
../Core/Src/functions.c:312:10:Current_Sense_Raw_to_mA	24	static
