../Core/Src/functions.c:22:6:HAL_FDCAN_RxFifo0Callback	16	static
../Core/Src/functions.c:46:6:CanSend	16	static
../Core/Src/functions.c:54:6:CAN_switch_state	8	static
../Core/Src/functions.c:66:6:switch_on_off	16	static
../Core/Src/functions.c:70:6:switch_output	24	static
../Core/Src/functions.c:78:6:Over_current	16	static
../Core/Src/functions.c:84:6:Warning_current	16	static
../Core/Src/functions.c:90:6:Under_current	16	static
../Core/Src/functions.c:96:6:Send_current	24	static
../Core/Src/functions.c:106:6:decode	8	static
../Core/Src/functions.c:127:6:Current_Sense_process	16	static
../Core/Src/functions.c:142:6:check_warnings	16	static
../Core/Src/functions.c:162:6:ConfigureCurrentSense	16	static
../Core/Src/functions.c:167:6:ReadADCValues	24	static
../Core/Src/functions.c:181:6:Current_Sense_read	16	static
../Core/Src/functions.c:213:9:check_bit	24	static
../Core/Src/functions.c:222:9:set_bit	24	static
../Core/Src/functions.c:232:10:Current_Sense_Raw_to_mA	24	static
