../Core/Src/functions.c:18:6:HAL_FDCAN_RxFifo0Callback	16	static
../Core/Src/functions.c:49:6:CanSend	16	static
../Core/Src/functions.c:61:6:CAN_switch_state	8	static
../Core/Src/functions.c:77:6:switch_on_off	16	static
../Core/Src/functions.c:82:6:switch_output	24	static
../Core/Src/functions.c:92:6:Over_current	16	static
../Core/Src/functions.c:99:6:Warning_current	16	static
../Core/Src/functions.c:106:6:Under_current	16	static
../Core/Src/functions.c:113:6:Send_current	24	static
../Core/Src/functions.c:124:6:decode	8	static
../Core/Src/functions.c:142:6:Current_Sense_process	16	static
../Core/Src/functions.c:161:6:check_warnings	16	static
../Core/Src/functions.c:188:6:ConfigureCurrentSense	16	static
../Core/Src/functions.c:194:6:ReadADCValues	24	static
../Core/Src/functions.c:229:6:Current_Sense_read	16	static
../Core/Src/functions.c:268:9:check_bit	24	static
../Core/Src/functions.c:281:9:set_bit	24	static
../Core/Src/functions.c:295:10:Current_Sense_Raw_to_mA	24	static
