../Core/Src/main.c:131:5:main	8	static,ignoring_inline_asm
../Core/Src/main.c:247:6:SystemClock_Config	88	static
../Core/Src/main.c:293:13:MX_ADC1_Init	56	static
../Core/Src/main.c:383:13:MX_ADC2_Init	40	static
../Core/Src/main.c:444:13:MX_FDCAN1_Init	8	static
../Core/Src/main.c:494:13:MX_TIM1_Init	120	static
../Core/Src/main.c:575:13:MX_TIM2_Init	64	static
../Core/Src/main.c:633:13:MX_TIM3_Init	40	static
../Core/Src/main.c:677:13:MX_TIM4_Init	64	static
../Core/Src/main.c:734:13:MX_TIM6_Init	24	static
../Core/Src/main.c:771:13:MX_TIM7_Init	24	static
../Core/Src/main.c:808:13:MX_TIM16_Init	8	static
../Core/Src/main.c:839:13:MX_GPIO_Init	40	static
../Core/Src/main.c:886:6:Error_Handler	4	static,ignoring_inline_asm
