../Core/Src/main.c:132:5:main	8	static,ignoring_inline_asm
../Core/Src/main.c:243:6:SystemClock_Config	88	static
../Core/Src/main.c:289:13:MX_ADC1_Init	56	static
../Core/Src/main.c:379:13:MX_ADC2_Init	40	static
../Core/Src/main.c:440:13:MX_FDCAN1_Init	8	static
../Core/Src/main.c:490:13:MX_TIM1_Init	120	static
../Core/Src/main.c:571:13:MX_TIM2_Init	64	static
../Core/Src/main.c:629:13:MX_TIM3_Init	40	static
../Core/Src/main.c:673:13:MX_TIM4_Init	64	static
../Core/Src/main.c:730:13:MX_TIM6_Init	24	static
../Core/Src/main.c:767:13:MX_TIM7_Init	24	static
../Core/Src/main.c:804:13:MX_TIM16_Init	8	static
../Core/Src/main.c:835:13:MX_GPIO_Init	40	static
../Core/Src/main.c:882:6:Error_Handler	4	static,ignoring_inline_asm
